2026-09-17 18:52:47.778 - aiperf.cli_runner._single_run - INFO - Starting AIPerf System
2026-09-17 18:52:47.786 - aiperf.config.resolution.resolvers - INFO - [OK] Tokenizer swiss-ai/Apertus-v1.5-8B detected
2026-09-17 18:52:47.786 - aiperf.config.resolution.resolvers - INFO - 1 tokenizer validated | 0.0s
2026-09-17 18:52:47.787 - aiperf.config.resolution.resolvers - INFO - HF cache hit (skipping prefetch): ['swiss-ai/Apertus-v1.5-8B']
2026-09-17 18:52:48.252 - server_metrics_manager - INFO - Server Metrics: Discovered 1 endpoints: ['http://localhost:8000/metrics']
2026-09-17 18:52:48.285 - GPUTelemetryJSONLWriter_626ba791 - INFO - GPU telemetry export enabled: /home/nvidia/apertus-benchmark/apertus-tokenomics/artifacts/bench/v15-70b-tp2-len8k/chat/c1/gpu_telemetry_export.jsonl
2026-09-17 18:52:48.292 - OTelMetricsResultsProcessor_b3398cff - INFO - Telemetry streaming is disabled (set --otel-url and/or --mlflow-tracking-uri to enable)
2026-09-17 18:52:48.293 - RecordExportJSONLWriter_0cdfad2f - INFO - Record metrics export enabled: /home/nvidia/apertus-benchmark/apertus-tokenomics/artifacts/bench/v15-70b-tp2-len8k/chat/c1/profile_export.jsonl
2026-09-17 18:52:48.334 - system_controller - INFO - Registered Worker Manager (id: 'worker_manager')
2026-09-17 18:52:48.354 - system_controller - INFO - Registered Gpu Telemetry Manager (id: 'gpu_telemetry_manager')
2026-09-17 18:52:48.377 - system_controller - INFO - Registered Dataset Manager (id: 'dataset_manager')
2026-09-17 18:52:48.379 - system_controller - INFO - Registered Server Metrics Manager (id: 'server_metrics_manager')
2026-09-17 18:52:48.421 - system_controller - INFO - Registered Records Manager (id: 'records_manager')
2026-09-17 18:52:48.478 - system_controller - INFO - Registered Record Processor (id: 'record_processor_619771c6')
2026-09-17 18:52:48.520 - system_controller - INFO - Registered Timing Manager (id: 'timing_manager')
2026-09-17 18:52:48.647 - system_controller - INFO - Registered Worker (id: 'worker_02967446')
2026-09-17 18:52:48.722 - system_controller - INFO - AIPerf System is CONFIGURING
2026-09-17 18:52:48.722 - system_controller - INFO - Configuring all services to start profiling
2026-09-17 18:52:48.724 - timing_manager - INFO - Waiting for dataset to be configured before configuring timing
2026-09-17 18:52:48.724 - InferenceResultParser_b92b789e - INFO - Configuring tokenizers for inference result parser (resolve_alias: True)
2026-09-17 18:52:48.726 - dataset_manager - INFO - Configuring tokenizer(s) for dataset manager
2026-09-17 18:52:48.755 - gpu_telemetry_manager - WARNING - GPU Telemetry: http://localhost:9400/metrics is not reachable
2026-09-17 18:52:48.756 - server_metrics_manager - INFO - Server Metrics: Capturing baseline metrics...
2026-09-17 18:52:48.757 - gpu_telemetry_manager - WARNING - GPU Telemetry: http://localhost:9401/metrics is not reachable
2026-09-17 18:52:48.759 - system_controller - INFO - DCGM telemetry skipped: no telemetry sources reachable
2026-09-17 18:52:48.759 - system_controller - INFO - Waiting for result domains: profile, server_metrics
2026-09-17 18:52:48.870 - http://localhost:8000/metrics - INFO - Skipping unsupported summary metric: http_request_size_bytes
2026-09-17 18:52:48.870 - http://localhost:8000/metrics - INFO - Skipping unsupported summary metric: http_response_size_bytes
2026-09-17 18:52:48.874 - system_controller - INFO - Server metrics enabled - 1/1 endpoint(s) reachable.
2026-09-17 18:52:50.078 - httpx - INFO - HTTP Request: HEAD https://huggingface.co/swiss-ai/Apertus-v1.5-8B/resolve/main/config.json "HTTP/1.1 200 OK"
2026-09-17 18:52:50.152 - httpx - INFO - HTTP Request: HEAD https://huggingface.co/swiss-ai/Apertus-v1.5-8B/resolve/main/config.json "HTTP/1.1 200 OK"
2026-09-17 18:52:50.166 - httpx - INFO - HTTP Request: HEAD https://huggingface.co/swiss-ai/Apertus-v1.5-8B/resolve/main/config.json "HTTP/1.1 200 OK"
2026-09-17 18:52:50.235 - httpx - INFO - HTTP Request: HEAD https://huggingface.co/swiss-ai/Apertus-v1.5-8B/resolve/main/config.json "HTTP/1.1 200 OK"
2026-09-17 18:52:50.258 - httpx - INFO - HTTP Request: HEAD https://huggingface.co/swiss-ai/Apertus-v1.5-8B/resolve/main/tokenizer_config.json "HTTP/1.1 200 OK"
2026-09-17 18:52:50.324 - httpx - INFO - HTTP Request: HEAD https://huggingface.co/swiss-ai/Apertus-v1.5-8B/resolve/main/tokenizer_config.json "HTTP/1.1 200 OK"
2026-09-17 18:52:50.350 - httpx - INFO - HTTP Request: GET https://huggingface.co/api/models/swiss-ai/Apertus-v1.5-8B/tree/main/additional_chat_templates?recursive=false&expand=false "HTTP/1.1 404 Not Found"
2026-09-17 18:52:50.411 - httpx - INFO - HTTP Request: GET https://huggingface.co/api/models/swiss-ai/Apertus-v1.5-8B/tree/main/additional_chat_templates?recursive=false&expand=false "HTTP/1.1 404 Not Found"
2026-09-17 18:52:50.444 - httpx - INFO - HTTP Request: GET https://huggingface.co/api/models/swiss-ai/Apertus-v1.5-8B/tree/main?recursive=true&expand=false "HTTP/1.1 200 OK"
2026-09-17 18:52:50.505 - httpx - INFO - HTTP Request: GET https://huggingface.co/api/models/swiss-ai/Apertus-v1.5-8B/tree/main?recursive=true&expand=false "HTTP/1.1 200 OK"
2026-09-17 18:52:54.431 - httpx - INFO - HTTP Request: GET https://huggingface.co/api/models/swiss-ai/Apertus-v1.5-8B "HTTP/1.1 200 OK"
2026-09-17 18:52:54.515 - dataset_manager - INFO - Tokenizer(s) configured in 5.79 seconds
2026-09-17 18:52:54.515 - dataset_manager - INFO - Configuring dataset for dataset_manager
2026-09-17 18:52:55.002 - MemoryMapDatasetBackingStore_0b53c558 - INFO - Memory-mapped backing store initialized (streaming to /tmp/aiperf_mmap_dff5303aabe0/dataset.dat)
2026-09-17 18:52:55.023 - MemoryMapDatasetBackingStore_0b53c558 - INFO - Data file finalized: 100 conversations, 0.29 MB
2026-09-17 18:52:55.024 - MemoryMapDatasetBackingStore_0b53c558 - INFO - Index file created: /tmp/aiperf_mmap_dff5303aabe0/index.dat
2026-09-17 18:52:55.024 - dataset_manager - INFO - Backing store finalized: client_type=DatasetClientStoreType.MEMORY_MAP format=MemoryMapFormat.CONVERSATION data_file_path=PosixPath('/tmp/aiperf_mmap_dff5303aabe0/dataset.dat') index_file_path=PosixPath('/tmp/aiperf_mmap_dff5303aabe0/index.dat') conversation_count=100 total_size_bytes=300456 compressed=False compressed_data_file_path=None compressed_index_file_path=None compressed_size_bytes=0
2026-09-17 18:52:55.026 - dataset_manager - INFO - sampling strategy: sequential, unique conversations: 100, unique turn count: 100
2026-09-17 18:52:55.028 - dataset_manager - INFO - Generating inputs.json file at /home/nvidia/apertus-benchmark/apertus-tokenomics/artifacts/bench/v15-70b-tp2-len8k/chat/c1/inputs.json
2026-09-17 18:52:55.033 - dataset_manager - INFO - inputs.json file generated in 0.01 seconds
2026-09-17 18:52:55.046 - PhaseOrchestrator_d364c1fb - INFO - Initialized 2 phase(s): ['Warmup', 'Profiling']
2026-09-17 18:52:55.153 - dataset_manager - INFO - Dataset client initialized and freed 100 conversations from memory
2026-09-17 18:52:55.153 - dataset_manager - INFO - Dataset configured in 0.64 seconds
2026-09-17 18:52:56.285 - httpx - INFO - HTTP Request: GET https://huggingface.co/api/models/swiss-ai/Apertus-v1.5-8B "HTTP/1.1 200 OK"
2026-09-17 18:52:56.373 - InferenceResultParser_b92b789e - INFO - Initialized tokenizers: {'apertus': {'class': 'TokenizersBackend', 'name_or_path': 'swiss-ai/Apertus-v1.5-8B'}} in 7.65 seconds
2026-09-17 18:52:56.375 - system_controller - INFO - All services configured in 7.65 seconds
2026-09-17 18:52:56.376 - system_controller - INFO - AIPerf System is CONFIGURED
2026-09-17 18:52:56.378 - server_metrics_manager - INFO - Server Metrics: Started 1 collector(s) successfully
2026-09-17 18:52:56.379 - system_controller - INFO - All services started profiling successfully
2026-09-17 18:52:56.379 - system_controller - INFO - AIPerf System is PROFILING
2026-09-17 18:52:56.383 - RateTiming - INFO - Creating interval generator: pattern=concurrency_burst, rate=None, smoothness=None
2026-09-17 18:52:56.384 - PhaseRunner - NOTICE - Phase warmup (warmup) started | phase_index=0 | target: 20 requests
2026-09-17 18:52:56.386 - records_manager - INFO - Credit phase start: warmup
2026-09-17 18:53:28.384 - PhaseRunner - INFO - Phase warmup progress | returned=4/20 | sent=5 | in_flight=1 | errors=0 | elapsed=32.0s
2026-09-17 18:54:00.384 - PhaseRunner - INFO - Phase warmup progress | returned=9/20 | sent=10 | in_flight=1 | errors=0 | elapsed=64.0s
2026-09-17 18:54:32.384 - PhaseRunner - INFO - Phase warmup progress | returned=14/20 | sent=15 | in_flight=1 | errors=0 | elapsed=96.0s
2026-09-17 18:55:03.925 - PhaseRunner - NOTICE - Phase warmup (warmup) sending complete | sent=20, completed=19, in_flight=1 | sessions: sent=20, completed=19
2026-09-17 18:55:04.384 - PhaseRunner - INFO - Phase warmup progress | returned=19/20 | sent=20 | in_flight=1 | errors=0 | elapsed=128.0s
2026-09-17 18:55:10.664 - PhaseRunner - NOTICE - Phase warmup (warmup) complete | completed=20, cancelled=0, errors=0 | sessions: completed=20, cancelled=0 | elapsed=134.28s
2026-09-17 18:55:10.666 - server_metrics_manager - INFO - Server Metrics: Warmup complete, capturing final warmup metrics...
2026-09-17 18:55:10.666 - RateTiming - INFO - Creating interval generator: pattern=concurrency_burst, rate=None, smoothness=None
2026-09-17 18:55:10.667 - PhaseRunner - NOTICE - Phase profiling (profiling) started | phase_index=1 | profiling_index=0 | target: 100 requests
2026-09-17 18:55:10.669 - records_manager - INFO - Credit phase start: profiling
2026-09-17 19:06:17.967 - PhaseRunner - NOTICE - Phase profiling (profiling) sending complete | sent=100, completed=99, in_flight=1 | sessions: sent=100, completed=99
2026-09-17 19:06:17.969 - records_manager - INFO - Sent 100 requests. Waiting for all to complete...
2026-09-17 19:06:24.710 - PhaseRunner - NOTICE - Phase profiling (profiling) complete | completed=100, cancelled=0, errors=0 | sessions: completed=100, cancelled=0 | elapsed=674.04s
2026-09-17 19:06:24.711 - PhaseOrchestrator_d364c1fb - NOTICE - All credits completed
2026-09-17 19:06:24.713 - records_manager - INFO - Received CREDIT_PHASE_COMPLETE message, Phase complete: PhaseRecordsStats(phase=CreditPhase.PROFILING, phase_index=1, profiling_index=0, phase_name='profiling', phase_kind='profiling', start_ns=1789671310667068915, sent_end_ns=1789671977967677295, requests_end_ns=1789671984710287022, baseline_start_ns=1789671310667037452, baseline_end_ns=1789671984710310393, total_expected_requests=100, expected_duration_sec=None, expected_num_sessions=None, expected_grace_period_sec=None, final_requests_sent=None, final_requests_completed=100, final_requests_cancelled=0, final_request_errors=0, final_sent_sessions=None, final_completed_sessions=None, final_cancelled_sessions=None, timeout_triggered=False, grace_period_timeout_triggered=False, was_cancelled=False, records_end_ns=None, success_records=99, error_records=0)
2026-09-17 19:06:24.713 - system_controller - INFO - Received credits complete from 'timing_manager'
2026-09-17 19:06:24.713 - records_manager - NOTICE - All requests have completed, please wait for the results to be processed (currently 99 of 100 records processed)...
2026-09-17 19:06:24.713 - records_manager - INFO - All credits complete, please wait for the results to be processed...
2026-09-17 19:06:24.734 - records_manager - INFO - Processed 100 valid requests and 0 errors (100 total).
2026-09-17 19:06:24.734 - records_manager - INFO - Received all records, processing now...
2026-09-17 19:06:24.739 - records_manager - INFO - Waiting 2.0s for server metrics flush period...
2026-09-17 19:06:24.768 - server_metrics_manager - INFO - Server Metrics: Profiling complete, capturing final metrics...
2026-09-17 19:06:26.709 - records_manager - INFO - Processing records results...
2026-09-17 19:06:29.013 - system_controller - INFO - Waiting for result domains: server_metrics
2026-09-17 19:06:30.086 - aiperf.server_metrics.export_stats - WARNING - Detected 1 counter reset(s) in counter metric. This typically indicates server restart(s) during profiling. Statistics may be inaccurate. Raw delta: 13.12
2026-09-17 19:06:30.290 - records_manager - INFO - _finalize_and_process_results completed
2026-09-17 19:06:30.299 - system_controller - INFO - All results received, initiating shutdown
2026-09-17 19:06:30.907 - ExporterManager - INFO - Exporting all records
2026-09-17 19:06:31.072 - ExporterManager - INFO - Exporting console data
