2026-09-17 17:27:30.223 - aiperf.cli_runner._single_run - INFO - Starting AIPerf System
2026-09-17 17:27:30.230 - aiperf.config.resolution.resolvers - INFO - [OK] Tokenizer /home/nvidia/hf_cache/hub/models--swiss-ai--Apertus-v1.5-8B/snapshots/a411d838600baf0e3635a3daf66fb7c55fc97bb6/ detected
2026-09-17 17:27:30.230 - aiperf.config.resolution.resolvers - INFO - 1 tokenizer validated | 0.0s
2026-09-17 17:27:30.232 - aiperf.config.resolution.resolvers - INFO - Prefetching 1 tokenizer into HF cache...
2026-09-17 17:27:34.883 - aiperf.config.resolution.resolvers - INFO -   Cached /home/nvidia/hf_cache/hub/models--swiss-ai--Apertus-v1.5-8B/snapshots/a411d838600baf0e3635a3daf66fb7c55fc97bb6/ (4.64s)
2026-09-17 17:27:34.902 - aiperf.config.resolution.resolvers - INFO - 1 tokenizer cached • 4.7s
2026-09-17 17:27:35.088 - aiperf - WARNING - Using --osl without ignore_eos or min_tokens in --extra-inputs. Output sequence length cannot be guaranteed unless the server honors these parameters. Consider: --extra-inputs ignore_eos:true (generate until max_tokens) or --extra-inputs min_tokens:<value> (set minimum output length).
2026-09-17 17:27:35.225 - server_metrics_manager - INFO - Server Metrics: Discovered 1 endpoints: ['http://localhost:8000/metrics']
2026-09-17 17:27:35.259 - GPUTelemetryJSONLWriter_98b404ea - INFO - GPU telemetry export enabled: /home/nvidia/apertus-benchmark/apertus-tokenomics/artifacts/bench/v15-8b-tp1-len8k/think/c4/gpu_telemetry_export.jsonl
2026-09-17 17:27:35.267 - OTelMetricsResultsProcessor_09fe3dc2 - INFO - Telemetry streaming is disabled (set --otel-url and/or --mlflow-tracking-uri to enable)
2026-09-17 17:27:35.267 - RecordExportJSONLWriter_7933847d - INFO - Record metrics export enabled: /home/nvidia/apertus-benchmark/apertus-tokenomics/artifacts/bench/v15-8b-tp1-len8k/think/c4/profile_export.jsonl
2026-09-17 17:27:35.318 - system_controller - INFO - Registered Worker Manager (id: 'worker_manager')
2026-09-17 17:27:35.335 - system_controller - INFO - Registered Gpu Telemetry Manager (id: 'gpu_telemetry_manager')
2026-09-17 17:27:35.350 - system_controller - INFO - Registered Server Metrics Manager (id: 'server_metrics_manager')
2026-09-17 17:27:35.356 - system_controller - INFO - Registered Dataset Manager (id: 'dataset_manager')
2026-09-17 17:27:35.382 - system_controller - INFO - Registered Records Manager (id: 'records_manager')
2026-09-17 17:27:35.446 - system_controller - INFO - Registered Timing Manager (id: 'timing_manager')
2026-09-17 17:27:35.460 - system_controller - INFO - Registered Record Processor (id: 'record_processor_71dc29b2')
2026-09-17 17:27:35.583 - system_controller - INFO - Registered Worker (id: 'worker_9415030b')
2026-09-17 17:27:35.593 - system_controller - INFO - Registered Worker (id: 'worker_51c98d41')
2026-09-17 17:27:35.594 - system_controller - INFO - Registered Worker (id: 'worker_12dec23b')
2026-09-17 17:27:35.608 - system_controller - INFO - Registered Worker (id: 'worker_96decfd4')
2026-09-17 17:27:35.703 - system_controller - INFO - AIPerf System is CONFIGURING
2026-09-17 17:27:35.704 - system_controller - INFO - Configuring all services to start profiling
2026-09-17 17:27:35.706 - timing_manager - INFO - Waiting for dataset to be configured before configuring timing
2026-09-17 17:27:35.706 - InferenceResultParser_8b161f89 - INFO - Configuring tokenizers for inference result parser (resolve_alias: True)
2026-09-17 17:27:35.707 - dataset_manager - INFO - Configuring tokenizer(s) for dataset manager
2026-09-17 17:27:35.732 - gpu_telemetry_manager - WARNING - GPU Telemetry: http://localhost:9400/metrics is not reachable
2026-09-17 17:27:35.734 - gpu_telemetry_manager - WARNING - GPU Telemetry: http://localhost:9401/metrics is not reachable
2026-09-17 17:27:35.734 - server_metrics_manager - INFO - Server Metrics: Capturing baseline metrics...
2026-09-17 17:27:35.736 - system_controller - INFO - DCGM telemetry skipped: no telemetry sources reachable
2026-09-17 17:27:35.736 - system_controller - INFO - Waiting for result domains: profile, server_metrics
2026-09-17 17:27:35.788 - http://localhost:8000/metrics - INFO - Skipping unsupported summary metric: http_request_size_bytes
2026-09-17 17:27:35.788 - http://localhost:8000/metrics - INFO - Skipping unsupported summary metric: http_response_size_bytes
2026-09-17 17:27:35.792 - system_controller - INFO - Server metrics enabled - 1/1 endpoint(s) reachable.
2026-09-17 17:27:40.654 - dataset_manager - INFO - Tokenizer(s) configured in 4.95 seconds
2026-09-17 17:27:40.654 - dataset_manager - INFO - Configuring dataset for dataset_manager
2026-09-17 17:27:41.178 - MemoryMapDatasetBackingStore_77cefd1a - INFO - Memory-mapped backing store initialized (streaming to /tmp/aiperf_mmap_8ed5b9dd671a/dataset.dat)
2026-09-17 17:27:41.231 - MemoryMapDatasetBackingStore_77cefd1a - INFO - Data file finalized: 100 conversations, 0.29 MB
2026-09-17 17:27:41.234 - MemoryMapDatasetBackingStore_77cefd1a - INFO - Index file created: /tmp/aiperf_mmap_8ed5b9dd671a/index.dat
2026-09-17 17:27:41.234 - dataset_manager - INFO - Backing store finalized: client_type=DatasetClientStoreType.MEMORY_MAP format=MemoryMapFormat.CONVERSATION data_file_path=PosixPath('/tmp/aiperf_mmap_8ed5b9dd671a/dataset.dat') index_file_path=PosixPath('/tmp/aiperf_mmap_8ed5b9dd671a/index.dat') conversation_count=100 total_size_bytes=299619 compressed=False compressed_data_file_path=None compressed_index_file_path=None compressed_size_bytes=0
2026-09-17 17:27:41.239 - dataset_manager - INFO - sampling strategy: sequential, unique conversations: 100, unique turn count: 100
2026-09-17 17:27:41.241 - dataset_manager - INFO - Generating inputs.json file at /home/nvidia/apertus-benchmark/apertus-tokenomics/artifacts/bench/v15-8b-tp1-len8k/think/c4/inputs.json
2026-09-17 17:27:41.252 - dataset_manager - INFO - inputs.json file generated in 0.01 seconds
2026-09-17 17:27:41.259 - PhaseOrchestrator_ffbe2c9d - INFO - Initialized 2 phase(s): ['Warmup', 'Profiling']
2026-09-17 17:27:41.459 - dataset_manager - INFO - Dataset client initialized and freed 100 conversations from memory
2026-09-17 17:27:41.460 - dataset_manager - INFO - Dataset configured in 0.81 seconds
2026-09-17 17:27:42.866 - InferenceResultParser_8b161f89 - INFO - Initialized tokenizers: {'apertus': {'class': 'TokenizersBackend', 'name_or_path': '/home/nvidia/hf_cache/hub/models--swiss-ai--Apertus-v1.5-8B/snapshots/a411d838600baf0e3635a3daf66fb7c55fc97bb6/'}} in 7.16 seconds
2026-09-17 17:27:42.869 - system_controller - INFO - All services configured in 7.16 seconds
2026-09-17 17:27:42.869 - system_controller - INFO - AIPerf System is CONFIGURED
2026-09-17 17:27:42.871 - server_metrics_manager - INFO - Server Metrics: Started 1 collector(s) successfully
2026-09-17 17:27:42.874 - system_controller - INFO - All services started profiling successfully
2026-09-17 17:27:42.874 - system_controller - INFO - AIPerf System is PROFILING
2026-09-17 17:27:42.876 - RateTiming - INFO - Creating interval generator: pattern=concurrency_burst, rate=None, smoothness=None
2026-09-17 17:27:42.877 - PhaseRunner - NOTICE - Phase warmup (warmup) started | phase_index=0 | target: 20 requests
2026-09-17 17:27:42.880 - records_manager - INFO - Credit phase start: warmup
2026-09-17 17:27:43.531 - aiperf.metrics.types.osl_mismatch_metrics - WARNING - OSL mismatch: got 82 tokens (requested 2048, diff -96.0%)
2026-09-17 17:27:44.274 - aiperf.metrics.types.osl_mismatch_metrics - WARNING - OSL mismatch: got 200 tokens (requested 2048, diff -90.2%)
2026-09-17 17:27:44.397 - aiperf.metrics.types.osl_mismatch_metrics - WARNING - OSL mismatch: got 217 tokens (requested 2048, diff -89.4%)
2026-09-17 17:27:44.408 - aiperf.metrics.types.osl_mismatch_metrics - WARNING - OSL mismatch: got 132 tokens (requested 2048, diff -93.6%)
2026-09-17 17:27:45.775 - aiperf.metrics.types.osl_mismatch_metrics - WARNING - OSL mismatch: got 211 tokens (requested 2048, diff -89.7%)
2026-09-17 17:27:45.929 - aiperf.metrics.types.osl_mismatch_metrics - WARNING - OSL mismatch: got 231 tokens (requested 2048, diff -88.7%)
2026-09-17 17:27:45.985 - aiperf.metrics.types.osl_mismatch_metrics - WARNING - OSL mismatch: got 254 tokens (requested 2048, diff -87.6%)
2026-09-17 17:27:46.169 - aiperf.metrics.types.osl_mismatch_metrics - WARNING - OSL mismatch: got 49 tokens (requested 2048, diff -97.6%)
2026-09-17 17:27:47.881 - aiperf.metrics.types.osl_mismatch_metrics - WARNING - OSL mismatch: got 761 tokens (requested 2048, diff -62.8%)
2026-09-17 17:27:48.578 - aiperf.metrics.types.osl_mismatch_metrics - WARNING - OSL mismatch: got 376 tokens (requested 2048, diff -81.6%)
2026-09-17 17:27:48.934 - aiperf.metrics.types.osl_mismatch_metrics - WARNING - OSL mismatch: got 459 tokens (requested 2048, diff -77.6%)
2026-09-17 17:27:49.055 - aiperf.metrics.types.osl_mismatch_metrics - WARNING - OSL mismatch: got 66 tokens (requested 2048, diff -96.8%)
2026-09-17 17:27:49.672 - aiperf.metrics.types.osl_mismatch_metrics - WARNING - OSL mismatch: got 108 tokens (requested 2048, diff -94.7%)
2026-09-17 17:27:49.967 - aiperf.metrics.types.osl_mismatch_metrics - WARNING - OSL mismatch: got 317 tokens (requested 2048, diff -84.5%)
2026-09-17 17:27:50.148 - aiperf.metrics.types.osl_mismatch_metrics - WARNING - OSL mismatch: got 162 tokens (requested 2048, diff -92.1%)
2026-09-17 17:27:50.750 - PhaseRunner - NOTICE - Phase warmup (warmup) sending complete | sent=20, completed=16, in_flight=4 | sessions: sent=20, completed=16
2026-09-17 17:27:50.781 - aiperf.metrics.types.osl_mismatch_metrics - WARNING - OSL mismatch: got 746 tokens (requested 2048, diff -63.6%)
2026-09-17 17:27:50.884 - aiperf.metrics.types.osl_mismatch_metrics - WARNING - OSL mismatch: got 178 tokens (requested 2048, diff -91.3%)
2026-09-17 17:27:52.071 - aiperf.metrics.types.osl_mismatch_metrics - WARNING - OSL mismatch: got 326 tokens (requested 2048, diff -84.1%)
2026-09-17 17:27:52.566 - aiperf.metrics.types.osl_mismatch_metrics - WARNING - OSL mismatch: got 284 tokens (requested 2048, diff -86.1%)
2026-09-17 17:27:53.499 - PhaseRunner - NOTICE - Phase warmup (warmup) complete | completed=20, cancelled=0, errors=0 | sessions: completed=20, cancelled=0 | elapsed=10.62s
2026-09-17 17:27:53.501 - server_metrics_manager - INFO - Server Metrics: Warmup complete, capturing final warmup metrics...
2026-09-17 17:27:53.501 - RateTiming - INFO - Creating interval generator: pattern=concurrency_burst, rate=None, smoothness=None
2026-09-17 17:27:53.502 - PhaseRunner - NOTICE - Phase profiling (profiling) started | phase_index=1 | profiling_index=0 | target: 100 requests
2026-09-17 17:27:53.504 - records_manager - INFO - Credit phase start: profiling
2026-09-17 17:27:53.524 - aiperf.metrics.types.osl_mismatch_metrics - WARNING - OSL mismatch: got 538 tokens (requested 2048, diff -73.7%)
2026-09-17 17:27:54.031 - aiperf.metrics.types.osl_mismatch_metrics - WARNING - OSL mismatch: got 58 tokens (requested 2048, diff -97.2%)
2026-09-17 17:27:54.845 - aiperf.metrics.types.osl_mismatch_metrics - WARNING - OSL mismatch: got 123 tokens (requested 2048, diff -94.0%)
2026-09-17 17:27:55.191 - aiperf.metrics.types.osl_mismatch_metrics - WARNING - OSL mismatch: got 239 tokens (requested 2048, diff -88.3%)
2026-09-17 17:27:55.360 - aiperf.metrics.types.osl_mismatch_metrics - WARNING - OSL mismatch: got 264 tokens (requested 2048, diff -87.1%)
2026-09-17 17:27:55.997 - aiperf.metrics.types.osl_mismatch_metrics - WARNING - OSL mismatch: got 171 tokens (requested 2048, diff -91.7%)
2026-09-17 17:27:56.007 - aiperf.metrics.types.osl_mismatch_metrics - WARNING - OSL mismatch: got 120 tokens (requested 2048, diff -94.1%)
2026-09-17 17:27:56.658 - aiperf.metrics.types.osl_mismatch_metrics - WARNING - OSL mismatch: got 195 tokens (requested 2048, diff -90.5%)
2026-09-17 17:27:56.676 - aiperf.metrics.types.osl_mismatch_metrics - WARNING - OSL mismatch: got 465 tokens (requested 2048, diff -77.3%)
2026-09-17 17:27:56.957 - aiperf.metrics.types.osl_mismatch_metrics - WARNING - OSL mismatch: got 37 tokens (requested 2048, diff -98.2%)
2026-09-17 17:27:57.765 - aiperf.metrics.types.osl_mismatch_metrics - WARNING - OSL mismatch: got 262 tokens (requested 2048, diff -87.2%)
2026-09-17 17:27:57.838 - aiperf.metrics.types.osl_mismatch_metrics - WARNING - OSL mismatch: got 172 tokens (requested 2048, diff -91.6%)
2026-09-17 17:27:58.217 - aiperf.metrics.types.osl_mismatch_metrics - WARNING - OSL mismatch: got 189 tokens (requested 2048, diff -90.8%)
2026-09-17 17:27:58.398 - aiperf.metrics.types.osl_mismatch_metrics - WARNING - OSL mismatch: got 79 tokens (requested 2048, diff -96.1%)
2026-09-17 17:27:58.668 - aiperf.metrics.types.osl_mismatch_metrics - WARNING - OSL mismatch: got 128 tokens (requested 2048, diff -93.8%)
2026-09-17 17:27:59.438 - aiperf.metrics.types.osl_mismatch_metrics - WARNING - OSL mismatch: got 182 tokens (requested 2048, diff -91.1%)
2026-09-17 17:27:59.708 - aiperf.metrics.types.osl_mismatch_metrics - WARNING - OSL mismatch: got 554 tokens (requested 2048, diff -72.9%)
2026-09-17 17:28:01.460 - aiperf.metrics.types.osl_mismatch_metrics - WARNING - OSL mismatch: got 475 tokens (requested 2048, diff -76.8%)
2026-09-17 17:28:01.712 - aiperf.metrics.types.osl_mismatch_metrics - WARNING - OSL mismatch: got 312 tokens (requested 2048, diff -84.8%)
2026-09-17 17:28:02.731 - aiperf.metrics.types.osl_mismatch_metrics - WARNING - OSL mismatch: got 510 tokens (requested 2048, diff -75.1%)
2026-09-17 17:28:02.902 - aiperf.metrics.types.osl_mismatch_metrics - WARNING - OSL mismatch: got 656 tokens (requested 2048, diff -68.0%)
2026-09-17 17:28:04.074 - aiperf.metrics.types.osl_mismatch_metrics - WARNING - OSL mismatch: got 206 tokens (requested 2048, diff -89.9%)
2026-09-17 17:28:04.272 - aiperf.metrics.types.osl_mismatch_metrics - WARNING - OSL mismatch: got 24 tokens (requested 2048, diff -98.8%)
2026-09-17 17:28:04.389 - aiperf.metrics.types.osl_mismatch_metrics - WARNING - OSL mismatch: got 227 tokens (requested 2048, diff -88.9%)
2026-09-17 17:28:04.553 - aiperf.metrics.types.osl_mismatch_metrics - WARNING - OSL mismatch: got 433 tokens (requested 2048, diff -78.9%)
2026-09-17 17:28:04.821 - aiperf.metrics.types.osl_mismatch_metrics - WARNING - OSL mismatch: got 59 tokens (requested 2048, diff -97.1%)
2026-09-17 17:28:06.171 - aiperf.metrics.types.osl_mismatch_metrics - WARNING - OSL mismatch: got 250 tokens (requested 2048, diff -87.8%)
2026-09-17 17:28:06.462 - aiperf.metrics.types.osl_mismatch_metrics - WARNING - OSL mismatch: got 252 tokens (requested 2048, diff -87.7%)
2026-09-17 17:28:06.478 - aiperf.metrics.types.osl_mismatch_metrics - WARNING - OSL mismatch: got 333 tokens (requested 2048, diff -83.7%)
2026-09-17 17:28:06.927 - aiperf.metrics.types.osl_mismatch_metrics - WARNING - OSL mismatch: got 834 tokens (requested 2048, diff -59.3%)
2026-09-17 17:28:07.715 - aiperf.metrics.types.osl_mismatch_metrics - WARNING - OSL mismatch: got 230 tokens (requested 2048, diff -88.8%)
2026-09-17 17:28:08.079 - aiperf.metrics.types.osl_mismatch_metrics - WARNING - OSL mismatch: got 174 tokens (requested 2048, diff -91.5%)
2026-09-17 17:28:08.332 - aiperf.metrics.types.osl_mismatch_metrics - WARNING - OSL mismatch: got 279 tokens (requested 2048, diff -86.4%)
2026-09-17 17:28:08.334 - aiperf.metrics.types.osl_mismatch_metrics - WARNING - OSL mismatch: got 89 tokens (requested 2048, diff -95.7%)
2026-09-17 17:28:08.409 - aiperf.metrics.types.osl_mismatch_metrics - WARNING - OSL mismatch: got 2 tokens (requested 2048, diff -99.9%)
2026-09-17 17:28:08.483 - aiperf.metrics.types.osl_mismatch_metrics - WARNING - OSL mismatch: got 4 tokens (requested 2048, diff -99.8%)
2026-09-17 17:28:08.802 - aiperf.metrics.types.osl_mismatch_metrics - WARNING - OSL mismatch: got 97 tokens (requested 2048, diff -95.3%)
2026-09-17 17:28:09.057 - aiperf.metrics.types.osl_mismatch_metrics - WARNING - OSL mismatch: got 96 tokens (requested 2048, diff -95.3%)
2026-09-17 17:28:09.727 - aiperf.metrics.types.osl_mismatch_metrics - WARNING - OSL mismatch: got 100 tokens (requested 2048, diff -95.1%)
2026-09-17 17:28:10.194 - aiperf.metrics.types.osl_mismatch_metrics - WARNING - OSL mismatch: got 558 tokens (requested 2048, diff -72.8%)
2026-09-17 17:28:10.719 - aiperf.metrics.types.osl_mismatch_metrics - WARNING - OSL mismatch: got 338 tokens (requested 2048, diff -83.5%)
2026-09-17 17:28:11.470 - aiperf.metrics.types.osl_mismatch_metrics - WARNING - OSL mismatch: got 266 tokens (requested 2048, diff -87.0%)
2026-09-17 17:28:11.718 - aiperf.metrics.types.osl_mismatch_metrics - WARNING - OSL mismatch: got 232 tokens (requested 2048, diff -88.7%)
2026-09-17 17:28:11.967 - aiperf.metrics.types.osl_mismatch_metrics - WARNING - OSL mismatch: got 187 tokens (requested 2048, diff -90.9%)
2026-09-17 17:28:12.027 - aiperf.metrics.types.osl_mismatch_metrics - WARNING - OSL mismatch: got 2 tokens (requested 2048, diff -99.9%)
2026-09-17 17:28:12.527 - aiperf.metrics.types.osl_mismatch_metrics - WARNING - OSL mismatch: got 71 tokens (requested 2048, diff -96.5%)
2026-09-17 17:28:12.530 - aiperf.metrics.types.osl_mismatch_metrics - WARNING - OSL mismatch: got 565 tokens (requested 2048, diff -72.4%)
2026-09-17 17:28:13.183 - aiperf.metrics.types.osl_mismatch_metrics - WARNING - OSL mismatch: got 253 tokens (requested 2048, diff -87.6%)
2026-09-17 17:28:14.127 - aiperf.metrics.types.osl_mismatch_metrics - WARNING - OSL mismatch: got 365 tokens (requested 2048, diff -82.2%)
2026-09-17 17:28:14.571 - aiperf.metrics.types.osl_mismatch_metrics - WARNING - OSL mismatch: got 313 tokens (requested 2048, diff -84.7%)
2026-09-17 17:28:14.652 - aiperf.metrics.types.osl_mismatch_metrics - WARNING - OSL mismatch: got 6 tokens (requested 2048, diff -99.7%)
2026-09-17 17:28:15.417 - aiperf.metrics.types.osl_mismatch_metrics - WARNING - OSL mismatch: got 115 tokens (requested 2048, diff -94.4%)
2026-09-17 17:28:15.486 - aiperf.metrics.types.osl_mismatch_metrics - WARNING - OSL mismatch: got 450 tokens (requested 2048, diff -78.0%)
2026-09-17 17:28:17.078 - aiperf.metrics.types.osl_mismatch_metrics - WARNING - OSL mismatch: got 602 tokens (requested 2048, diff -70.6%)
2026-09-17 17:28:17.196 - aiperf.metrics.types.osl_mismatch_metrics - WARNING - OSL mismatch: got 13 tokens (requested 2048, diff -99.4%)
2026-09-17 17:28:17.634 - aiperf.metrics.types.osl_mismatch_metrics - WARNING - OSL mismatch: got 338 tokens (requested 2048, diff -83.5%)
2026-09-17 17:28:18.268 - aiperf.metrics.types.osl_mismatch_metrics - WARNING - OSL mismatch: got 429 tokens (requested 2048, diff -79.1%)
2026-09-17 17:28:18.274 - aiperf.metrics.types.osl_mismatch_metrics - WARNING - OSL mismatch: got 635 tokens (requested 2048, diff -69.0%)
2026-09-17 17:28:18.405 - aiperf.metrics.types.osl_mismatch_metrics - WARNING - OSL mismatch: got 177 tokens (requested 2048, diff -91.4%)
2026-09-17 17:28:19.303 - aiperf.metrics.types.osl_mismatch_metrics - WARNING - OSL mismatch: got 153 tokens (requested 2048, diff -92.5%)
2026-09-17 17:28:19.845 - aiperf.metrics.types.osl_mismatch_metrics - WARNING - OSL mismatch: got 337 tokens (requested 2048, diff -83.5%)
2026-09-17 17:28:20.121 - aiperf.metrics.types.osl_mismatch_metrics - WARNING - OSL mismatch: got 120 tokens (requested 2048, diff -94.1%)
2026-09-17 17:28:20.652 - aiperf.metrics.types.osl_mismatch_metrics - WARNING - OSL mismatch: got 360 tokens (requested 2048, diff -82.4%)
2026-09-17 17:28:21.482 - aiperf.metrics.types.osl_mismatch_metrics - WARNING - OSL mismatch: got 127 tokens (requested 2048, diff -93.8%)
2026-09-17 17:28:21.552 - aiperf.metrics.types.osl_mismatch_metrics - WARNING - OSL mismatch: got 3 tokens (requested 2048, diff -99.9%)
2026-09-17 17:28:21.677 - aiperf.metrics.types.osl_mismatch_metrics - WARNING - OSL mismatch: got 232 tokens (requested 2048, diff -88.7%)
2026-09-17 17:28:22.682 - aiperf.metrics.types.osl_mismatch_metrics - WARNING - OSL mismatch: got 433 tokens (requested 2048, diff -78.9%)
2026-09-17 17:28:23.183 - aiperf.metrics.types.osl_mismatch_metrics - WARNING - OSL mismatch: got 734 tokens (requested 2048, diff -64.2%)
2026-09-17 17:28:23.827 - aiperf.metrics.types.osl_mismatch_metrics - WARNING - OSL mismatch: got 173 tokens (requested 2048, diff -91.6%)
2026-09-17 17:28:25.220 - aiperf.metrics.types.osl_mismatch_metrics - WARNING - OSL mismatch: got 551 tokens (requested 2048, diff -73.1%)
2026-09-17 17:28:25.563 - aiperf.metrics.types.osl_mismatch_metrics - WARNING - OSL mismatch: got 267 tokens (requested 2048, diff -87.0%)
2026-09-17 17:28:25.868 - aiperf.metrics.types.osl_mismatch_metrics - WARNING - OSL mismatch: got 415 tokens (requested 2048, diff -79.7%)
2026-09-17 17:28:25.938 - aiperf.metrics.types.osl_mismatch_metrics - WARNING - OSL mismatch: got 3 tokens (requested 2048, diff -99.9%)
2026-09-17 17:28:26.404 - aiperf.metrics.types.osl_mismatch_metrics - WARNING - OSL mismatch: got 743 tokens (requested 2048, diff -63.7%)
2026-09-17 17:28:27.009 - aiperf.metrics.types.osl_mismatch_metrics - WARNING - OSL mismatch: got 268 tokens (requested 2048, diff -86.9%)
2026-09-17 17:28:27.553 - aiperf.metrics.types.osl_mismatch_metrics - WARNING - OSL mismatch: got 245 tokens (requested 2048, diff -88.0%)
2026-09-17 17:28:28.000 - aiperf.metrics.types.osl_mismatch_metrics - WARNING - OSL mismatch: got 244 tokens (requested 2048, diff -88.1%)
2026-09-17 17:28:28.440 - aiperf.metrics.types.osl_mismatch_metrics - WARNING - OSL mismatch: got 216 tokens (requested 2048, diff -89.5%)
2026-09-17 17:28:28.556 - aiperf.metrics.types.osl_mismatch_metrics - WARNING - OSL mismatch: got 146 tokens (requested 2048, diff -92.9%)
2026-09-17 17:28:29.131 - aiperf.metrics.types.osl_mismatch_metrics - WARNING - OSL mismatch: got 168 tokens (requested 2048, diff -91.8%)
2026-09-17 17:28:29.604 - aiperf.metrics.types.osl_mismatch_metrics - WARNING - OSL mismatch: got 613 tokens (requested 2048, diff -70.1%)
2026-09-17 17:28:29.897 - aiperf.metrics.types.osl_mismatch_metrics - WARNING - OSL mismatch: got 217 tokens (requested 2048, diff -89.4%)
2026-09-17 17:28:30.967 - aiperf.metrics.types.osl_mismatch_metrics - WARNING - OSL mismatch: got 208 tokens (requested 2048, diff -89.8%)
2026-09-17 17:28:31.694 - aiperf.metrics.types.osl_mismatch_metrics - WARNING - OSL mismatch: got 278 tokens (requested 2048, diff -86.4%)
2026-09-17 17:28:31.728 - aiperf.metrics.types.osl_mismatch_metrics - WARNING - OSL mismatch: got 400 tokens (requested 2048, diff -80.5%)
2026-09-17 17:28:31.877 - aiperf.metrics.types.osl_mismatch_metrics - WARNING - OSL mismatch: got 132 tokens (requested 2048, diff -93.6%)
2026-09-17 17:28:32.467 - aiperf.metrics.types.osl_mismatch_metrics - WARNING - OSL mismatch: got 110 tokens (requested 2048, diff -94.6%)
2026-09-17 17:28:32.638 - aiperf.metrics.types.osl_mismatch_metrics - WARNING - OSL mismatch: got 19 tokens (requested 2048, diff -99.1%)
2026-09-17 17:28:32.774 - aiperf.metrics.types.osl_mismatch_metrics - WARNING - OSL mismatch: got 641 tokens (requested 2048, diff -68.7%)
2026-09-17 17:28:32.954 - aiperf.metrics.types.osl_mismatch_metrics - WARNING - OSL mismatch: got 23 tokens (requested 2048, diff -98.9%)
2026-09-17 17:28:33.118 - aiperf.metrics.types.osl_mismatch_metrics - WARNING - OSL mismatch: got 178 tokens (requested 2048, diff -91.3%)
2026-09-17 17:28:33.235 - aiperf.metrics.types.osl_mismatch_metrics - WARNING - OSL mismatch: got 8 tokens (requested 2048, diff -99.6%)
2026-09-17 17:28:33.571 - aiperf.metrics.types.osl_mismatch_metrics - WARNING - OSL mismatch: got 128 tokens (requested 2048, diff -93.8%)
2026-09-17 17:28:34.968 - aiperf.metrics.types.osl_mismatch_metrics - WARNING - OSL mismatch: got 216 tokens (requested 2048, diff -89.5%)
2026-09-17 17:28:35.026 - aiperf.metrics.types.osl_mismatch_metrics - WARNING - OSL mismatch: got 2 tokens (requested 2048, diff -99.9%)
2026-09-17 17:28:36.566 - aiperf.metrics.types.osl_mismatch_metrics - WARNING - OSL mismatch: got 238 tokens (requested 2048, diff -88.4%)
2026-09-17 17:28:36.944 - PhaseRunner - NOTICE - Phase profiling (profiling) sending complete | sent=100, completed=96, in_flight=4 | sessions: sent=100, completed=96
2026-09-17 17:28:36.946 - records_manager - INFO - Sent 100 requests. Waiting for all to complete...
2026-09-17 17:28:36.973 - aiperf.metrics.types.osl_mismatch_metrics - WARNING - OSL mismatch: got 616 tokens (requested 2048, diff -69.9%)
2026-09-17 17:28:37.122 - aiperf.metrics.types.osl_mismatch_metrics - WARNING - OSL mismatch: got 18 tokens (requested 2048, diff -99.1%)
2026-09-17 17:28:37.605 - aiperf.metrics.types.osl_mismatch_metrics - WARNING - OSL mismatch: got 678 tokens (requested 2048, diff -66.9%)
2026-09-17 17:28:37.860 - aiperf.metrics.types.osl_mismatch_metrics - WARNING - OSL mismatch: got 937 tokens (requested 2048, diff -54.2%)
2026-09-17 17:28:38.090 - PhaseRunner - NOTICE - Phase profiling (profiling) complete | completed=100, cancelled=0, errors=0 | sessions: completed=100, cancelled=0 | elapsed=44.59s
2026-09-17 17:28:38.090 - PhaseOrchestrator_ffbe2c9d - NOTICE - All credits completed
2026-09-17 17:28:38.092 - system_controller - INFO - Received credits complete from 'timing_manager'
2026-09-17 17:28:38.092 - records_manager - INFO - Received CREDIT_PHASE_COMPLETE message, Phase complete: PhaseRecordsStats(phase=CreditPhase.PROFILING, phase_index=1, profiling_index=0, phase_name='profiling', phase_kind='profiling', start_ns=1789666073502096485, sent_end_ns=1789666116944144542, requests_end_ns=1789666118089757337, baseline_start_ns=1789666073502056444, baseline_end_ns=1789666118089773599, total_expected_requests=100, expected_duration_sec=None, expected_num_sessions=None, expected_grace_period_sec=None, final_requests_sent=None, final_requests_completed=100, final_requests_cancelled=0, final_request_errors=0, final_sent_sessions=None, final_completed_sessions=None, final_cancelled_sessions=None, timeout_triggered=False, grace_period_timeout_triggered=False, was_cancelled=False, records_end_ns=None, success_records=99, error_records=0)
2026-09-17 17:28:38.093 - records_manager - NOTICE - All requests have completed, please wait for the results to be processed (currently 99 of 100 records processed)...
2026-09-17 17:28:38.093 - records_manager - INFO - All credits complete, please wait for the results to be processed...
2026-09-17 17:28:38.105 - aiperf.metrics.types.osl_mismatch_metrics - WARNING - OSL mismatch: got 237 tokens (requested 2048, diff -88.4%)
2026-09-17 17:28:38.109 - records_manager - INFO - Processed 100 valid requests and 0 errors (100 total).
2026-09-17 17:28:38.109 - records_manager - INFO - Received all records, processing now...
2026-09-17 17:28:38.114 - records_manager - INFO - Waiting 2.0s for server metrics flush period...
2026-09-17 17:28:38.143 - server_metrics_manager - INFO - Server Metrics: Profiling complete, capturing final metrics...
2026-09-17 17:28:40.091 - records_manager - INFO - Processing records results...
2026-09-17 17:28:40.429 - system_controller - INFO - Waiting for result domains: server_metrics
2026-09-17 17:28:40.527 - records_manager - INFO - _finalize_and_process_results completed
2026-09-17 17:28:40.537 - system_controller - INFO - All results received, initiating shutdown
2026-09-17 17:28:41.142 - ExporterManager - INFO - Exporting all records
2026-09-17 17:28:41.277 - ExporterManager - INFO - Exporting console data
