2026-09-17 17:51:38.649 - aiperf.cli_runner._single_run - INFO - Starting AIPerf System
2026-09-17 17:51:38.656 - aiperf.config.resolution.resolvers - INFO - [OK] Tokenizer /home/nvidia/hf_cache/hub/models--swiss-ai--Apertus-v1.5-8B/snapshots/a411d838600baf0e3635a3daf66fb7c55fc97bb6/ detected
2026-09-17 17:51:38.656 - aiperf.config.resolution.resolvers - INFO - 1 tokenizer validated | 0.0s
2026-09-17 17:51:38.657 - aiperf.config.resolution.resolvers - INFO - Prefetching 1 tokenizer into HF cache...
2026-09-17 17:51:46.734 - aiperf.config.resolution.resolvers - INFO -   Cached /home/nvidia/hf_cache/hub/models--swiss-ai--Apertus-v1.5-8B/snapshots/a411d838600baf0e3635a3daf66fb7c55fc97bb6/ (8.07s)
2026-09-17 17:51:46.778 - aiperf.config.resolution.resolvers - INFO - 1 tokenizer cached • 8.1s
2026-09-17 17:51:47.265 - server_metrics_manager - INFO - Server Metrics: Discovered 1 endpoints: ['http://localhost:8000/metrics']
2026-09-17 17:51:47.295 - GPUTelemetryJSONLWriter_0043d180 - INFO - GPU telemetry export enabled: /home/nvidia/apertus-benchmark/apertus-tokenomics/artifacts/bench/v15-8b-tp1-len8k/summarize/c1/gpu_telemetry_export.jsonl
2026-09-17 17:51:47.303 - OTelMetricsResultsProcessor_52064c6d - INFO - Telemetry streaming is disabled (set --otel-url and/or --mlflow-tracking-uri to enable)
2026-09-17 17:51:47.303 - RecordExportJSONLWriter_debe8c49 - INFO - Record metrics export enabled: /home/nvidia/apertus-benchmark/apertus-tokenomics/artifacts/bench/v15-8b-tp1-len8k/summarize/c1/profile_export.jsonl
2026-09-17 17:51:47.345 - system_controller - INFO - Registered Worker Manager (id: 'worker_manager')
2026-09-17 17:51:47.361 - system_controller - INFO - Registered Gpu Telemetry Manager (id: 'gpu_telemetry_manager')
2026-09-17 17:51:47.375 - system_controller - INFO - Registered Dataset Manager (id: 'dataset_manager')
2026-09-17 17:51:47.392 - system_controller - INFO - Registered Server Metrics Manager (id: 'server_metrics_manager')
2026-09-17 17:51:47.422 - system_controller - INFO - Registered Records Manager (id: 'records_manager')
2026-09-17 17:51:47.494 - system_controller - INFO - Registered Record Processor (id: 'record_processor_d0010bc0')
2026-09-17 17:51:47.519 - system_controller - INFO - Registered Timing Manager (id: 'timing_manager')
2026-09-17 17:51:47.657 - system_controller - INFO - Registered Worker (id: 'worker_ed14eec3')
2026-09-17 17:51:47.734 - system_controller - INFO - AIPerf System is CONFIGURING
2026-09-17 17:51:47.734 - system_controller - INFO - Configuring all services to start profiling
2026-09-17 17:51:47.736 - timing_manager - INFO - Waiting for dataset to be configured before configuring timing
2026-09-17 17:51:47.737 - InferenceResultParser_fde97910 - INFO - Configuring tokenizers for inference result parser (resolve_alias: True)
2026-09-17 17:51:47.738 - dataset_manager - INFO - Configuring tokenizer(s) for dataset manager
2026-09-17 17:51:47.765 - server_metrics_manager - INFO - Server Metrics: Capturing baseline metrics...
2026-09-17 17:51:47.769 - gpu_telemetry_manager - WARNING - GPU Telemetry: http://localhost:9400/metrics is not reachable
2026-09-17 17:51:47.771 - gpu_telemetry_manager - WARNING - GPU Telemetry: http://localhost:9401/metrics is not reachable
2026-09-17 17:51:47.772 - system_controller - INFO - DCGM telemetry skipped: no telemetry sources reachable
2026-09-17 17:51:47.773 - system_controller - INFO - Waiting for result domains: profile, server_metrics
2026-09-17 17:51:47.819 - http://localhost:8000/metrics - INFO - Skipping unsupported summary metric: http_request_size_bytes
2026-09-17 17:51:47.820 - http://localhost:8000/metrics - INFO - Skipping unsupported summary metric: http_response_size_bytes
2026-09-17 17:51:47.823 - system_controller - INFO - Server metrics enabled - 1/1 endpoint(s) reachable.
2026-09-17 17:51:52.835 - dataset_manager - INFO - Tokenizer(s) configured in 5.10 seconds
2026-09-17 17:51:52.835 - dataset_manager - INFO - Configuring dataset for dataset_manager
2026-09-17 17:51:53.057 - InferenceResultParser_fde97910 - INFO - Initialized tokenizers: {'apertus': {'class': 'TokenizersBackend', 'name_or_path': '/home/nvidia/hf_cache/hub/models--swiss-ai--Apertus-v1.5-8B/snapshots/a411d838600baf0e3635a3daf66fb7c55fc97bb6/'}} in 5.32 seconds
2026-09-17 17:51:53.584 - MemoryMapDatasetBackingStore_4aaabde6 - INFO - Memory-mapped backing store initialized (streaming to /tmp/aiperf_mmap_9f977f9a7355/dataset.dat)
2026-09-17 17:51:53.663 - MemoryMapDatasetBackingStore_4aaabde6 - INFO - Data file finalized: 100 conversations, 3.31 MB
2026-09-17 17:51:53.665 - MemoryMapDatasetBackingStore_4aaabde6 - INFO - Index file created: /tmp/aiperf_mmap_9f977f9a7355/index.dat
2026-09-17 17:51:53.666 - dataset_manager - INFO - Backing store finalized: client_type=DatasetClientStoreType.MEMORY_MAP format=MemoryMapFormat.CONVERSATION data_file_path=PosixPath('/tmp/aiperf_mmap_9f977f9a7355/dataset.dat') index_file_path=PosixPath('/tmp/aiperf_mmap_9f977f9a7355/index.dat') conversation_count=100 total_size_bytes=3467140 compressed=False compressed_data_file_path=None compressed_index_file_path=None compressed_size_bytes=0
2026-09-17 17:51:53.671 - dataset_manager - INFO - sampling strategy: sequential, unique conversations: 100, unique turn count: 100
2026-09-17 17:51:53.672 - dataset_manager - INFO - Generating inputs.json file at /home/nvidia/apertus-benchmark/apertus-tokenomics/artifacts/bench/v15-8b-tp1-len8k/summarize/c1/inputs.json
2026-09-17 17:51:53.689 - dataset_manager - INFO - inputs.json file generated in 0.02 seconds
2026-09-17 17:51:53.689 - PhaseOrchestrator_6b0598f6 - INFO - Initialized 2 phase(s): ['Warmup', 'Profiling']
2026-09-17 17:51:53.871 - dataset_manager - INFO - Dataset client initialized and freed 100 conversations from memory
2026-09-17 17:51:53.871 - dataset_manager - INFO - Dataset configured in 1.04 seconds
2026-09-17 17:51:53.873 - system_controller - INFO - All services configured in 6.14 seconds
2026-09-17 17:51:53.873 - system_controller - INFO - AIPerf System is CONFIGURED
2026-09-17 17:51:53.876 - server_metrics_manager - INFO - Server Metrics: Started 1 collector(s) successfully
2026-09-17 17:51:53.877 - system_controller - INFO - All services started profiling successfully
2026-09-17 17:51:53.878 - system_controller - INFO - AIPerf System is PROFILING
2026-09-17 17:51:53.881 - RateTiming - INFO - Creating interval generator: pattern=concurrency_burst, rate=None, smoothness=None
2026-09-17 17:51:53.882 - PhaseRunner - NOTICE - Phase warmup (warmup) started | phase_index=0 | target: 20 requests
2026-09-17 17:51:53.884 - records_manager - INFO - Credit phase start: warmup
2026-09-17 17:51:54.627 - PhaseRunner - NOTICE - Phase warmup (warmup) sending complete | sent=20, completed=19, in_flight=1 | sessions: sent=20, completed=19
2026-09-17 17:51:54.659 - PhaseRunner - NOTICE - Phase warmup (warmup) complete | completed=20, cancelled=0, errors=20 | sessions: completed=20, cancelled=0 | elapsed=0.78s
2026-09-17 17:51:54.660 - RateTiming - INFO - Creating interval generator: pattern=concurrency_burst, rate=None, smoothness=None
2026-09-17 17:51:54.660 - PhaseRunner - NOTICE - Phase profiling (profiling) started | phase_index=1 | profiling_index=0 | target: 100 requests
2026-09-17 17:51:54.661 - server_metrics_manager - INFO - Server Metrics: Warmup complete, capturing final warmup metrics...
2026-09-17 17:51:54.662 - records_manager - INFO - Credit phase start: profiling
2026-09-17 17:51:57.959 - PhaseRunner - NOTICE - Phase profiling (profiling) sending complete | sent=100, completed=99, in_flight=1 | sessions: sent=100, completed=99
2026-09-17 17:51:57.961 - records_manager - INFO - Sent 100 requests. Waiting for all to complete...
2026-09-17 17:51:57.993 - PhaseRunner - NOTICE - Phase profiling (profiling) complete | completed=100, cancelled=0, errors=100 | sessions: completed=100, cancelled=0 | elapsed=3.33s
2026-09-17 17:51:57.993 - PhaseOrchestrator_6b0598f6 - NOTICE - All credits completed
2026-09-17 17:51:57.995 - system_controller - INFO - Received credits complete from 'timing_manager'
2026-09-17 17:51:57.995 - records_manager - INFO - Received CREDIT_PHASE_COMPLETE message, Phase complete: PhaseRecordsStats(phase=CreditPhase.PROFILING, phase_index=1, profiling_index=0, phase_name='profiling', phase_kind='profiling', start_ns=1789667514660343147, sent_end_ns=1789667517959493385, requests_end_ns=1789667517993164770, baseline_start_ns=1789667514660327732, baseline_end_ns=1789667517993179454, total_expected_requests=100, expected_duration_sec=None, expected_num_sessions=None, expected_grace_period_sec=None, final_requests_sent=None, final_requests_completed=100, final_requests_cancelled=0, final_request_errors=100, final_sent_sessions=None, final_completed_sessions=None, final_cancelled_sessions=None, timeout_triggered=False, grace_period_timeout_triggered=False, was_cancelled=False, records_end_ns=None, success_records=0, error_records=98)
2026-09-17 17:51:57.996 - records_manager - NOTICE - All requests have completed, please wait for the results to be processed (currently 98 of 100 records processed)...
2026-09-17 17:51:57.996 - records_manager - INFO - All credits complete, please wait for the results to be processed...
2026-09-17 17:51:58.038 - records_manager - INFO - Processed 0 valid requests and 100 errors (100 total).
2026-09-17 17:51:58.038 - records_manager - INFO - Received all records, processing now...
2026-09-17 17:51:58.043 - records_manager - INFO - Waiting 2.0s for server metrics flush period...
2026-09-17 17:51:58.045 - server_metrics_manager - INFO - Server Metrics: Profiling complete, capturing final metrics...
2026-09-17 17:51:59.993 - records_manager - INFO - Processing records results...
2026-09-17 17:51:59.996 - aiperf.metrics.column_store - WARNING - ColumnStore.numeric: unknown tag 'output_sequence_length' on a non-empty store (known numeric tags: ['context_overflow_count', 'error_isl', 'error_request_count']). Returning NaN-fill — check for a typo or missing ingestion.
2026-09-17 17:51:59.997 - aiperf.metrics.column_store - WARNING - ColumnStore.numeric: unknown tag 'input_sequence_length' on a non-empty store (known numeric tags: ['context_overflow_count', 'error_isl', 'error_request_count']). Returning NaN-fill — check for a typo or missing ingestion.
2026-09-17 17:52:00.028 - aiperf.metrics.column_store - WARNING - ColumnStore.numeric: unknown tag 'output_sequence_length' on a non-empty store (known numeric tags: ['context_overflow_count', 'error_isl', 'error_request_count']). Returning NaN-fill — check for a typo or missing ingestion.
2026-09-17 17:52:00.028 - aiperf.metrics.column_store - WARNING - ColumnStore.numeric: unknown tag 'input_sequence_length' on a non-empty store (known numeric tags: ['context_overflow_count', 'error_isl', 'error_request_count']). Returning NaN-fill — check for a typo or missing ingestion.
2026-09-17 17:52:00.033 - aiperf.metrics.column_store - WARNING - ColumnStore.numeric: unknown tag 'output_sequence_length' on a non-empty store (known numeric tags: ['context_overflow_count', 'error_isl', 'error_request_count']). Returning NaN-fill — check for a typo or missing ingestion.
2026-09-17 17:52:00.033 - aiperf.metrics.column_store - WARNING - ColumnStore.numeric: unknown tag 'input_sequence_length' on a non-empty store (known numeric tags: ['context_overflow_count', 'error_isl', 'error_request_count']). Returning NaN-fill — check for a typo or missing ingestion.
2026-09-17 17:52:00.076 - aiperf.metrics.column_store - WARNING - ColumnStore.numeric: unknown tag 'output_sequence_length' on a non-empty store (known numeric tags: ['context_overflow_count', 'error_isl', 'error_request_count']). Returning NaN-fill — check for a typo or missing ingestion.
2026-09-17 17:52:00.076 - aiperf.metrics.column_store - WARNING - ColumnStore.numeric: unknown tag 'input_sequence_length' on a non-empty store (known numeric tags: ['context_overflow_count', 'error_isl', 'error_request_count']). Returning NaN-fill — check for a typo or missing ingestion.
2026-09-17 17:52:00.119 - system_controller - INFO - Waiting for result domains: server_metrics
2026-09-17 17:52:00.128 - records_manager - INFO - _finalize_and_process_results completed
2026-09-17 17:52:00.137 - system_controller - INFO - All results received, initiating shutdown
2026-09-17 17:52:00.743 - system_controller - ERROR - All 100 inference request(s) failed; no successful responses were collected.
