2026-09-17 16:47:24.078 - aiperf.cli_runner._single_run - INFO - Starting AIPerf System
2026-09-17 16:47:24.082 - aiperf.config.resolution.resolvers - INFO - [OK] Tokenizer /home/nvidia/hf_cache/hub/models--swiss-ai--Apertus-v1.5-8B/snapshots/a411d838600baf0e3635a3daf66fb7c55fc97bb6/ detected
2026-09-17 16:47:24.082 - aiperf.config.resolution.resolvers - INFO - 1 tokenizer validated | 0.0s
2026-09-17 16:47:24.083 - aiperf.config.resolution.resolvers - INFO - Prefetching 1 tokenizer into HF cache...
2026-09-17 16:47:31.929 - aiperf.config.resolution.resolvers - INFO -   Cached /home/nvidia/hf_cache/hub/models--swiss-ai--Apertus-v1.5-8B/snapshots/a411d838600baf0e3635a3daf66fb7c55fc97bb6/ (7.84s)
2026-09-17 16:47:31.963 - aiperf.config.resolution.resolvers - INFO - 1 tokenizer cached • 7.9s
2026-09-17 16:47:32.309 - server_metrics_manager - INFO - Server Metrics: Discovered 1 endpoints: ['http://localhost:8000/metrics']
2026-09-17 16:47:32.340 - GPUTelemetryJSONLWriter_8c1030bd - INFO - GPU telemetry export enabled: /home/nvidia/apertus-benchmark/apertus-tokenomics/artifacts/bench/v15-8b-tp1-len8k/chat/c4/gpu_telemetry_export.jsonl
2026-09-17 16:47:32.346 - OTelMetricsResultsProcessor_877420f3 - INFO - Telemetry streaming is disabled (set --otel-url and/or --mlflow-tracking-uri to enable)
2026-09-17 16:47:32.347 - RecordExportJSONLWriter_9eebdf84 - INFO - Record metrics export enabled: /home/nvidia/apertus-benchmark/apertus-tokenomics/artifacts/bench/v15-8b-tp1-len8k/chat/c4/profile_export.jsonl
2026-09-17 16:47:32.394 - system_controller - INFO - Registered Worker Manager (id: 'worker_manager')
2026-09-17 16:47:32.414 - system_controller - INFO - Registered Gpu Telemetry Manager (id: 'gpu_telemetry_manager')
2026-09-17 16:47:32.426 - system_controller - INFO - Registered Server Metrics Manager (id: 'server_metrics_manager')
2026-09-17 16:47:32.434 - system_controller - INFO - Registered Dataset Manager (id: 'dataset_manager')
2026-09-17 16:47:32.464 - system_controller - INFO - Registered Records Manager (id: 'records_manager')
2026-09-17 16:47:32.523 - system_controller - INFO - Registered Timing Manager (id: 'timing_manager')
2026-09-17 16:47:32.539 - system_controller - INFO - Registered Record Processor (id: 'record_processor_fd65dd17')
2026-09-17 16:47:32.663 - system_controller - INFO - Registered Worker (id: 'worker_a983ad3b')
2026-09-17 16:47:32.664 - system_controller - INFO - Registered Worker (id: 'worker_f2a5a315')
2026-09-17 16:47:32.665 - system_controller - INFO - Registered Worker (id: 'worker_408aa63d')
2026-09-17 16:47:32.673 - system_controller - INFO - Registered Worker (id: 'worker_7666df2f')
2026-09-17 16:47:32.783 - system_controller - INFO - AIPerf System is CONFIGURING
2026-09-17 16:47:32.783 - system_controller - INFO - Configuring all services to start profiling
2026-09-17 16:47:32.785 - timing_manager - INFO - Waiting for dataset to be configured before configuring timing
2026-09-17 16:47:32.785 - InferenceResultParser_e84d1660 - INFO - Configuring tokenizers for inference result parser (resolve_alias: True)
2026-09-17 16:47:32.787 - dataset_manager - INFO - Configuring tokenizer(s) for dataset manager
2026-09-17 16:47:32.815 - server_metrics_manager - INFO - Server Metrics: Capturing baseline metrics...
2026-09-17 16:47:32.817 - gpu_telemetry_manager - WARNING - GPU Telemetry: http://localhost:9400/metrics is not reachable
2026-09-17 16:47:32.819 - gpu_telemetry_manager - WARNING - GPU Telemetry: http://localhost:9401/metrics is not reachable
2026-09-17 16:47:32.820 - system_controller - INFO - DCGM telemetry skipped: no telemetry sources reachable
2026-09-17 16:47:32.821 - system_controller - INFO - Waiting for result domains: profile, server_metrics
2026-09-17 16:47:32.869 - http://localhost:8000/metrics - INFO - Skipping unsupported summary metric: http_request_size_bytes
2026-09-17 16:47:32.869 - http://localhost:8000/metrics - INFO - Skipping unsupported summary metric: http_response_size_bytes
2026-09-17 16:47:32.872 - system_controller - INFO - Server metrics enabled - 1/1 endpoint(s) reachable.
2026-09-17 16:47:40.591 - InferenceResultParser_e84d1660 - INFO - Initialized tokenizers: {'apertus': {'class': 'TokenizersBackend', 'name_or_path': '/home/nvidia/hf_cache/hub/models--swiss-ai--Apertus-v1.5-8B/snapshots/a411d838600baf0e3635a3daf66fb7c55fc97bb6/'}} in 7.81 seconds
2026-09-17 16:47:40.842 - dataset_manager - INFO - Tokenizer(s) configured in 8.05 seconds
2026-09-17 16:47:40.842 - dataset_manager - INFO - Configuring dataset for dataset_manager
2026-09-17 16:47:41.354 - MemoryMapDatasetBackingStore_7f2220f1 - INFO - Memory-mapped backing store initialized (streaming to /tmp/aiperf_mmap_466454522a89/dataset.dat)
2026-09-17 16:47:41.408 - MemoryMapDatasetBackingStore_7f2220f1 - INFO - Data file finalized: 100 conversations, 0.29 MB
2026-09-17 16:47:41.410 - MemoryMapDatasetBackingStore_7f2220f1 - INFO - Index file created: /tmp/aiperf_mmap_466454522a89/index.dat
2026-09-17 16:47:41.411 - dataset_manager - INFO - Backing store finalized: client_type=DatasetClientStoreType.MEMORY_MAP format=MemoryMapFormat.CONVERSATION data_file_path=PosixPath('/tmp/aiperf_mmap_466454522a89/dataset.dat') index_file_path=PosixPath('/tmp/aiperf_mmap_466454522a89/index.dat') conversation_count=100 total_size_bytes=299000 compressed=False compressed_data_file_path=None compressed_index_file_path=None compressed_size_bytes=0
2026-09-17 16:47:41.415 - dataset_manager - INFO - sampling strategy: sequential, unique conversations: 100, unique turn count: 100
2026-09-17 16:47:41.417 - dataset_manager - INFO - Generating inputs.json file at /home/nvidia/apertus-benchmark/apertus-tokenomics/artifacts/bench/v15-8b-tp1-len8k/chat/c4/inputs.json
2026-09-17 16:47:41.428 - dataset_manager - INFO - inputs.json file generated in 0.01 seconds
2026-09-17 16:47:41.435 - PhaseOrchestrator_df2c2324 - INFO - Initialized 2 phase(s): ['Warmup', 'Profiling']
2026-09-17 16:47:41.633 - dataset_manager - INFO - Dataset client initialized and freed 100 conversations from memory
2026-09-17 16:47:41.633 - dataset_manager - INFO - Dataset configured in 0.79 seconds
2026-09-17 16:47:41.635 - system_controller - INFO - All services configured in 8.85 seconds
2026-09-17 16:47:41.635 - system_controller - INFO - AIPerf System is CONFIGURED
2026-09-17 16:47:41.637 - server_metrics_manager - INFO - Server Metrics: Started 1 collector(s) successfully
2026-09-17 16:47:41.642 - system_controller - INFO - All services started profiling successfully
2026-09-17 16:47:41.642 - RateTiming - INFO - Creating interval generator: pattern=concurrency_burst, rate=None, smoothness=None
2026-09-17 16:47:41.643 - system_controller - INFO - AIPerf System is PROFILING
2026-09-17 16:47:41.643 - PhaseRunner - NOTICE - Phase warmup (warmup) started | phase_index=0 | target: 20 requests
2026-09-17 16:47:41.646 - records_manager - INFO - Credit phase start: warmup
2026-09-17 16:47:48.453 - PhaseRunner - NOTICE - Phase warmup (warmup) sending complete | sent=20, completed=16, in_flight=4 | sessions: sent=20, completed=16
2026-09-17 16:47:50.152 - PhaseRunner - NOTICE - Phase warmup (warmup) complete | completed=20, cancelled=0, errors=0 | sessions: completed=20, cancelled=0 | elapsed=8.51s
2026-09-17 16:47:50.154 - server_metrics_manager - INFO - Server Metrics: Warmup complete, capturing final warmup metrics...
2026-09-17 16:47:50.154 - RateTiming - INFO - Creating interval generator: pattern=concurrency_burst, rate=None, smoothness=None
2026-09-17 16:47:50.155 - PhaseRunner - NOTICE - Phase profiling (profiling) started | phase_index=1 | profiling_index=0 | target: 100 requests
2026-09-17 16:47:50.158 - records_manager - INFO - Credit phase start: profiling
2026-09-17 16:47:53.607 - aiperf.metrics.types.osl_mismatch_metrics - WARNING - OSL mismatch: got 30 tokens (requested 256, diff -88.3%)
2026-09-17 16:47:55.312 - aiperf.metrics.types.osl_mismatch_metrics - WARNING - OSL mismatch: got 220 tokens (requested 256, diff -14.1%)
2026-09-17 16:47:56.970 - aiperf.metrics.types.osl_mismatch_metrics - WARNING - OSL mismatch: got 127 tokens (requested 256, diff -50.4%)
2026-09-17 16:48:02.082 - aiperf.metrics.types.osl_mismatch_metrics - WARNING - OSL mismatch: got 232 tokens (requested 256, diff -9.4%)
2026-09-17 16:48:05.468 - aiperf.metrics.types.osl_mismatch_metrics - WARNING - OSL mismatch: got 243 tokens (requested 256, diff -5.1%)
2026-09-17 16:48:12.250 - aiperf.metrics.types.osl_mismatch_metrics - WARNING - OSL mismatch: got 221 tokens (requested 256, diff -13.7%)
2026-09-17 16:48:13.948 - aiperf.metrics.types.osl_mismatch_metrics - WARNING - OSL mismatch: got 242 tokens (requested 256, diff -5.5%)
2026-09-17 16:48:30.892 - PhaseRunner - NOTICE - Phase profiling (profiling) sending complete | sent=100, completed=96, in_flight=4 | sessions: sent=100, completed=96
2026-09-17 16:48:30.894 - records_manager - INFO - Sent 100 requests. Waiting for all to complete...
2026-09-17 16:48:32.595 - PhaseRunner - NOTICE - Phase profiling (profiling) complete | completed=100, cancelled=0, errors=0 | sessions: completed=100, cancelled=0 | elapsed=42.44s
2026-09-17 16:48:32.596 - PhaseOrchestrator_df2c2324 - NOTICE - All credits completed
2026-09-17 16:48:32.597 - system_controller - INFO - Received credits complete from 'timing_manager'
2026-09-17 16:48:32.603 - records_manager - INFO - Received CREDIT_PHASE_COMPLETE message, Phase complete: PhaseRecordsStats(phase=CreditPhase.PROFILING, phase_index=1, profiling_index=0, phase_name='profiling', phase_kind='profiling', start_ns=1789663670155455825, sent_end_ns=1789663710892652833, requests_end_ns=1789663712595492683, baseline_start_ns=1789663670155419785, baseline_end_ns=1789663712595544862, total_expected_requests=100, expected_duration_sec=None, expected_num_sessions=None, expected_grace_period_sec=None, final_requests_sent=None, final_requests_completed=100, final_requests_cancelled=0, final_request_errors=0, final_sent_sessions=None, final_completed_sessions=None, final_cancelled_sessions=None, timeout_triggered=False, grace_period_timeout_triggered=False, was_cancelled=False, records_end_ns=None, success_records=96, error_records=0)
2026-09-17 16:48:32.604 - records_manager - NOTICE - All requests have completed, please wait for the results to be processed (currently 96 of 100 records processed)...
2026-09-17 16:48:32.606 - records_manager - INFO - All credits complete, please wait for the results to be processed...
2026-09-17 16:48:32.622 - aiperf.metrics.types.osl_mismatch_metrics - WARNING - OSL mismatch: got 235 tokens (requested 256, diff -8.2%)
2026-09-17 16:48:32.637 - records_manager - INFO - Processed 100 valid requests and 0 errors (100 total).
2026-09-17 16:48:32.637 - records_manager - INFO - Received all records, processing now...
2026-09-17 16:48:32.641 - server_metrics_manager - INFO - Server Metrics: Profiling complete, capturing final metrics...
2026-09-17 16:48:32.645 - records_manager - INFO - Waiting 1.9s for server metrics flush period...
2026-09-17 16:48:34.596 - records_manager - INFO - Processing records results...
2026-09-17 16:48:34.915 - system_controller - INFO - Waiting for result domains: server_metrics
2026-09-17 16:48:35.004 - records_manager - INFO - _finalize_and_process_results completed
2026-09-17 16:48:35.014 - system_controller - INFO - All results received, initiating shutdown
2026-09-17 16:48:35.619 - ExporterManager - INFO - Exporting all records
2026-09-17 16:48:35.760 - ExporterManager - INFO - Exporting console data
