2026-09-17 16:54:25.025 - aiperf.cli_runner._single_run - INFO - Starting AIPerf System
2026-09-17 16:54:25.031 - aiperf.config.resolution.resolvers - INFO - [OK] Tokenizer /home/nvidia/hf_cache/hub/models--swiss-ai--Apertus-v1.5-8B/snapshots/a411d838600baf0e3635a3daf66fb7c55fc97bb6/ detected
2026-09-17 16:54:25.032 - aiperf.config.resolution.resolvers - INFO - 1 tokenizer validated | 0.0s
2026-09-17 16:54:25.033 - aiperf.config.resolution.resolvers - INFO - Prefetching 1 tokenizer into HF cache...
2026-09-17 16:54:31.063 - aiperf.config.resolution.resolvers - INFO -   Cached /home/nvidia/hf_cache/hub/models--swiss-ai--Apertus-v1.5-8B/snapshots/a411d838600baf0e3635a3daf66fb7c55fc97bb6/ (6.02s)
2026-09-17 16:54:31.081 - aiperf.config.resolution.resolvers - INFO - 1 tokenizer cached • 6.0s
2026-09-17 16:54:31.527 - server_metrics_manager - INFO - Server Metrics: Discovered 1 endpoints: ['http://localhost:8000/metrics']
2026-09-17 16:54:31.547 - GPUTelemetryJSONLWriter_9c53d167 - INFO - GPU telemetry export enabled: /home/nvidia/apertus-benchmark/apertus-tokenomics/artifacts/bench/v15-8b-tp1-len8k/rag/c4/gpu_telemetry_export.jsonl
2026-09-17 16:54:31.552 - OTelMetricsResultsProcessor_9be2aca5 - INFO - Telemetry streaming is disabled (set --otel-url and/or --mlflow-tracking-uri to enable)
2026-09-17 16:54:31.553 - RecordExportJSONLWriter_6d11a974 - INFO - Record metrics export enabled: /home/nvidia/apertus-benchmark/apertus-tokenomics/artifacts/bench/v15-8b-tp1-len8k/rag/c4/profile_export.jsonl
2026-09-17 16:54:31.610 - system_controller - INFO - Registered Worker Manager (id: 'worker_manager')
2026-09-17 16:54:31.634 - system_controller - INFO - Registered Gpu Telemetry Manager (id: 'gpu_telemetry_manager')
2026-09-17 16:54:31.644 - system_controller - INFO - Registered Server Metrics Manager (id: 'server_metrics_manager')
2026-09-17 16:54:31.649 - system_controller - INFO - Registered Dataset Manager (id: 'dataset_manager')
2026-09-17 16:54:31.674 - system_controller - INFO - Registered Records Manager (id: 'records_manager')
2026-09-17 16:54:31.763 - system_controller - INFO - Registered Record Processor (id: 'record_processor_90ac4977')
2026-09-17 16:54:31.805 - system_controller - INFO - Registered Timing Manager (id: 'timing_manager')
2026-09-17 16:54:31.932 - system_controller - INFO - Registered Worker (id: 'worker_26a6062d')
2026-09-17 16:54:31.951 - system_controller - INFO - Registered Worker (id: 'worker_7f101883')
2026-09-17 16:54:31.951 - system_controller - INFO - Registered Worker (id: 'worker_305d793c')
2026-09-17 16:54:31.952 - system_controller - INFO - Registered Worker (id: 'worker_513284a3')
2026-09-17 16:54:31.997 - system_controller - INFO - AIPerf System is CONFIGURING
2026-09-17 16:54:31.997 - system_controller - INFO - Configuring all services to start profiling
2026-09-17 16:54:32.000 - InferenceResultParser_b31c2606 - INFO - Configuring tokenizers for inference result parser (resolve_alias: True)
2026-09-17 16:54:32.000 - timing_manager - INFO - Waiting for dataset to be configured before configuring timing
2026-09-17 16:54:32.002 - dataset_manager - INFO - Configuring tokenizer(s) for dataset manager
2026-09-17 16:54:32.030 - server_metrics_manager - INFO - Server Metrics: Capturing baseline metrics...
2026-09-17 16:54:32.034 - gpu_telemetry_manager - WARNING - GPU Telemetry: http://localhost:9400/metrics is not reachable
2026-09-17 16:54:32.036 - gpu_telemetry_manager - WARNING - GPU Telemetry: http://localhost:9401/metrics is not reachable
2026-09-17 16:54:32.038 - system_controller - INFO - DCGM telemetry skipped: no telemetry sources reachable
2026-09-17 16:54:32.038 - system_controller - INFO - Waiting for result domains: profile, server_metrics
2026-09-17 16:54:32.086 - http://localhost:8000/metrics - INFO - Skipping unsupported summary metric: http_request_size_bytes
2026-09-17 16:54:32.086 - http://localhost:8000/metrics - INFO - Skipping unsupported summary metric: http_response_size_bytes
2026-09-17 16:54:32.090 - system_controller - INFO - Server metrics enabled - 1/1 endpoint(s) reachable.
2026-09-17 16:54:37.337 - InferenceResultParser_b31c2606 - INFO - Initialized tokenizers: {'apertus': {'class': 'TokenizersBackend', 'name_or_path': '/home/nvidia/hf_cache/hub/models--swiss-ai--Apertus-v1.5-8B/snapshots/a411d838600baf0e3635a3daf66fb7c55fc97bb6/'}} in 5.34 seconds
2026-09-17 16:54:37.586 - dataset_manager - INFO - Tokenizer(s) configured in 5.58 seconds
2026-09-17 16:54:37.586 - dataset_manager - INFO - Configuring dataset for dataset_manager
2026-09-17 16:54:38.228 - MemoryMapDatasetBackingStore_88e5c0c3 - INFO - Memory-mapped backing store initialized (streaming to /tmp/aiperf_mmap_833efa382836/dataset.dat)
2026-09-17 16:54:38.296 - MemoryMapDatasetBackingStore_88e5c0c3 - INFO - Data file finalized: 100 conversations, 1.74 MB
2026-09-17 16:54:38.298 - MemoryMapDatasetBackingStore_88e5c0c3 - INFO - Index file created: /tmp/aiperf_mmap_833efa382836/index.dat
2026-09-17 16:54:38.298 - dataset_manager - INFO - Backing store finalized: client_type=DatasetClientStoreType.MEMORY_MAP format=MemoryMapFormat.CONVERSATION data_file_path=PosixPath('/tmp/aiperf_mmap_833efa382836/dataset.dat') index_file_path=PosixPath('/tmp/aiperf_mmap_833efa382836/index.dat') conversation_count=100 total_size_bytes=1819938 compressed=False compressed_data_file_path=None compressed_index_file_path=None compressed_size_bytes=0
2026-09-17 16:54:38.303 - dataset_manager - INFO - sampling strategy: sequential, unique conversations: 100, unique turn count: 100
2026-09-17 16:54:38.305 - dataset_manager - INFO - Generating inputs.json file at /home/nvidia/apertus-benchmark/apertus-tokenomics/artifacts/bench/v15-8b-tp1-len8k/rag/c4/inputs.json
2026-09-17 16:54:38.319 - dataset_manager - INFO - inputs.json file generated in 0.01 seconds
2026-09-17 16:54:38.325 - PhaseOrchestrator_d354f2b8 - INFO - Initialized 2 phase(s): ['Warmup', 'Profiling']
2026-09-17 16:54:38.537 - dataset_manager - INFO - Dataset client initialized and freed 100 conversations from memory
2026-09-17 16:54:38.537 - dataset_manager - INFO - Dataset configured in 0.95 seconds
2026-09-17 16:54:38.539 - system_controller - INFO - All services configured in 6.54 seconds
2026-09-17 16:54:38.539 - system_controller - INFO - AIPerf System is CONFIGURED
2026-09-17 16:54:38.541 - server_metrics_manager - INFO - Server Metrics: Started 1 collector(s) successfully
2026-09-17 16:54:38.544 - system_controller - INFO - All services started profiling successfully
2026-09-17 16:54:38.544 - system_controller - INFO - AIPerf System is PROFILING
2026-09-17 16:54:38.547 - RateTiming - INFO - Creating interval generator: pattern=concurrency_burst, rate=None, smoothness=None
2026-09-17 16:54:38.548 - PhaseRunner - NOTICE - Phase warmup (warmup) started | phase_index=0 | target: 20 requests
2026-09-17 16:54:38.550 - records_manager - INFO - Credit phase start: warmup
2026-09-17 16:54:47.990 - PhaseRunner - NOTICE - Phase warmup (warmup) sending complete | sent=20, completed=16, in_flight=4 | sessions: sent=20, completed=16
2026-09-17 16:54:50.361 - PhaseRunner - NOTICE - Phase warmup (warmup) complete | completed=20, cancelled=0, errors=0 | sessions: completed=20, cancelled=0 | elapsed=11.81s
2026-09-17 16:54:50.363 - server_metrics_manager - INFO - Server Metrics: Warmup complete, capturing final warmup metrics...
2026-09-17 16:54:50.364 - RateTiming - INFO - Creating interval generator: pattern=concurrency_burst, rate=None, smoothness=None
2026-09-17 16:54:50.364 - PhaseRunner - NOTICE - Phase profiling (profiling) started | phase_index=1 | profiling_index=0 | target: 100 requests
2026-09-17 16:54:50.367 - records_manager - INFO - Credit phase start: profiling
2026-09-17 16:55:47.594 - PhaseRunner - NOTICE - Phase profiling (profiling) sending complete | sent=100, completed=96, in_flight=4 | sessions: sent=100, completed=96
2026-09-17 16:55:47.596 - records_manager - INFO - Sent 100 requests. Waiting for all to complete...
2026-09-17 16:55:49.984 - PhaseRunner - NOTICE - Phase profiling (profiling) complete | completed=100, cancelled=0, errors=0 | sessions: completed=100, cancelled=0 | elapsed=59.62s
2026-09-17 16:55:49.985 - PhaseOrchestrator_d354f2b8 - NOTICE - All credits completed
2026-09-17 16:55:49.986 - system_controller - INFO - Received credits complete from 'timing_manager'
2026-09-17 16:55:49.987 - records_manager - INFO - Received CREDIT_PHASE_COMPLETE message, Phase complete: PhaseRecordsStats(phase=CreditPhase.PROFILING, phase_index=1, profiling_index=0, phase_name='profiling', phase_kind='profiling', start_ns=1789664090364782391, sent_end_ns=1789664147594632801, requests_end_ns=1789664149984087236, baseline_start_ns=1789664090364745035, baseline_end_ns=1789664149984103359, total_expected_requests=100, expected_duration_sec=None, expected_num_sessions=None, expected_grace_period_sec=None, final_requests_sent=None, final_requests_completed=100, final_requests_cancelled=0, final_request_errors=0, final_sent_sessions=None, final_completed_sessions=None, final_cancelled_sessions=None, timeout_triggered=False, grace_period_timeout_triggered=False, was_cancelled=False, records_end_ns=None, success_records=96, error_records=0)
2026-09-17 16:55:49.987 - records_manager - NOTICE - All requests have completed, please wait for the results to be processed (currently 96 of 100 records processed)...
2026-09-17 16:55:49.987 - records_manager - INFO - All credits complete, please wait for the results to be processed...
2026-09-17 16:55:50.034 - records_manager - INFO - Processed 100 valid requests and 0 errors (100 total).
2026-09-17 16:55:50.034 - records_manager - INFO - Received all records, processing now...
2026-09-17 16:55:50.037 - server_metrics_manager - INFO - Server Metrics: Profiling complete, capturing final metrics...
2026-09-17 16:55:50.041 - records_manager - INFO - Waiting 1.9s for server metrics flush period...
2026-09-17 16:55:51.984 - records_manager - INFO - Processing records results...
2026-09-17 16:55:52.354 - system_controller - INFO - Waiting for result domains: server_metrics
2026-09-17 16:55:52.469 - records_manager - INFO - _finalize_and_process_results completed
2026-09-17 16:55:52.478 - system_controller - INFO - All results received, initiating shutdown
2026-09-17 16:55:53.085 - ExporterManager - INFO - Exporting all records
2026-09-17 16:55:53.224 - ExporterManager - INFO - Exporting console data
2026-09-17 17:55:53.245 - aiperf.cli_runner._single_run - INFO - Starting AIPerf System
2026-09-17 17:55:53.251 - aiperf.config.resolution.resolvers - INFO - [OK] Tokenizer /home/nvidia/hf_cache/hub/models--swiss-ai--Apertus-v1.5-8B/snapshots/a411d838600baf0e3635a3daf66fb7c55fc97bb6/ detected
2026-09-17 17:55:53.251 - aiperf.config.resolution.resolvers - INFO - 1 tokenizer validated | 0.0s
2026-09-17 17:55:53.253 - aiperf.config.resolution.resolvers - INFO - Prefetching 1 tokenizer into HF cache...
2026-09-17 17:56:00.966 - aiperf.config.resolution.resolvers - INFO -   Cached /home/nvidia/hf_cache/hub/models--swiss-ai--Apertus-v1.5-8B/snapshots/a411d838600baf0e3635a3daf66fb7c55fc97bb6/ (7.70s)
2026-09-17 17:56:01.002 - aiperf.config.resolution.resolvers - INFO - 1 tokenizer cached • 7.7s
2026-09-17 17:56:01.481 - server_metrics_manager - INFO - Server Metrics: Discovered 1 endpoints: ['http://localhost:8000/metrics']
2026-09-17 17:56:01.519 - GPUTelemetryJSONLWriter_762f0333 - INFO - GPU telemetry export enabled: /home/nvidia/apertus-benchmark/apertus-tokenomics/artifacts/bench/v15-8b-tp1-len8k/rag/c4/gpu_telemetry_export.jsonl
2026-09-17 17:56:01.527 - OTelMetricsResultsProcessor_6e62798a - INFO - Telemetry streaming is disabled (set --otel-url and/or --mlflow-tracking-uri to enable)
2026-09-17 17:56:01.528 - RecordExportJSONLWriter_d0926ddd - INFO - Record metrics export enabled: /home/nvidia/apertus-benchmark/apertus-tokenomics/artifacts/bench/v15-8b-tp1-len8k/rag/c4/profile_export.jsonl
2026-09-17 17:56:01.563 - system_controller - INFO - Registered Worker Manager (id: 'worker_manager')
2026-09-17 17:56:01.591 - system_controller - INFO - Registered Gpu Telemetry Manager (id: 'gpu_telemetry_manager')
2026-09-17 17:56:01.601 - system_controller - INFO - Registered Server Metrics Manager (id: 'server_metrics_manager')
2026-09-17 17:56:01.607 - system_controller - INFO - Registered Dataset Manager (id: 'dataset_manager')
2026-09-17 17:56:01.651 - system_controller - INFO - Registered Records Manager (id: 'records_manager')
2026-09-17 17:56:01.722 - system_controller - INFO - Registered Record Processor (id: 'record_processor_1777facf')
2026-09-17 17:56:01.795 - system_controller - INFO - Registered Timing Manager (id: 'timing_manager')
2026-09-17 17:56:01.889 - system_controller - INFO - Registered Worker (id: 'worker_7fffe9a7')
2026-09-17 17:56:01.909 - system_controller - INFO - Registered Worker (id: 'worker_0ee224be')
2026-09-17 17:56:01.909 - system_controller - INFO - Registered Worker (id: 'worker_ea2f7bcc')
2026-09-17 17:56:01.910 - system_controller - INFO - Registered Worker (id: 'worker_ab362e7b')
2026-09-17 17:56:01.950 - system_controller - INFO - AIPerf System is CONFIGURING
2026-09-17 17:56:01.950 - system_controller - INFO - Configuring all services to start profiling
2026-09-17 17:56:01.953 - InferenceResultParser_3a7d0de7 - INFO - Configuring tokenizers for inference result parser (resolve_alias: True)
2026-09-17 17:56:01.953 - timing_manager - INFO - Waiting for dataset to be configured before configuring timing
2026-09-17 17:56:01.954 - dataset_manager - INFO - Configuring tokenizer(s) for dataset manager
2026-09-17 17:56:01.982 - server_metrics_manager - INFO - Server Metrics: Capturing baseline metrics...
2026-09-17 17:56:01.989 - gpu_telemetry_manager - WARNING - GPU Telemetry: http://localhost:9400/metrics is not reachable
2026-09-17 17:56:01.991 - gpu_telemetry_manager - WARNING - GPU Telemetry: http://localhost:9401/metrics is not reachable
2026-09-17 17:56:01.993 - system_controller - INFO - DCGM telemetry skipped: no telemetry sources reachable
2026-09-17 17:56:01.994 - system_controller - INFO - Waiting for result domains: profile, server_metrics
2026-09-17 17:56:02.037 - http://localhost:8000/metrics - INFO - Skipping unsupported summary metric: http_request_size_bytes
2026-09-17 17:56:02.037 - http://localhost:8000/metrics - INFO - Skipping unsupported summary metric: http_response_size_bytes
2026-09-17 17:56:02.041 - system_controller - INFO - Server metrics enabled - 1/1 endpoint(s) reachable.
2026-09-17 17:56:06.777 - dataset_manager - INFO - Tokenizer(s) configured in 4.82 seconds
2026-09-17 17:56:06.777 - dataset_manager - INFO - Configuring dataset for dataset_manager
2026-09-17 17:56:07.392 - MemoryMapDatasetBackingStore_4cdfc3b9 - INFO - Memory-mapped backing store initialized (streaming to /tmp/aiperf_mmap_1b1005b4fd0f/dataset.dat)
2026-09-17 17:56:07.448 - MemoryMapDatasetBackingStore_4cdfc3b9 - INFO - Data file finalized: 100 conversations, 1.73 MB
2026-09-17 17:56:07.451 - MemoryMapDatasetBackingStore_4cdfc3b9 - INFO - Index file created: /tmp/aiperf_mmap_1b1005b4fd0f/index.dat
2026-09-17 17:56:07.451 - dataset_manager - INFO - Backing store finalized: client_type=DatasetClientStoreType.MEMORY_MAP format=MemoryMapFormat.CONVERSATION data_file_path=PosixPath('/tmp/aiperf_mmap_1b1005b4fd0f/dataset.dat') index_file_path=PosixPath('/tmp/aiperf_mmap_1b1005b4fd0f/index.dat') conversation_count=100 total_size_bytes=1812120 compressed=False compressed_data_file_path=None compressed_index_file_path=None compressed_size_bytes=0
2026-09-17 17:56:07.456 - dataset_manager - INFO - sampling strategy: sequential, unique conversations: 100, unique turn count: 100
2026-09-17 17:56:07.457 - dataset_manager - INFO - Generating inputs.json file at /home/nvidia/apertus-benchmark/apertus-tokenomics/artifacts/bench/v15-8b-tp1-len8k/rag/c4/inputs.json
2026-09-17 17:56:07.471 - dataset_manager - INFO - inputs.json file generated in 0.01 seconds
2026-09-17 17:56:07.478 - PhaseOrchestrator_6f2995bb - INFO - Initialized 2 phase(s): ['Warmup', 'Profiling']
2026-09-17 17:56:07.606 - dataset_manager - INFO - Dataset client initialized and freed 100 conversations from memory
2026-09-17 17:56:07.606 - dataset_manager - INFO - Dataset configured in 0.83 seconds
2026-09-17 17:56:08.381 - InferenceResultParser_3a7d0de7 - INFO - Initialized tokenizers: {'apertus': {'class': 'TokenizersBackend', 'name_or_path': '/home/nvidia/hf_cache/hub/models--swiss-ai--Apertus-v1.5-8B/snapshots/a411d838600baf0e3635a3daf66fb7c55fc97bb6/'}} in 6.43 seconds
2026-09-17 17:56:08.383 - system_controller - INFO - All services configured in 6.43 seconds
2026-09-17 17:56:08.383 - system_controller - INFO - AIPerf System is CONFIGURED
2026-09-17 17:56:08.385 - server_metrics_manager - INFO - Server Metrics: Started 1 collector(s) successfully
2026-09-17 17:56:08.388 - system_controller - INFO - All services started profiling successfully
2026-09-17 17:56:08.388 - system_controller - INFO - AIPerf System is PROFILING
2026-09-17 17:56:08.391 - RateTiming - INFO - Creating interval generator: pattern=concurrency_burst, rate=None, smoothness=None
2026-09-17 17:56:08.392 - PhaseRunner - NOTICE - Phase warmup (warmup) started | phase_index=0 | target: 20 requests
2026-09-17 17:56:08.394 - records_manager - INFO - Credit phase start: warmup
2026-09-17 17:56:17.852 - PhaseRunner - NOTICE - Phase warmup (warmup) sending complete | sent=20, completed=16, in_flight=4 | sessions: sent=20, completed=16
2026-09-17 17:56:20.225 - PhaseRunner - NOTICE - Phase warmup (warmup) complete | completed=20, cancelled=0, errors=0 | sessions: completed=20, cancelled=0 | elapsed=11.83s
2026-09-17 17:56:20.228 - server_metrics_manager - INFO - Server Metrics: Warmup complete, capturing final warmup metrics...
2026-09-17 17:56:20.228 - RateTiming - INFO - Creating interval generator: pattern=concurrency_burst, rate=None, smoothness=None
2026-09-17 17:56:20.229 - PhaseRunner - NOTICE - Phase profiling (profiling) started | phase_index=1 | profiling_index=0 | target: 100 requests
2026-09-17 17:56:20.231 - records_manager - INFO - Credit phase start: profiling
2026-09-17 17:56:53.981 - system_controller - WARNING - Signal 2 received, initiating graceful shutdown
2026-09-17 17:56:53.988 - system_controller - WARNING - Graceful shutdown requested (signal 2)
2026-09-17 17:56:53.989 - timing_manager - WARNING - Received profile cancel command: {"message_type":"command","service_id":"system_controller","command":"profile_cancel","command_id":"e54c7881-acf7-40c8-ad3a-af1efa6c26b9"}
2026-09-17 17:56:53.990 - PhaseOrchestrator_6f2995bb - WARNING - Cancelling phase orchestrator
2026-09-17 17:56:53.990 - StickyCreditRouter_825a801e - INFO - Sent cancellation requests for 4 in-flight credits across 4 workers
2026-09-17 17:56:53.990 - timing_manager - INFO - Phase orchestrator cancelled
2026-09-17 17:56:53.990 - records_manager - WARNING - Received profile cancel command: {"message_type":"command","service_id":"system_controller","command":"profile_cancel","command_id":"e54c7881-acf7-40c8-ad3a-af1efa6c26b9"}
2026-09-17 17:56:53.990 - records_manager - INFO - Processing records results...
2026-09-17 17:56:54.141 - system_controller - WARNING - Signal 2 received, initiating graceful shutdown
2026-09-17 17:56:54.144 - system_controller - WARNING - Force quit requested (signal 2)
2026-09-17 17:56:54.148 - MultiProcessServiceManager_419239e3 - WARNING - Service dataset_manager process (pid: 957815) still alive after bus shutdown grace; killing (SIGKILL / TerminateProcess — children ignore SIGTERM)
2026-09-17 17:56:54.149 - MultiProcessServiceManager_419239e3 - WARNING - Service timing_manager process (pid: 957816) still alive after bus shutdown grace; killing (SIGKILL / TerminateProcess — children ignore SIGTERM)
2026-09-17 17:56:54.150 - MultiProcessServiceManager_419239e3 - WARNING - Service worker_manager process (pid: 957817) still alive after bus shutdown grace; killing (SIGKILL / TerminateProcess — children ignore SIGTERM)
2026-09-17 17:56:54.150 - MultiProcessServiceManager_419239e3 - WARNING - Service records_manager process (pid: 957818) still alive after bus shutdown grace; killing (SIGKILL / TerminateProcess — children ignore SIGTERM)
2026-09-17 17:56:54.151 - MultiProcessServiceManager_419239e3 - WARNING - Service server_metrics_manager process (pid: 957820) still alive after bus shutdown grace; killing (SIGKILL / TerminateProcess — children ignore SIGTERM)
2026-09-17 17:56:54.151 - MultiProcessServiceManager_419239e3 - WARNING - Service worker process (pid: 957839) still alive after bus shutdown grace; killing (SIGKILL / TerminateProcess — children ignore SIGTERM)
2026-09-17 17:56:54.152 - MultiProcessServiceManager_419239e3 - WARNING - Service worker process (pid: 957840) still alive after bus shutdown grace; killing (SIGKILL / TerminateProcess — children ignore SIGTERM)
2026-09-17 17:56:54.152 - MultiProcessServiceManager_419239e3 - WARNING - Service worker process (pid: 957841) still alive after bus shutdown grace; killing (SIGKILL / TerminateProcess — children ignore SIGTERM)
2026-09-17 17:56:54.153 - MultiProcessServiceManager_419239e3 - WARNING - Service worker process (pid: 957842) still alive after bus shutdown grace; killing (SIGKILL / TerminateProcess — children ignore SIGTERM)
2026-09-17 17:56:54.156 - MultiProcessServiceManager_419239e3 - WARNING - Service record_processor process (pid: 957843) still alive after bus shutdown grace; killing (SIGKILL / TerminateProcess — children ignore SIGTERM)
2026-09-17 17:56:54.203 - system_controller - ERROR - Killing SystemController (id=system_controller)
