2026-09-17 16:49:11.266 - aiperf.cli_runner._single_run - INFO - Starting AIPerf System
2026-09-17 16:49:11.270 - aiperf.config.resolution.resolvers - INFO - [OK] Tokenizer /home/nvidia/hf_cache/hub/models--swiss-ai--Apertus-v1.5-8B/snapshots/a411d838600baf0e3635a3daf66fb7c55fc97bb6/ detected
2026-09-17 16:49:11.270 - aiperf.config.resolution.resolvers - INFO - 1 tokenizer validated | 0.0s
2026-09-17 16:49:11.271 - aiperf.config.resolution.resolvers - INFO - Prefetching 1 tokenizer into HF cache...
2026-09-17 16:49:15.669 - aiperf.config.resolution.resolvers - INFO -   Cached /home/nvidia/hf_cache/hub/models--swiss-ai--Apertus-v1.5-8B/snapshots/a411d838600baf0e3635a3daf66fb7c55fc97bb6/ (4.39s)
2026-09-17 16:49:15.682 - aiperf.config.resolution.resolvers - INFO - 1 tokenizer cached • 4.4s
2026-09-17 16:49:16.009 - server_metrics_manager - INFO - Server Metrics: Discovered 1 endpoints: ['http://localhost:8000/metrics']
2026-09-17 16:49:16.042 - GPUTelemetryJSONLWriter_891bae35 - INFO - GPU telemetry export enabled: /home/nvidia/apertus-benchmark/apertus-tokenomics/artifacts/bench/v15-8b-tp1-len8k/chat/c64/gpu_telemetry_export.jsonl
2026-09-17 16:49:16.049 - OTelMetricsResultsProcessor_8151d4ab - INFO - Telemetry streaming is disabled (set --otel-url and/or --mlflow-tracking-uri to enable)
2026-09-17 16:49:16.049 - RecordExportJSONLWriter_fedb14fa - INFO - Record metrics export enabled: /home/nvidia/apertus-benchmark/apertus-tokenomics/artifacts/bench/v15-8b-tp1-len8k/chat/c64/profile_export.jsonl
2026-09-17 16:49:16.097 - system_controller - INFO - Registered Worker Manager (id: 'worker_manager')
2026-09-17 16:49:16.207 - system_controller - INFO - Registered Gpu Telemetry Manager (id: 'gpu_telemetry_manager')
2026-09-17 16:49:16.207 - system_controller - INFO - Registered Server Metrics Manager (id: 'server_metrics_manager')
2026-09-17 16:49:16.207 - system_controller - INFO - Registered Dataset Manager (id: 'dataset_manager')
2026-09-17 16:49:16.207 - system_controller - INFO - Registered Records Manager (id: 'records_manager')
2026-09-17 16:49:16.237 - system_controller - INFO - Registered Timing Manager (id: 'timing_manager')
2026-09-17 16:49:16.317 - system_controller - INFO - Registered Record Processor (id: 'record_processor_b9117f01')
2026-09-17 16:49:16.319 - system_controller - INFO - Registered Record Processor (id: 'record_processor_a864ee44')
2026-09-17 16:49:16.322 - system_controller - INFO - Registered Record Processor (id: 'record_processor_a8bcbd81')
2026-09-17 16:49:16.322 - system_controller - INFO - Registered Record Processor (id: 'record_processor_17ff8baa')
2026-09-17 16:49:16.327 - system_controller - INFO - Registered Record Processor (id: 'record_processor_2b5ddefd')
2026-09-17 16:49:16.327 - system_controller - INFO - Registered Record Processor (id: 'record_processor_a37fa653')
2026-09-17 16:49:16.327 - system_controller - INFO - Registered Record Processor (id: 'record_processor_602dc7ab')
2026-09-17 16:49:16.334 - system_controller - INFO - Registered Record Processor (id: 'record_processor_d7754096')
2026-09-17 16:49:16.411 - system_controller - INFO - Registered Worker (id: 'worker_8e3e2b02')
2026-09-17 16:49:16.414 - system_controller - INFO - Registered Worker (id: 'worker_5dab3f1c')
2026-09-17 16:49:16.420 - system_controller - INFO - Registered Worker (id: 'worker_d8af7d89')
2026-09-17 16:49:16.421 - system_controller - INFO - Registered Worker (id: 'worker_7ad787c2')
2026-09-17 16:49:16.421 - system_controller - INFO - Registered Worker (id: 'worker_88ea99d2')
2026-09-17 16:49:16.422 - system_controller - INFO - Registered Worker (id: 'worker_216037f9')
2026-09-17 16:49:16.422 - system_controller - INFO - Registered Worker (id: 'worker_9346777e')
2026-09-17 16:49:16.422 - system_controller - INFO - Registered Worker (id: 'worker_bcc854c3')
2026-09-17 16:49:16.424 - system_controller - INFO - Registered Worker (id: 'worker_146eb92d')
2026-09-17 16:49:16.425 - system_controller - INFO - Registered Worker (id: 'worker_266b498d')
2026-09-17 16:49:16.425 - system_controller - INFO - Registered Worker (id: 'worker_21b6f40a')
2026-09-17 16:49:16.426 - system_controller - INFO - Registered Worker (id: 'worker_4a869bdb')
2026-09-17 16:49:16.428 - system_controller - INFO - Registered Worker (id: 'worker_b1c4e830')
2026-09-17 16:49:16.431 - system_controller - INFO - Registered Worker (id: 'worker_6e702db2')
2026-09-17 16:49:16.434 - system_controller - INFO - Registered Worker (id: 'worker_63e3e8fc')
2026-09-17 16:49:16.435 - system_controller - INFO - Registered Worker (id: 'worker_b7d0c223')
2026-09-17 16:49:16.437 - system_controller - INFO - Registered Worker (id: 'worker_ddfdb7e2')
2026-09-17 16:49:16.437 - system_controller - INFO - Registered Worker (id: 'worker_19591815')
2026-09-17 16:49:16.441 - system_controller - INFO - Registered Worker (id: 'worker_f6041681')
2026-09-17 16:49:16.446 - system_controller - INFO - Registered Worker (id: 'worker_c604fd6a')
2026-09-17 16:49:16.450 - system_controller - INFO - Registered Worker (id: 'worker_6907374c')
2026-09-17 16:49:16.454 - system_controller - INFO - Registered Worker (id: 'worker_00b33045')
2026-09-17 16:49:16.461 - system_controller - INFO - Registered Worker (id: 'worker_9a62d980')
2026-09-17 16:49:16.481 - system_controller - INFO - Registered Worker (id: 'worker_b878c2fc')
2026-09-17 16:49:16.481 - system_controller - INFO - Registered Worker (id: 'worker_65ef0f77')
2026-09-17 16:49:16.482 - system_controller - INFO - Registered Worker (id: 'worker_9f6b0065')
2026-09-17 16:49:16.482 - system_controller - INFO - Registered Worker (id: 'worker_7813e4de')
2026-09-17 16:49:16.483 - system_controller - INFO - Registered Worker (id: 'worker_a723cee5')
2026-09-17 16:49:16.483 - system_controller - INFO - Registered Worker (id: 'worker_aad9dbf5')
2026-09-17 16:49:16.484 - system_controller - INFO - AIPerf System is CONFIGURING
2026-09-17 16:49:16.484 - system_controller - INFO - Configuring all services to start profiling
2026-09-17 16:49:16.486 - InferenceResultParser_af39c2c4 - INFO - Configuring tokenizers for inference result parser (resolve_alias: True)
2026-09-17 16:49:16.486 - InferenceResultParser_4df653d3 - INFO - Configuring tokenizers for inference result parser (resolve_alias: True)
2026-09-17 16:49:16.486 - InferenceResultParser_e655ee32 - INFO - Configuring tokenizers for inference result parser (resolve_alias: True)
2026-09-17 16:49:16.486 - InferenceResultParser_902e5f77 - INFO - Configuring tokenizers for inference result parser (resolve_alias: True)
2026-09-17 16:49:16.486 - InferenceResultParser_89f24dba - INFO - Configuring tokenizers for inference result parser (resolve_alias: True)
2026-09-17 16:49:16.486 - timing_manager - INFO - Waiting for dataset to be configured before configuring timing
2026-09-17 16:49:16.486 - InferenceResultParser_28de3cc8 - INFO - Configuring tokenizers for inference result parser (resolve_alias: True)
2026-09-17 16:49:16.486 - InferenceResultParser_25cb9e10 - INFO - Configuring tokenizers for inference result parser (resolve_alias: True)
2026-09-17 16:49:16.486 - InferenceResultParser_8b26d5ad - INFO - Configuring tokenizers for inference result parser (resolve_alias: True)
2026-09-17 16:49:16.486 - system_controller - INFO - Registered Worker (id: 'worker_0f79b78f')
2026-09-17 16:49:16.487 - dataset_manager - INFO - Configuring tokenizer(s) for dataset manager
2026-09-17 16:49:16.488 - system_controller - INFO - Registered Worker (id: 'worker_6b310a5b')
2026-09-17 16:49:16.493 - system_controller - INFO - Registered Worker (id: 'worker_da514d40')
2026-09-17 16:49:16.512 - server_metrics_manager - INFO - Server Metrics: Capturing baseline metrics...
2026-09-17 16:49:16.514 - gpu_telemetry_manager - WARNING - GPU Telemetry: http://localhost:9400/metrics is not reachable
2026-09-17 16:49:16.516 - gpu_telemetry_manager - WARNING - GPU Telemetry: http://localhost:9401/metrics is not reachable
2026-09-17 16:49:16.518 - system_controller - INFO - DCGM telemetry skipped: no telemetry sources reachable
2026-09-17 16:49:16.518 - system_controller - INFO - Waiting for result domains: profile, server_metrics
2026-09-17 16:49:16.561 - http://localhost:8000/metrics - INFO - Skipping unsupported summary metric: http_request_size_bytes
2026-09-17 16:49:16.562 - http://localhost:8000/metrics - INFO - Skipping unsupported summary metric: http_response_size_bytes
2026-09-17 16:49:16.565 - system_controller - INFO - Server metrics enabled - 1/1 endpoint(s) reachable.
2026-09-17 16:49:21.881 - dataset_manager - INFO - Tokenizer(s) configured in 5.39 seconds
2026-09-17 16:49:21.881 - dataset_manager - INFO - Configuring dataset for dataset_manager
2026-09-17 16:49:22.052 - InferenceResultParser_8b26d5ad - INFO - Initialized tokenizers: {'apertus': {'class': 'TokenizersBackend', 'name_or_path': '/home/nvidia/hf_cache/hub/models--swiss-ai--Apertus-v1.5-8B/snapshots/a411d838600baf0e3635a3daf66fb7c55fc97bb6/'}} in 5.57 seconds
2026-09-17 16:49:22.180 - InferenceResultParser_28de3cc8 - INFO - Initialized tokenizers: {'apertus': {'class': 'TokenizersBackend', 'name_or_path': '/home/nvidia/hf_cache/hub/models--swiss-ai--Apertus-v1.5-8B/snapshots/a411d838600baf0e3635a3daf66fb7c55fc97bb6/'}} in 5.69 seconds
2026-09-17 16:49:22.240 - InferenceResultParser_89f24dba - INFO - Initialized tokenizers: {'apertus': {'class': 'TokenizersBackend', 'name_or_path': '/home/nvidia/hf_cache/hub/models--swiss-ai--Apertus-v1.5-8B/snapshots/a411d838600baf0e3635a3daf66fb7c55fc97bb6/'}} in 5.75 seconds
2026-09-17 16:49:22.422 - MemoryMapDatasetBackingStore_7901bb1a - INFO - Memory-mapped backing store initialized (streaming to /tmp/aiperf_mmap_8eb425830940/dataset.dat)
2026-09-17 16:49:22.553 - MemoryMapDatasetBackingStore_7901bb1a - INFO - Data file finalized: 256 conversations, 0.74 MB
2026-09-17 16:49:22.555 - MemoryMapDatasetBackingStore_7901bb1a - INFO - Index file created: /tmp/aiperf_mmap_8eb425830940/index.dat
2026-09-17 16:49:22.556 - dataset_manager - INFO - Backing store finalized: client_type=DatasetClientStoreType.MEMORY_MAP format=MemoryMapFormat.CONVERSATION data_file_path=PosixPath('/tmp/aiperf_mmap_8eb425830940/dataset.dat') index_file_path=PosixPath('/tmp/aiperf_mmap_8eb425830940/index.dat') conversation_count=256 total_size_bytes=771066 compressed=False compressed_data_file_path=None compressed_index_file_path=None compressed_size_bytes=0
2026-09-17 16:49:22.567 - dataset_manager - INFO - sampling strategy: sequential, unique conversations: 256, unique turn count: 256
2026-09-17 16:49:22.570 - dataset_manager - INFO - Generating inputs.json file at /home/nvidia/apertus-benchmark/apertus-tokenomics/artifacts/bench/v15-8b-tp1-len8k/chat/c64/inputs.json
2026-09-17 16:49:22.582 - system_controller - WARNING - Received command response for service we were not expecting: worker_6b310a5b. Ignoring.
2026-09-17 16:49:22.582 - system_controller - WARNING - Received command response for service we were not expecting: worker_0f79b78f. Ignoring.
2026-09-17 16:49:22.583 - system_controller - WARNING - Received command response for service we were not expecting: worker_da514d40. Ignoring.
2026-09-17 16:49:22.586 - dataset_manager - INFO - inputs.json file generated in 0.02 seconds
2026-09-17 16:49:22.592 - PhaseOrchestrator_99b3a797 - INFO - Initialized 2 phase(s): ['Warmup', 'Profiling']
2026-09-17 16:49:22.683 - InferenceResultParser_25cb9e10 - INFO - Initialized tokenizers: {'apertus': {'class': 'TokenizersBackend', 'name_or_path': '/home/nvidia/hf_cache/hub/models--swiss-ai--Apertus-v1.5-8B/snapshots/a411d838600baf0e3635a3daf66fb7c55fc97bb6/'}} in 6.20 seconds
2026-09-17 16:49:22.778 - dataset_manager - INFO - Dataset client initialized and freed 256 conversations from memory
2026-09-17 16:49:22.778 - dataset_manager - INFO - Dataset configured in 0.90 seconds
2026-09-17 16:49:23.496 - InferenceResultParser_902e5f77 - INFO - Initialized tokenizers: {'apertus': {'class': 'TokenizersBackend', 'name_or_path': '/home/nvidia/hf_cache/hub/models--swiss-ai--Apertus-v1.5-8B/snapshots/a411d838600baf0e3635a3daf66fb7c55fc97bb6/'}} in 7.01 seconds
2026-09-17 16:49:23.692 - InferenceResultParser_af39c2c4 - INFO - Initialized tokenizers: {'apertus': {'class': 'TokenizersBackend', 'name_or_path': '/home/nvidia/hf_cache/hub/models--swiss-ai--Apertus-v1.5-8B/snapshots/a411d838600baf0e3635a3daf66fb7c55fc97bb6/'}} in 7.21 seconds
2026-09-17 16:49:23.752 - InferenceResultParser_4df653d3 - INFO - Initialized tokenizers: {'apertus': {'class': 'TokenizersBackend', 'name_or_path': '/home/nvidia/hf_cache/hub/models--swiss-ai--Apertus-v1.5-8B/snapshots/a411d838600baf0e3635a3daf66fb7c55fc97bb6/'}} in 7.27 seconds
2026-09-17 16:49:23.774 - InferenceResultParser_e655ee32 - INFO - Initialized tokenizers: {'apertus': {'class': 'TokenizersBackend', 'name_or_path': '/home/nvidia/hf_cache/hub/models--swiss-ai--Apertus-v1.5-8B/snapshots/a411d838600baf0e3635a3daf66fb7c55fc97bb6/'}} in 7.29 seconds
2026-09-17 16:49:23.776 - system_controller - INFO - All services configured in 7.29 seconds
2026-09-17 16:49:23.777 - system_controller - INFO - AIPerf System is CONFIGURED
2026-09-17 16:49:23.778 - server_metrics_manager - INFO - Server Metrics: Started 1 collector(s) successfully
2026-09-17 16:49:23.783 - system_controller - INFO - All services started profiling successfully
2026-09-17 16:49:23.784 - system_controller - INFO - AIPerf System is PROFILING
2026-09-17 16:49:23.785 - RateTiming - INFO - Creating interval generator: pattern=concurrency_burst, rate=None, smoothness=None
2026-09-17 16:49:23.786 - PhaseRunner - NOTICE - Phase warmup (warmup) started | phase_index=0 | target: 20 requests
2026-09-17 16:49:23.788 - records_manager - INFO - Credit phase start: warmup
2026-09-17 16:49:23.790 - PhaseRunner - NOTICE - Phase warmup (warmup) sending complete | sent=20, completed=0, in_flight=20 | sessions: sent=20, completed=0
2026-09-17 16:49:26.037 - PhaseRunner - NOTICE - Phase warmup (warmup) complete | completed=20, cancelled=0, errors=0 | sessions: completed=20, cancelled=0 | elapsed=2.25s
2026-09-17 16:49:26.038 - RateTiming - INFO - Creating interval generator: pattern=concurrency_burst, rate=None, smoothness=None
2026-09-17 16:49:26.038 - server_metrics_manager - INFO - Server Metrics: Warmup complete, capturing final warmup metrics...
2026-09-17 16:49:26.039 - PhaseRunner - NOTICE - Phase profiling (profiling) started | phase_index=1 | profiling_index=0 | target: 256 requests
2026-09-17 16:49:26.041 - records_manager - INFO - Credit phase start: profiling
2026-09-17 16:49:26.057 - aiperf.metrics.types.osl_mismatch_metrics - WARNING - OSL mismatch: got 121 tokens (requested 256, diff -52.7%)
2026-09-17 16:49:29.630 - aiperf.metrics.types.osl_mismatch_metrics - WARNING - OSL mismatch: got 243 tokens (requested 256, diff -5.1%)
2026-09-17 16:49:29.636 - aiperf.metrics.types.osl_mismatch_metrics - WARNING - OSL mismatch: got 240 tokens (requested 256, diff -6.2%)
2026-09-17 16:49:29.708 - aiperf.metrics.types.osl_mismatch_metrics - WARNING - OSL mismatch: got 234 tokens (requested 256, diff -8.6%)
2026-09-17 16:49:33.190 - aiperf.metrics.types.osl_mismatch_metrics - WARNING - OSL mismatch: got 141 tokens (requested 256, diff -44.9%)
2026-09-17 16:49:33.200 - aiperf.metrics.types.osl_mismatch_metrics - WARNING - OSL mismatch: got 239 tokens (requested 256, diff -6.6%)
2026-09-17 16:49:33.233 - aiperf.metrics.types.osl_mismatch_metrics - WARNING - OSL mismatch: got 131 tokens (requested 256, diff -48.8%)
2026-09-17 16:49:36.765 - aiperf.metrics.types.osl_mismatch_metrics - WARNING - OSL mismatch: got 70 tokens (requested 256, diff -72.7%)
2026-09-17 16:49:36.801 - aiperf.metrics.types.osl_mismatch_metrics - WARNING - OSL mismatch: got 120 tokens (requested 256, diff -53.1%)
2026-09-17 16:49:36.811 - PhaseRunner - NOTICE - Phase profiling (profiling) sending complete | sent=256, completed=192, in_flight=64 | sessions: sent=256, completed=192
2026-09-17 16:49:36.821 - aiperf.metrics.types.osl_mismatch_metrics - WARNING - OSL mismatch: got 197 tokens (requested 256, diff -23.0%)
2026-09-17 16:49:36.838 - records_manager - INFO - Sent 256 requests. Waiting for all to complete...
2026-09-17 16:49:40.439 - PhaseRunner - NOTICE - Phase profiling (profiling) complete | completed=256, cancelled=0, errors=0 | sessions: completed=256, cancelled=0 | elapsed=14.40s
2026-09-17 16:49:40.440 - PhaseOrchestrator_99b3a797 - NOTICE - All credits completed
2026-09-17 16:49:40.441 - records_manager - INFO - Received CREDIT_PHASE_COMPLETE message, Phase complete: PhaseRecordsStats(phase=CreditPhase.PROFILING, phase_index=1, profiling_index=0, phase_name='profiling', phase_kind='profiling', start_ns=1789663766039252154, sent_end_ns=1789663776810935978, requests_end_ns=1789663780438042008, baseline_start_ns=1789663766039221548, baseline_end_ns=1789663780438177917, total_expected_requests=256, expected_duration_sec=None, expected_num_sessions=None, expected_grace_period_sec=None, final_requests_sent=None, final_requests_completed=256, final_requests_cancelled=0, final_request_errors=0, final_sent_sessions=None, final_completed_sessions=None, final_cancelled_sessions=None, timeout_triggered=False, grace_period_timeout_triggered=False, was_cancelled=False, records_end_ns=None, success_records=192, error_records=0)
2026-09-17 16:49:40.441 - records_manager - NOTICE - All requests have completed, please wait for the results to be processed (currently 192 of 256 records processed)...
2026-09-17 16:49:40.442 - system_controller - INFO - Received credits complete from 'timing_manager'
2026-09-17 16:49:40.442 - records_manager - INFO - All credits complete, please wait for the results to be processed...
2026-09-17 16:49:40.469 - aiperf.metrics.types.osl_mismatch_metrics - WARNING - OSL mismatch: got 238 tokens (requested 256, diff -7.0%)
2026-09-17 16:49:40.548 - records_manager - INFO - Processed 256 valid requests and 0 errors (256 total).
2026-09-17 16:49:40.548 - records_manager - INFO - Received all records, processing now...
2026-09-17 16:49:40.550 - server_metrics_manager - INFO - Server Metrics: Profiling complete, capturing final metrics...
2026-09-17 16:49:40.552 - records_manager - INFO - Waiting 1.9s for server metrics flush period...
2026-09-17 16:49:42.439 - records_manager - INFO - Processing records results...
2026-09-17 16:49:42.766 - system_controller - INFO - Waiting for result domains: server_metrics
2026-09-17 16:49:42.807 - records_manager - INFO - _finalize_and_process_results completed
2026-09-17 16:49:42.816 - system_controller - INFO - All results received, initiating shutdown
2026-09-17 16:49:43.423 - ExporterManager - INFO - Exporting all records
2026-09-17 16:49:43.545 - ExporterManager - INFO - Exporting console data
