2026-09-17 19:10:17.497 - aiperf.cli_runner._single_run - INFO - Starting AIPerf System
2026-09-17 19:10:17.505 - aiperf.config.resolution.resolvers - INFO - [OK] Tokenizer swiss-ai/Apertus-v1.5-8B detected
2026-09-17 19:10:17.505 - aiperf.config.resolution.resolvers - INFO - 1 tokenizer validated | 0.0s
2026-09-17 19:10:17.505 - aiperf.config.resolution.resolvers - INFO - HF cache hit (skipping prefetch): ['swiss-ai/Apertus-v1.5-8B']
2026-09-17 19:10:17.969 - server_metrics_manager - INFO - Server Metrics: Discovered 1 endpoints: ['http://localhost:8000/metrics']
2026-09-17 19:10:18.003 - GPUTelemetryJSONLWriter_e9da7aa9 - INFO - GPU telemetry export enabled: /home/nvidia/apertus-benchmark/apertus-tokenomics/artifacts/bench/v15-70b-tp2-len8k/chat/c16/gpu_telemetry_export.jsonl
2026-09-17 19:10:18.010 - OTelMetricsResultsProcessor_f54b2245 - INFO - Telemetry streaming is disabled (set --otel-url and/or --mlflow-tracking-uri to enable)
2026-09-17 19:10:18.011 - RecordExportJSONLWriter_e1b95f98 - INFO - Record metrics export enabled: /home/nvidia/apertus-benchmark/apertus-tokenomics/artifacts/bench/v15-70b-tp2-len8k/chat/c16/profile_export.jsonl
2026-09-17 19:10:18.053 - system_controller - INFO - Registered Worker Manager (id: 'worker_manager')
2026-09-17 19:10:18.135 - system_controller - INFO - Registered Gpu Telemetry Manager (id: 'gpu_telemetry_manager')
2026-09-17 19:10:18.135 - system_controller - INFO - Registered Dataset Manager (id: 'dataset_manager')
2026-09-17 19:10:18.135 - system_controller - INFO - Registered Server Metrics Manager (id: 'server_metrics_manager')
2026-09-17 19:10:18.135 - system_controller - INFO - Registered Records Manager (id: 'records_manager')
2026-09-17 19:10:18.253 - system_controller - INFO - Registered Record Processor (id: 'record_processor_9ff8d558')
2026-09-17 19:10:18.255 - system_controller - INFO - Registered Record Processor (id: 'record_processor_155d666f')
2026-09-17 19:10:18.259 - system_controller - INFO - Registered Record Processor (id: 'record_processor_ed3c385d')
2026-09-17 19:10:18.262 - system_controller - INFO - Registered Record Processor (id: 'record_processor_79a64b47')
2026-09-17 19:10:18.265 - system_controller - INFO - Registered Timing Manager (id: 'timing_manager')
2026-09-17 19:10:18.385 - system_controller - INFO - Registered Worker (id: 'worker_1bc1b935')
2026-09-17 19:10:18.397 - system_controller - INFO - Registered Worker (id: 'worker_506ffe5a')
2026-09-17 19:10:18.398 - system_controller - INFO - Registered Worker (id: 'worker_e163d2c0')
2026-09-17 19:10:18.403 - system_controller - INFO - Registered Worker (id: 'worker_1ff9dc0f')
2026-09-17 19:10:18.404 - system_controller - INFO - Registered Worker (id: 'worker_26d5e34d')
2026-09-17 19:10:18.407 - system_controller - INFO - Registered Worker (id: 'worker_e18590e7')
2026-09-17 19:10:18.408 - system_controller - INFO - Registered Worker (id: 'worker_a5fd3926')
2026-09-17 19:10:18.408 - system_controller - INFO - Registered Worker (id: 'worker_adc8b8f1')
2026-09-17 19:10:18.408 - system_controller - INFO - Registered Worker (id: 'worker_9e914ec3')
2026-09-17 19:10:18.409 - system_controller - INFO - Registered Worker (id: 'worker_43a8236c')
2026-09-17 19:10:18.409 - system_controller - INFO - Registered Worker (id: 'worker_e9c37782')
2026-09-17 19:10:18.409 - system_controller - INFO - Registered Worker (id: 'worker_5b817a0d')
2026-09-17 19:10:18.410 - system_controller - INFO - Registered Worker (id: 'worker_8a713428')
2026-09-17 19:10:18.412 - system_controller - INFO - Registered Worker (id: 'worker_a23a35a3')
2026-09-17 19:10:18.412 - system_controller - INFO - Registered Worker (id: 'worker_08baa49a')
2026-09-17 19:10:18.414 - system_controller - INFO - Registered Worker (id: 'worker_58dacd42')
2026-09-17 19:10:18.439 - system_controller - INFO - AIPerf System is CONFIGURING
2026-09-17 19:10:18.439 - system_controller - INFO - Configuring all services to start profiling
2026-09-17 19:10:18.441 - InferenceResultParser_661380f2 - INFO - Configuring tokenizers for inference result parser (resolve_alias: True)
2026-09-17 19:10:18.441 - timing_manager - INFO - Waiting for dataset to be configured before configuring timing
2026-09-17 19:10:18.441 - InferenceResultParser_d3e85696 - INFO - Configuring tokenizers for inference result parser (resolve_alias: True)
2026-09-17 19:10:18.441 - InferenceResultParser_e15f36e6 - INFO - Configuring tokenizers for inference result parser (resolve_alias: True)
2026-09-17 19:10:18.441 - InferenceResultParser_519533c4 - INFO - Configuring tokenizers for inference result parser (resolve_alias: True)
2026-09-17 19:10:18.442 - dataset_manager - INFO - Configuring tokenizer(s) for dataset manager
2026-09-17 19:10:18.470 - gpu_telemetry_manager - WARNING - GPU Telemetry: http://localhost:9400/metrics is not reachable
2026-09-17 19:10:18.470 - server_metrics_manager - INFO - Server Metrics: Capturing baseline metrics...
2026-09-17 19:10:18.472 - gpu_telemetry_manager - WARNING - GPU Telemetry: http://localhost:9401/metrics is not reachable
2026-09-17 19:10:18.474 - system_controller - INFO - DCGM telemetry skipped: no telemetry sources reachable
2026-09-17 19:10:18.474 - system_controller - INFO - Waiting for result domains: profile, server_metrics
2026-09-17 19:10:18.524 - http://localhost:8000/metrics - INFO - Skipping unsupported summary metric: http_request_size_bytes
2026-09-17 19:10:18.524 - http://localhost:8000/metrics - INFO - Skipping unsupported summary metric: http_response_size_bytes
2026-09-17 19:10:18.528 - system_controller - INFO - Server metrics enabled - 1/1 endpoint(s) reachable.
2026-09-17 19:10:19.338 - httpx - INFO - HTTP Request: HEAD https://huggingface.co/swiss-ai/Apertus-v1.5-8B/resolve/main/config.json "HTTP/1.1 200 OK"
2026-09-17 19:10:19.429 - httpx - INFO - HTTP Request: HEAD https://huggingface.co/swiss-ai/Apertus-v1.5-8B/resolve/main/config.json "HTTP/1.1 200 OK"
2026-09-17 19:10:19.516 - httpx - INFO - HTTP Request: HEAD https://huggingface.co/swiss-ai/Apertus-v1.5-8B/resolve/main/tokenizer_config.json "HTTP/1.1 200 OK"
2026-09-17 19:10:19.607 - httpx - INFO - HTTP Request: GET https://huggingface.co/api/models/swiss-ai/Apertus-v1.5-8B/tree/main/additional_chat_templates?recursive=false&expand=false "HTTP/1.1 404 Not Found"
2026-09-17 19:10:19.737 - httpx - INFO - HTTP Request: HEAD https://huggingface.co/swiss-ai/Apertus-v1.5-8B/resolve/main/config.json "HTTP/1.1 200 OK"
2026-09-17 19:10:19.771 - httpx - INFO - HTTP Request: HEAD https://huggingface.co/swiss-ai/Apertus-v1.5-8B/resolve/main/config.json "HTTP/1.1 200 OK"
2026-09-17 19:10:19.831 - httpx - INFO - HTTP Request: HEAD https://huggingface.co/swiss-ai/Apertus-v1.5-8B/resolve/main/config.json "HTTP/1.1 200 OK"
2026-09-17 19:10:19.833 - httpx - INFO - HTTP Request: HEAD https://huggingface.co/swiss-ai/Apertus-v1.5-8B/resolve/main/config.json "HTTP/1.1 200 OK"
2026-09-17 19:10:19.853 - httpx - INFO - HTTP Request: HEAD https://huggingface.co/swiss-ai/Apertus-v1.5-8B/resolve/main/config.json "HTTP/1.1 200 OK"
2026-09-17 19:10:19.856 - httpx - INFO - HTTP Request: HEAD https://huggingface.co/swiss-ai/Apertus-v1.5-8B/resolve/main/config.json "HTTP/1.1 200 OK"
2026-09-17 19:10:19.921 - httpx - INFO - HTTP Request: HEAD https://huggingface.co/swiss-ai/Apertus-v1.5-8B/resolve/main/tokenizer_config.json "HTTP/1.1 200 OK"
2026-09-17 19:10:19.925 - httpx - INFO - HTTP Request: HEAD https://huggingface.co/swiss-ai/Apertus-v1.5-8B/resolve/main/config.json "HTTP/1.1 200 OK"
2026-09-17 19:10:19.925 - httpx - INFO - HTTP Request: GET https://huggingface.co/api/models/swiss-ai/Apertus-v1.5-8B/tree/main?recursive=true&expand=false "HTTP/1.1 200 OK"
2026-09-17 19:10:19.938 - httpx - INFO - HTTP Request: HEAD https://huggingface.co/swiss-ai/Apertus-v1.5-8B/resolve/main/config.json "HTTP/1.1 200 OK"
2026-09-17 19:10:19.948 - httpx - INFO - HTTP Request: HEAD https://huggingface.co/swiss-ai/Apertus-v1.5-8B/resolve/main/tokenizer_config.json "HTTP/1.1 200 OK"
2026-09-17 19:10:20.008 - httpx - INFO - HTTP Request: GET https://huggingface.co/api/models/swiss-ai/Apertus-v1.5-8B/tree/main/additional_chat_templates?recursive=false&expand=false "HTTP/1.1 404 Not Found"
2026-09-17 19:10:20.011 - httpx - INFO - HTTP Request: HEAD https://huggingface.co/swiss-ai/Apertus-v1.5-8B/resolve/main/tokenizer_config.json "HTTP/1.1 200 OK"
2026-09-17 19:10:20.025 - httpx - INFO - HTTP Request: HEAD https://huggingface.co/swiss-ai/Apertus-v1.5-8B/resolve/main/tokenizer_config.json "HTTP/1.1 200 OK"
2026-09-17 19:10:20.040 - httpx - INFO - HTTP Request: GET https://huggingface.co/api/models/swiss-ai/Apertus-v1.5-8B/tree/main/additional_chat_templates?recursive=false&expand=false "HTTP/1.1 404 Not Found"
2026-09-17 19:10:20.099 - httpx - INFO - HTTP Request: GET https://huggingface.co/api/models/swiss-ai/Apertus-v1.5-8B/tree/main?recursive=true&expand=false "HTTP/1.1 200 OK"
2026-09-17 19:10:20.100 - httpx - INFO - HTTP Request: GET https://huggingface.co/api/models/swiss-ai/Apertus-v1.5-8B/tree/main/additional_chat_templates?recursive=false&expand=false "HTTP/1.1 404 Not Found"
2026-09-17 19:10:20.115 - httpx - INFO - HTTP Request: GET https://huggingface.co/api/models/swiss-ai/Apertus-v1.5-8B/tree/main/additional_chat_templates?recursive=false&expand=false "HTTP/1.1 404 Not Found"
2026-09-17 19:10:20.135 - httpx - INFO - HTTP Request: GET https://huggingface.co/api/models/swiss-ai/Apertus-v1.5-8B/tree/main?recursive=true&expand=false "HTTP/1.1 200 OK"
2026-09-17 19:10:20.193 - httpx - INFO - HTTP Request: GET https://huggingface.co/api/models/swiss-ai/Apertus-v1.5-8B/tree/main?recursive=true&expand=false "HTTP/1.1 200 OK"
2026-09-17 19:10:20.203 - httpx - INFO - HTTP Request: GET https://huggingface.co/api/models/swiss-ai/Apertus-v1.5-8B/tree/main?recursive=true&expand=false "HTTP/1.1 200 OK"
2026-09-17 19:10:23.981 - httpx - INFO - HTTP Request: GET https://huggingface.co/api/models/swiss-ai/Apertus-v1.5-8B "HTTP/1.1 200 OK"
2026-09-17 19:10:24.065 - InferenceResultParser_e15f36e6 - INFO - Initialized tokenizers: {'apertus': {'class': 'TokenizersBackend', 'name_or_path': 'swiss-ai/Apertus-v1.5-8B'}} in 5.62 seconds
2026-09-17 19:10:24.547 - httpx - INFO - HTTP Request: GET https://huggingface.co/api/models/swiss-ai/Apertus-v1.5-8B "HTTP/1.1 200 OK"
2026-09-17 19:10:24.643 - InferenceResultParser_661380f2 - INFO - Initialized tokenizers: {'apertus': {'class': 'TokenizersBackend', 'name_or_path': 'swiss-ai/Apertus-v1.5-8B'}} in 6.20 seconds
2026-09-17 19:10:25.802 - httpx - INFO - HTTP Request: GET https://huggingface.co/api/models/swiss-ai/Apertus-v1.5-8B "HTTP/1.1 200 OK"
2026-09-17 19:10:25.870 - httpx - INFO - HTTP Request: GET https://huggingface.co/api/models/swiss-ai/Apertus-v1.5-8B "HTTP/1.1 200 OK"
2026-09-17 19:10:25.883 - InferenceResultParser_519533c4 - INFO - Initialized tokenizers: {'apertus': {'class': 'TokenizersBackend', 'name_or_path': 'swiss-ai/Apertus-v1.5-8B'}} in 7.44 seconds
2026-09-17 19:10:25.960 - dataset_manager - INFO - Tokenizer(s) configured in 7.52 seconds
2026-09-17 19:10:25.961 - dataset_manager - INFO - Configuring dataset for dataset_manager
2026-09-17 19:10:26.128 - httpx - INFO - HTTP Request: GET https://huggingface.co/api/models/swiss-ai/Apertus-v1.5-8B "HTTP/1.1 200 OK"
2026-09-17 19:10:26.265 - InferenceResultParser_d3e85696 - INFO - Initialized tokenizers: {'apertus': {'class': 'TokenizersBackend', 'name_or_path': 'swiss-ai/Apertus-v1.5-8B'}} in 7.82 seconds
2026-09-17 19:10:26.410 - MemoryMapDatasetBackingStore_ade16c0c - INFO - Memory-mapped backing store initialized (streaming to /tmp/aiperf_mmap_dd4aa7095238/dataset.dat)
2026-09-17 19:10:26.473 - MemoryMapDatasetBackingStore_ade16c0c - INFO - Data file finalized: 100 conversations, 0.29 MB
2026-09-17 19:10:26.483 - MemoryMapDatasetBackingStore_ade16c0c - INFO - Index file created: /tmp/aiperf_mmap_dd4aa7095238/index.dat
2026-09-17 19:10:26.484 - dataset_manager - INFO - Backing store finalized: client_type=DatasetClientStoreType.MEMORY_MAP format=MemoryMapFormat.CONVERSATION data_file_path=PosixPath('/tmp/aiperf_mmap_dd4aa7095238/dataset.dat') index_file_path=PosixPath('/tmp/aiperf_mmap_dd4aa7095238/index.dat') conversation_count=100 total_size_bytes=300259 compressed=False compressed_data_file_path=None compressed_index_file_path=None compressed_size_bytes=0
2026-09-17 19:10:26.489 - dataset_manager - INFO - sampling strategy: sequential, unique conversations: 100, unique turn count: 100
2026-09-17 19:10:26.493 - dataset_manager - INFO - Generating inputs.json file at /home/nvidia/apertus-benchmark/apertus-tokenomics/artifacts/bench/v15-70b-tp2-len8k/chat/c16/inputs.json
2026-09-17 19:10:26.508 - dataset_manager - INFO - inputs.json file generated in 0.02 seconds
2026-09-17 19:10:26.512 - PhaseOrchestrator_b824097c - INFO - Initialized 2 phase(s): ['Warmup', 'Profiling']
2026-09-17 19:10:26.752 - dataset_manager - INFO - Dataset client initialized and freed 100 conversations from memory
2026-09-17 19:10:26.752 - dataset_manager - INFO - Dataset configured in 0.79 seconds
2026-09-17 19:10:26.754 - system_controller - INFO - All services configured in 8.31 seconds
2026-09-17 19:10:26.754 - system_controller - INFO - AIPerf System is CONFIGURED
2026-09-17 19:10:26.756 - server_metrics_manager - INFO - Server Metrics: Started 1 collector(s) successfully
2026-09-17 19:10:26.760 - system_controller - INFO - All services started profiling successfully
2026-09-17 19:10:26.760 - system_controller - INFO - AIPerf System is PROFILING
2026-09-17 19:10:26.762 - RateTiming - INFO - Creating interval generator: pattern=concurrency_burst, rate=None, smoothness=None
2026-09-17 19:10:26.763 - PhaseRunner - NOTICE - Phase warmup (warmup) started | phase_index=0 | target: 20 requests
2026-09-17 19:10:26.766 - records_manager - INFO - Credit phase start: warmup
2026-09-17 19:10:35.172 - PhaseRunner - NOTICE - Phase warmup (warmup) sending complete | sent=20, completed=6, in_flight=14 | sessions: sent=20, completed=6
2026-09-17 19:10:39.055 - system_controller - WARNING - Signal 2 received, initiating graceful shutdown
2026-09-17 19:10:39.061 - system_controller - WARNING - Graceful shutdown requested (signal 2)
2026-09-17 19:10:39.063 - records_manager - WARNING - Received profile cancel command: {"message_type":"command","service_id":"system_controller","command":"profile_cancel","command_id":"d4d486ca-a8d8-4eac-be4e-faa265362b39"}
2026-09-17 19:10:39.064 - records_manager - INFO - Processing records results...
2026-09-17 19:10:39.064 - timing_manager - WARNING - Received profile cancel command: {"message_type":"command","service_id":"system_controller","command":"profile_cancel","command_id":"d4d486ca-a8d8-4eac-be4e-faa265362b39"}
2026-09-17 19:10:39.064 - PhaseOrchestrator_b824097c - WARNING - Cancelling phase orchestrator
2026-09-17 19:10:39.065 - StickyCreditRouter_996e4d63 - INFO - Sent cancellation requests for 4 in-flight credits across 4 workers
2026-09-17 19:10:39.065 - timing_manager - INFO - Phase orchestrator cancelled
2026-09-17 19:10:39.067 - PhaseRunner - NOTICE - Phase warmup (warmup) complete | completed=16, cancelled=4, errors=0 | sessions: completed=16, cancelled=4 | elapsed=12.30s | was_cancelled=True
2026-09-17 19:10:39.068 - PhaseOrchestrator_b824097c - NOTICE - All credits completed
2026-09-17 19:10:39.068 - PhaseOrchestrator_b824097c - ERROR - Error running Hook(func=<bound method PhaseOrchestrator._start_orchestrator of <PhaseOrchestrator PhaseOrchestrator_b824097c (state=starting)>>, params=None) hook for PhaseOrchestrator: list.remove(x): x not in list
2026-09-17 19:10:39.069 - PhaseOrchestrator_b824097c - ERROR - Failed for PhaseOrchestrator (id=PhaseOrchestrator_b824097c): PhaseOrchestrator._start_orchestrator: list.remove(x): x not in list
2026-09-17 19:10:39.069 - system_controller - INFO - Received credits complete from 'timing_manager'
2026-09-17 19:10:39.070 - timing_manager - ERROR - Phase orchestrator entered FAILED state: code=None type='AIPerfMultiError' message="AIPerfMultiError('PhaseOrchestrator._start_orchestrator: list.remove(x): x not in list')" cause=None cause_chain=['AIPerfMultiError'] details=None
2026-09-17 19:10:39.071 - system_controller - ERROR - Received service error from 'timing_manager': AIPerfMultiError('PhaseOrchestrator._start_orchestrator: list.remove(x): x not in list')
2026-09-17 19:10:39.113 - records_manager - INFO - All credits complete, please wait for the results to be processed...
