2026-09-17 17:29:20.457 - aiperf.cli_runner._single_run - INFO - Starting AIPerf System
2026-09-17 17:29:20.460 - aiperf.config.resolution.resolvers - INFO - [OK] Tokenizer /home/nvidia/hf_cache/hub/models--swiss-ai--Apertus-v1.5-8B/snapshots/a411d838600baf0e3635a3daf66fb7c55fc97bb6/ detected
2026-09-17 17:29:20.461 - aiperf.config.resolution.resolvers - INFO - 1 tokenizer validated | 0.0s
2026-09-17 17:29:20.461 - aiperf.config.resolution.resolvers - INFO - Prefetching 1 tokenizer into HF cache...
2026-09-17 17:29:25.324 - aiperf.config.resolution.resolvers - INFO -   Cached /home/nvidia/hf_cache/hub/models--swiss-ai--Apertus-v1.5-8B/snapshots/a411d838600baf0e3635a3daf66fb7c55fc97bb6/ (4.86s)
2026-09-17 17:29:25.343 - aiperf.config.resolution.resolvers - INFO - 1 tokenizer cached • 4.9s
2026-09-17 17:29:25.531 - aiperf - WARNING - Using --osl without ignore_eos or min_tokens in --extra-inputs. Output sequence length cannot be guaranteed unless the server honors these parameters. Consider: --extra-inputs ignore_eos:true (generate until max_tokens) or --extra-inputs min_tokens:<value> (set minimum output length).
2026-09-17 17:29:25.669 - server_metrics_manager - INFO - Server Metrics: Discovered 1 endpoints: ['http://localhost:8000/metrics']
2026-09-17 17:29:25.701 - GPUTelemetryJSONLWriter_9fd22978 - INFO - GPU telemetry export enabled: /home/nvidia/apertus-benchmark/apertus-tokenomics/artifacts/bench/v15-8b-tp1-len8k/think/c64/gpu_telemetry_export.jsonl
2026-09-17 17:29:25.707 - OTelMetricsResultsProcessor_25b186a3 - INFO - Telemetry streaming is disabled (set --otel-url and/or --mlflow-tracking-uri to enable)
2026-09-17 17:29:25.708 - RecordExportJSONLWriter_b84fe935 - INFO - Record metrics export enabled: /home/nvidia/apertus-benchmark/apertus-tokenomics/artifacts/bench/v15-8b-tp1-len8k/think/c64/profile_export.jsonl
2026-09-17 17:29:25.759 - system_controller - INFO - Registered Worker Manager (id: 'worker_manager')
2026-09-17 17:29:25.851 - system_controller - INFO - Registered Gpu Telemetry Manager (id: 'gpu_telemetry_manager')
2026-09-17 17:29:25.851 - system_controller - INFO - Registered Server Metrics Manager (id: 'server_metrics_manager')
2026-09-17 17:29:25.851 - system_controller - INFO - Registered Dataset Manager (id: 'dataset_manager')
2026-09-17 17:29:25.851 - system_controller - INFO - Registered Records Manager (id: 'records_manager')
2026-09-17 17:29:25.852 - system_controller - INFO - Registered Timing Manager (id: 'timing_manager')
2026-09-17 17:29:25.962 - system_controller - INFO - Registered Record Processor (id: 'record_processor_94efdc15')
2026-09-17 17:29:25.963 - system_controller - INFO - Registered Record Processor (id: 'record_processor_ea2dd08e')
2026-09-17 17:29:25.965 - system_controller - INFO - Registered Record Processor (id: 'record_processor_d6f00de4')
2026-09-17 17:29:25.969 - system_controller - INFO - Registered Record Processor (id: 'record_processor_47b25727')
2026-09-17 17:29:25.970 - system_controller - INFO - Registered Record Processor (id: 'record_processor_491708e1')
2026-09-17 17:29:25.972 - system_controller - INFO - Registered Record Processor (id: 'record_processor_ba698038')
2026-09-17 17:29:25.973 - system_controller - INFO - Registered Record Processor (id: 'record_processor_453195b1')
2026-09-17 17:29:25.973 - system_controller - INFO - Registered Record Processor (id: 'record_processor_6efbd6bc')
2026-09-17 17:29:26.066 - system_controller - INFO - Registered Worker (id: 'worker_49f58596')
2026-09-17 17:29:26.067 - system_controller - INFO - Registered Worker (id: 'worker_367a79e8')
2026-09-17 17:29:26.072 - system_controller - INFO - Registered Worker (id: 'worker_865d9113')
2026-09-17 17:29:26.074 - system_controller - INFO - Registered Worker (id: 'worker_68ae4f9f')
2026-09-17 17:29:26.074 - system_controller - INFO - Registered Worker (id: 'worker_248544ee')
2026-09-17 17:29:26.075 - system_controller - INFO - Registered Worker (id: 'worker_459e63fb')
2026-09-17 17:29:26.075 - system_controller - INFO - Registered Worker (id: 'worker_efaa8b7b')
2026-09-17 17:29:26.078 - system_controller - INFO - Registered Worker (id: 'worker_60b3dd69')
2026-09-17 17:29:26.079 - system_controller - INFO - Registered Worker (id: 'worker_28d6d207')
2026-09-17 17:29:26.084 - system_controller - INFO - Registered Worker (id: 'worker_23620027')
2026-09-17 17:29:26.085 - system_controller - INFO - Registered Worker (id: 'worker_6d520708')
2026-09-17 17:29:26.085 - system_controller - INFO - Registered Worker (id: 'worker_34fd90cb')
2026-09-17 17:29:26.089 - system_controller - INFO - Registered Worker (id: 'worker_7364bcd7')
2026-09-17 17:29:26.091 - system_controller - INFO - Registered Worker (id: 'worker_16b88f25')
2026-09-17 17:29:26.094 - system_controller - INFO - Registered Worker (id: 'worker_2328e775')
2026-09-17 17:29:26.099 - system_controller - INFO - Registered Worker (id: 'worker_2dc25656')
2026-09-17 17:29:26.100 - system_controller - INFO - Registered Worker (id: 'worker_07919006')
2026-09-17 17:29:26.102 - system_controller - INFO - Registered Worker (id: 'worker_977dcc42')
2026-09-17 17:29:26.103 - system_controller - INFO - Registered Worker (id: 'worker_085500a7')
2026-09-17 17:29:26.103 - system_controller - INFO - Registered Worker (id: 'worker_e199963d')
2026-09-17 17:29:26.106 - system_controller - INFO - Registered Worker (id: 'worker_af8dd546')
2026-09-17 17:29:26.115 - system_controller - INFO - Registered Worker (id: 'worker_07a7a5a8')
2026-09-17 17:29:26.122 - system_controller - INFO - Registered Worker (id: 'worker_70cf5660')
2026-09-17 17:29:26.122 - system_controller - INFO - Registered Worker (id: 'worker_7afb70b7')
2026-09-17 17:29:26.123 - system_controller - INFO - Registered Worker (id: 'worker_8d9a7baf')
2026-09-17 17:29:26.126 - system_controller - INFO - Registered Worker (id: 'worker_1f728920')
2026-09-17 17:29:26.127 - system_controller - INFO - Registered Worker (id: 'worker_de0d36e4')
2026-09-17 17:29:26.127 - system_controller - INFO - Registered Worker (id: 'worker_67a6ba5d')
2026-09-17 17:29:26.128 - system_controller - INFO - Registered Worker (id: 'worker_a02ecb0e')
2026-09-17 17:29:26.128 - system_controller - INFO - Registered Worker (id: 'worker_fd21ad52')
2026-09-17 17:29:26.130 - system_controller - INFO - Registered Worker (id: 'worker_ab5fab6d')
2026-09-17 17:29:26.132 - system_controller - INFO - Registered Worker (id: 'worker_93d8bb6b')
2026-09-17 17:29:26.145 - system_controller - INFO - AIPerf System is CONFIGURING
2026-09-17 17:29:26.146 - system_controller - INFO - Configuring all services to start profiling
2026-09-17 17:29:26.147 - InferenceResultParser_c69203db - INFO - Configuring tokenizers for inference result parser (resolve_alias: True)
2026-09-17 17:29:26.147 - timing_manager - INFO - Waiting for dataset to be configured before configuring timing
2026-09-17 17:29:26.148 - InferenceResultParser_ac63badf - INFO - Configuring tokenizers for inference result parser (resolve_alias: True)
2026-09-17 17:29:26.148 - InferenceResultParser_2ec70016 - INFO - Configuring tokenizers for inference result parser (resolve_alias: True)
2026-09-17 17:29:26.148 - InferenceResultParser_09b29970 - INFO - Configuring tokenizers for inference result parser (resolve_alias: True)
2026-09-17 17:29:26.148 - InferenceResultParser_95e34d67 - INFO - Configuring tokenizers for inference result parser (resolve_alias: True)
2026-09-17 17:29:26.148 - InferenceResultParser_2a6e1e8f - INFO - Configuring tokenizers for inference result parser (resolve_alias: True)
2026-09-17 17:29:26.148 - InferenceResultParser_d1679f0b - INFO - Configuring tokenizers for inference result parser (resolve_alias: True)
2026-09-17 17:29:26.148 - InferenceResultParser_809ec3a7 - INFO - Configuring tokenizers for inference result parser (resolve_alias: True)
2026-09-17 17:29:26.149 - dataset_manager - INFO - Configuring tokenizer(s) for dataset manager
2026-09-17 17:29:26.174 - server_metrics_manager - INFO - Server Metrics: Capturing baseline metrics...
2026-09-17 17:29:26.177 - gpu_telemetry_manager - WARNING - GPU Telemetry: http://localhost:9400/metrics is not reachable
2026-09-17 17:29:26.179 - gpu_telemetry_manager - WARNING - GPU Telemetry: http://localhost:9401/metrics is not reachable
2026-09-17 17:29:26.181 - system_controller - INFO - DCGM telemetry skipped: no telemetry sources reachable
2026-09-17 17:29:26.181 - system_controller - INFO - Waiting for result domains: profile, server_metrics
2026-09-17 17:29:26.219 - http://localhost:8000/metrics - INFO - Skipping unsupported summary metric: http_request_size_bytes
2026-09-17 17:29:26.219 - http://localhost:8000/metrics - INFO - Skipping unsupported summary metric: http_response_size_bytes
2026-09-17 17:29:26.222 - system_controller - INFO - Server metrics enabled - 1/1 endpoint(s) reachable.
2026-09-17 17:29:31.258 - InferenceResultParser_2ec70016 - INFO - Initialized tokenizers: {'apertus': {'class': 'TokenizersBackend', 'name_or_path': '/home/nvidia/hf_cache/hub/models--swiss-ai--Apertus-v1.5-8B/snapshots/a411d838600baf0e3635a3daf66fb7c55fc97bb6/'}} in 5.11 seconds
2026-09-17 17:29:31.300 - InferenceResultParser_09b29970 - INFO - Initialized tokenizers: {'apertus': {'class': 'TokenizersBackend', 'name_or_path': '/home/nvidia/hf_cache/hub/models--swiss-ai--Apertus-v1.5-8B/snapshots/a411d838600baf0e3635a3daf66fb7c55fc97bb6/'}} in 5.15 seconds
2026-09-17 17:29:31.384 - InferenceResultParser_809ec3a7 - INFO - Initialized tokenizers: {'apertus': {'class': 'TokenizersBackend', 'name_or_path': '/home/nvidia/hf_cache/hub/models--swiss-ai--Apertus-v1.5-8B/snapshots/a411d838600baf0e3635a3daf66fb7c55fc97bb6/'}} in 5.24 seconds
2026-09-17 17:29:31.569 - InferenceResultParser_ac63badf - INFO - Initialized tokenizers: {'apertus': {'class': 'TokenizersBackend', 'name_or_path': '/home/nvidia/hf_cache/hub/models--swiss-ai--Apertus-v1.5-8B/snapshots/a411d838600baf0e3635a3daf66fb7c55fc97bb6/'}} in 5.42 seconds
2026-09-17 17:29:31.688 - InferenceResultParser_d1679f0b - INFO - Initialized tokenizers: {'apertus': {'class': 'TokenizersBackend', 'name_or_path': '/home/nvidia/hf_cache/hub/models--swiss-ai--Apertus-v1.5-8B/snapshots/a411d838600baf0e3635a3daf66fb7c55fc97bb6/'}} in 5.54 seconds
2026-09-17 17:29:32.319 - InferenceResultParser_95e34d67 - INFO - Initialized tokenizers: {'apertus': {'class': 'TokenizersBackend', 'name_or_path': '/home/nvidia/hf_cache/hub/models--swiss-ai--Apertus-v1.5-8B/snapshots/a411d838600baf0e3635a3daf66fb7c55fc97bb6/'}} in 6.17 seconds
2026-09-17 17:29:32.692 - InferenceResultParser_c69203db - INFO - Initialized tokenizers: {'apertus': {'class': 'TokenizersBackend', 'name_or_path': '/home/nvidia/hf_cache/hub/models--swiss-ai--Apertus-v1.5-8B/snapshots/a411d838600baf0e3635a3daf66fb7c55fc97bb6/'}} in 6.54 seconds
2026-09-17 17:29:32.741 - dataset_manager - INFO - Tokenizer(s) configured in 6.59 seconds
2026-09-17 17:29:32.742 - dataset_manager - INFO - Configuring dataset for dataset_manager
2026-09-17 17:29:32.933 - InferenceResultParser_2a6e1e8f - INFO - Initialized tokenizers: {'apertus': {'class': 'TokenizersBackend', 'name_or_path': '/home/nvidia/hf_cache/hub/models--swiss-ai--Apertus-v1.5-8B/snapshots/a411d838600baf0e3635a3daf66fb7c55fc97bb6/'}} in 6.79 seconds
2026-09-17 17:29:33.298 - MemoryMapDatasetBackingStore_3aaf3ca0 - INFO - Memory-mapped backing store initialized (streaming to /tmp/aiperf_mmap_aef93357338a/dataset.dat)
2026-09-17 17:29:33.464 - MemoryMapDatasetBackingStore_3aaf3ca0 - INFO - Data file finalized: 256 conversations, 0.73 MB
2026-09-17 17:29:33.467 - MemoryMapDatasetBackingStore_3aaf3ca0 - INFO - Index file created: /tmp/aiperf_mmap_aef93357338a/index.dat
2026-09-17 17:29:33.468 - dataset_manager - INFO - Backing store finalized: client_type=DatasetClientStoreType.MEMORY_MAP format=MemoryMapFormat.CONVERSATION data_file_path=PosixPath('/tmp/aiperf_mmap_aef93357338a/dataset.dat') index_file_path=PosixPath('/tmp/aiperf_mmap_aef93357338a/index.dat') conversation_count=256 total_size_bytes=769755 compressed=False compressed_data_file_path=None compressed_index_file_path=None compressed_size_bytes=0
2026-09-17 17:29:33.479 - dataset_manager - INFO - sampling strategy: sequential, unique conversations: 256, unique turn count: 256
2026-09-17 17:29:33.482 - dataset_manager - INFO - Generating inputs.json file at /home/nvidia/apertus-benchmark/apertus-tokenomics/artifacts/bench/v15-8b-tp1-len8k/think/c64/inputs.json
2026-09-17 17:29:33.502 - dataset_manager - INFO - inputs.json file generated in 0.02 seconds
2026-09-17 17:29:33.512 - PhaseOrchestrator_01efbd9d - INFO - Initialized 2 phase(s): ['Warmup', 'Profiling']
2026-09-17 17:29:33.731 - dataset_manager - INFO - Dataset client initialized and freed 256 conversations from memory
2026-09-17 17:29:33.731 - dataset_manager - INFO - Dataset configured in 0.99 seconds
2026-09-17 17:29:33.733 - system_controller - INFO - All services configured in 7.59 seconds
2026-09-17 17:29:33.733 - system_controller - INFO - AIPerf System is CONFIGURED
2026-09-17 17:29:33.735 - server_metrics_manager - INFO - Server Metrics: Started 1 collector(s) successfully
2026-09-17 17:29:33.740 - system_controller - INFO - All services started profiling successfully
2026-09-17 17:29:33.740 - system_controller - INFO - AIPerf System is PROFILING
2026-09-17 17:29:33.741 - RateTiming - INFO - Creating interval generator: pattern=concurrency_burst, rate=None, smoothness=None
2026-09-17 17:29:33.742 - PhaseRunner - NOTICE - Phase warmup (warmup) started | phase_index=0 | target: 20 requests
2026-09-17 17:29:33.744 - records_manager - INFO - Credit phase start: warmup
2026-09-17 17:29:33.747 - PhaseRunner - NOTICE - Phase warmup (warmup) sending complete | sent=20, completed=0, in_flight=20 | sessions: sent=20, completed=0
2026-09-17 17:29:34.218 - aiperf.metrics.types.osl_mismatch_metrics - WARNING - OSL mismatch: got 3 tokens (requested 2048, diff -99.9%)
2026-09-17 17:29:34.657 - aiperf.metrics.types.osl_mismatch_metrics - WARNING - OSL mismatch: got 67 tokens (requested 2048, diff -96.7%)
2026-09-17 17:29:34.714 - aiperf.metrics.types.osl_mismatch_metrics - WARNING - OSL mismatch: got 76 tokens (requested 2048, diff -96.3%)
2026-09-17 17:29:34.952 - aiperf.metrics.types.osl_mismatch_metrics - WARNING - OSL mismatch: got 110 tokens (requested 2048, diff -94.6%)
2026-09-17 17:29:34.955 - aiperf.metrics.types.osl_mismatch_metrics - WARNING - OSL mismatch: got 109 tokens (requested 2048, diff -94.7%)
2026-09-17 17:29:34.987 - aiperf.metrics.types.osl_mismatch_metrics - WARNING - OSL mismatch: got 117 tokens (requested 2048, diff -94.3%)
2026-09-17 17:29:35.047 - aiperf.metrics.types.osl_mismatch_metrics - WARNING - OSL mismatch: got 126 tokens (requested 2048, diff -93.8%)
2026-09-17 17:29:35.060 - aiperf.metrics.types.osl_mismatch_metrics - WARNING - OSL mismatch: got 126 tokens (requested 2048, diff -93.8%)
2026-09-17 17:29:35.345 - aiperf.metrics.types.osl_mismatch_metrics - WARNING - OSL mismatch: got 171 tokens (requested 2048, diff -91.7%)
2026-09-17 17:29:35.516 - aiperf.metrics.types.osl_mismatch_metrics - WARNING - OSL mismatch: got 197 tokens (requested 2048, diff -90.4%)
2026-09-17 17:29:35.541 - aiperf.metrics.types.osl_mismatch_metrics - WARNING - OSL mismatch: got 201 tokens (requested 2048, diff -90.2%)
2026-09-17 17:29:35.650 - aiperf.metrics.types.osl_mismatch_metrics - WARNING - OSL mismatch: got 218 tokens (requested 2048, diff -89.4%)
2026-09-17 17:29:36.210 - aiperf.metrics.types.osl_mismatch_metrics - WARNING - OSL mismatch: got 303 tokens (requested 2048, diff -85.2%)
2026-09-17 17:29:36.467 - aiperf.metrics.types.osl_mismatch_metrics - WARNING - OSL mismatch: got 344 tokens (requested 2048, diff -83.2%)
2026-09-17 17:29:36.722 - aiperf.metrics.types.osl_mismatch_metrics - WARNING - OSL mismatch: got 386 tokens (requested 2048, diff -81.2%)
2026-09-17 17:29:37.130 - aiperf.metrics.types.osl_mismatch_metrics - WARNING - OSL mismatch: got 449 tokens (requested 2048, diff -78.1%)
2026-09-17 17:29:37.173 - aiperf.metrics.types.osl_mismatch_metrics - WARNING - OSL mismatch: got 456 tokens (requested 2048, diff -77.7%)
2026-09-17 17:29:37.216 - aiperf.metrics.types.osl_mismatch_metrics - WARNING - OSL mismatch: got 463 tokens (requested 2048, diff -77.4%)
2026-09-17 17:29:37.386 - aiperf.metrics.types.osl_mismatch_metrics - WARNING - OSL mismatch: got 491 tokens (requested 2048, diff -76.0%)
2026-09-17 17:29:37.388 - PhaseRunner - NOTICE - Phase warmup (warmup) complete | completed=20, cancelled=0, errors=0 | sessions: completed=20, cancelled=0 | elapsed=3.65s
2026-09-17 17:29:37.390 - RateTiming - INFO - Creating interval generator: pattern=concurrency_burst, rate=None, smoothness=None
2026-09-17 17:29:37.390 - PhaseRunner - NOTICE - Phase profiling (profiling) started | phase_index=1 | profiling_index=0 | target: 256 requests
2026-09-17 17:29:37.390 - server_metrics_manager - INFO - Server Metrics: Warmup complete, capturing final warmup metrics...
2026-09-17 17:29:37.392 - records_manager - INFO - Credit phase start: profiling
2026-09-17 17:29:37.412 - aiperf.metrics.types.osl_mismatch_metrics - WARNING - OSL mismatch: got 496 tokens (requested 2048, diff -75.8%)
2026-09-17 17:29:38.729 - aiperf.metrics.types.osl_mismatch_metrics - WARNING - OSL mismatch: got 3 tokens (requested 2048, diff -99.9%)
2026-09-17 17:29:38.730 - aiperf.metrics.types.osl_mismatch_metrics - WARNING - OSL mismatch: got 2 tokens (requested 2048, diff -99.9%)
2026-09-17 17:29:38.744 - aiperf.metrics.types.osl_mismatch_metrics - WARNING - OSL mismatch: got 5 tokens (requested 2048, diff -99.8%)
2026-09-17 17:29:38.804 - aiperf.metrics.types.osl_mismatch_metrics - WARNING - OSL mismatch: got 9 tokens (requested 2048, diff -99.6%)
2026-09-17 17:29:38.865 - aiperf.metrics.types.osl_mismatch_metrics - WARNING - OSL mismatch: got 15 tokens (requested 2048, diff -99.3%)
2026-09-17 17:29:39.128 - aiperf.metrics.types.osl_mismatch_metrics - WARNING - OSL mismatch: got 36 tokens (requested 2048, diff -98.2%)
2026-09-17 17:29:39.332 - aiperf.metrics.types.osl_mismatch_metrics - WARNING - OSL mismatch: got 58 tokens (requested 2048, diff -97.2%)
2026-09-17 17:29:39.355 - aiperf.metrics.types.osl_mismatch_metrics - WARNING - OSL mismatch: got 63 tokens (requested 2048, diff -96.9%)
2026-09-17 17:29:39.449 - aiperf.metrics.types.osl_mismatch_metrics - WARNING - OSL mismatch: got 68 tokens (requested 2048, diff -96.7%)
2026-09-17 17:29:39.566 - aiperf.metrics.types.osl_mismatch_metrics - WARNING - OSL mismatch: got 79 tokens (requested 2048, diff -96.1%)
2026-09-17 17:29:39.585 - aiperf.metrics.types.osl_mismatch_metrics - WARNING - OSL mismatch: got 80 tokens (requested 2048, diff -96.1%)
2026-09-17 17:29:39.662 - aiperf.metrics.types.osl_mismatch_metrics - WARNING - OSL mismatch: got 85 tokens (requested 2048, diff -95.8%)
2026-09-17 17:29:39.709 - aiperf.metrics.types.osl_mismatch_metrics - WARNING - OSL mismatch: got 86 tokens (requested 2048, diff -95.8%)
2026-09-17 17:29:39.826 - aiperf.metrics.types.osl_mismatch_metrics - WARNING - OSL mismatch: got 97 tokens (requested 2048, diff -95.3%)
2026-09-17 17:29:39.901 - aiperf.metrics.types.osl_mismatch_metrics - WARNING - OSL mismatch: got 81 tokens (requested 2048, diff -96.0%)
2026-09-17 17:29:39.928 - aiperf.metrics.types.osl_mismatch_metrics - WARNING - OSL mismatch: got 107 tokens (requested 2048, diff -94.8%)
2026-09-17 17:29:39.937 - aiperf.metrics.types.osl_mismatch_metrics - WARNING - OSL mismatch: got 106 tokens (requested 2048, diff -94.8%)
2026-09-17 17:29:40.040 - aiperf.metrics.types.osl_mismatch_metrics - WARNING - OSL mismatch: got 116 tokens (requested 2048, diff -94.3%)
2026-09-17 17:29:40.060 - aiperf.metrics.types.osl_mismatch_metrics - WARNING - OSL mismatch: got 115 tokens (requested 2048, diff -94.4%)
2026-09-17 17:29:40.069 - aiperf.metrics.types.osl_mismatch_metrics - WARNING - OSL mismatch: got 115 tokens (requested 2048, diff -94.4%)
2026-09-17 17:29:40.070 - aiperf.metrics.types.osl_mismatch_metrics - WARNING - OSL mismatch: got 118 tokens (requested 2048, diff -94.2%)
2026-09-17 17:29:40.080 - aiperf.metrics.types.osl_mismatch_metrics - WARNING - OSL mismatch: got 116 tokens (requested 2048, diff -94.3%)
2026-09-17 17:29:40.081 - aiperf.metrics.types.osl_mismatch_metrics - WARNING - OSL mismatch: got 116 tokens (requested 2048, diff -94.3%)
2026-09-17 17:29:40.114 - aiperf.metrics.types.osl_mismatch_metrics - WARNING - OSL mismatch: got 99 tokens (requested 2048, diff -95.2%)
2026-09-17 17:29:40.153 - aiperf.metrics.types.osl_mismatch_metrics - WARNING - OSL mismatch: got 122 tokens (requested 2048, diff -94.0%)
2026-09-17 17:29:40.155 - aiperf.metrics.types.osl_mismatch_metrics - WARNING - OSL mismatch: got 121 tokens (requested 2048, diff -94.1%)
2026-09-17 17:29:40.321 - aiperf.metrics.types.osl_mismatch_metrics - WARNING - OSL mismatch: got 16 tokens (requested 2048, diff -99.2%)
2026-09-17 17:29:40.330 - aiperf.metrics.types.osl_mismatch_metrics - WARNING - OSL mismatch: got 2 tokens (requested 2048, diff -99.9%)
2026-09-17 17:29:40.330 - aiperf.metrics.types.osl_mismatch_metrics - WARNING - OSL mismatch: got 5 tokens (requested 2048, diff -99.8%)
2026-09-17 17:29:40.355 - aiperf.metrics.types.osl_mismatch_metrics - WARNING - OSL mismatch: got 39 tokens (requested 2048, diff -98.1%)
2026-09-17 17:29:40.356 - aiperf.metrics.types.osl_mismatch_metrics - WARNING - OSL mismatch: got 131 tokens (requested 2048, diff -93.6%)
2026-09-17 17:29:40.357 - aiperf.metrics.types.osl_mismatch_metrics - WARNING - OSL mismatch: got 131 tokens (requested 2048, diff -93.6%)
2026-09-17 17:29:40.393 - aiperf.metrics.types.osl_mismatch_metrics - WARNING - OSL mismatch: got 135 tokens (requested 2048, diff -93.4%)
2026-09-17 17:29:40.593 - aiperf.metrics.types.osl_mismatch_metrics - WARNING - OSL mismatch: got 99 tokens (requested 2048, diff -95.2%)
2026-09-17 17:29:40.594 - aiperf.metrics.types.osl_mismatch_metrics - WARNING - OSL mismatch: got 143 tokens (requested 2048, diff -93.0%)
2026-09-17 17:29:40.667 - aiperf.metrics.types.osl_mismatch_metrics - WARNING - OSL mismatch: got 147 tokens (requested 2048, diff -92.8%)
2026-09-17 17:29:40.803 - aiperf.metrics.types.osl_mismatch_metrics - WARNING - OSL mismatch: got 92 tokens (requested 2048, diff -95.5%)
2026-09-17 17:29:40.809 - aiperf.metrics.types.osl_mismatch_metrics - WARNING - OSL mismatch: got 159 tokens (requested 2048, diff -92.2%)
2026-09-17 17:29:40.903 - aiperf.metrics.types.osl_mismatch_metrics - WARNING - OSL mismatch: got 82 tokens (requested 2048, diff -96.0%)
2026-09-17 17:29:41.030 - aiperf.metrics.types.osl_mismatch_metrics - WARNING - OSL mismatch: got 180 tokens (requested 2048, diff -91.2%)
2026-09-17 17:29:41.122 - aiperf.metrics.types.osl_mismatch_metrics - WARNING - OSL mismatch: got 74 tokens (requested 2048, diff -96.4%)
2026-09-17 17:29:41.245 - aiperf.metrics.types.osl_mismatch_metrics - WARNING - OSL mismatch: got 70 tokens (requested 2048, diff -96.6%)
2026-09-17 17:29:41.248 - aiperf.metrics.types.osl_mismatch_metrics - WARNING - OSL mismatch: got 195 tokens (requested 2048, diff -90.5%)
2026-09-17 17:29:41.280 - aiperf.metrics.types.osl_mismatch_metrics - WARNING - OSL mismatch: got 199 tokens (requested 2048, diff -90.3%)
2026-09-17 17:29:41.308 - aiperf.metrics.types.osl_mismatch_metrics - WARNING - OSL mismatch: got 204 tokens (requested 2048, diff -90.0%)
2026-09-17 17:29:41.530 - aiperf.metrics.types.osl_mismatch_metrics - WARNING - OSL mismatch: got 220 tokens (requested 2048, diff -89.3%)
2026-09-17 17:29:41.615 - aiperf.metrics.types.osl_mismatch_metrics - WARNING - OSL mismatch: got 228 tokens (requested 2048, diff -88.9%)
2026-09-17 17:29:41.649 - aiperf.metrics.types.osl_mismatch_metrics - WARNING - OSL mismatch: got 104 tokens (requested 2048, diff -94.9%)
2026-09-17 17:29:41.717 - aiperf.metrics.types.osl_mismatch_metrics - WARNING - OSL mismatch: got 1 tokens (requested 2048, diff -100.0%)
2026-09-17 17:29:41.737 - aiperf.metrics.types.osl_mismatch_metrics - WARNING - OSL mismatch: got 66 tokens (requested 2048, diff -96.8%)
2026-09-17 17:29:41.880 - aiperf.metrics.types.osl_mismatch_metrics - WARNING - OSL mismatch: got 103 tokens (requested 2048, diff -95.0%)
2026-09-17 17:29:41.899 - aiperf.metrics.types.osl_mismatch_metrics - WARNING - OSL mismatch: got 251 tokens (requested 2048, diff -87.7%)
2026-09-17 17:29:41.919 - aiperf.metrics.types.osl_mismatch_metrics - WARNING - OSL mismatch: got 253 tokens (requested 2048, diff -87.6%)
2026-09-17 17:29:41.935 - aiperf.metrics.types.osl_mismatch_metrics - WARNING - OSL mismatch: got 97 tokens (requested 2048, diff -95.3%)
2026-09-17 17:29:42.169 - aiperf.metrics.types.osl_mismatch_metrics - WARNING - OSL mismatch: got 268 tokens (requested 2048, diff -86.9%)
2026-09-17 17:29:42.183 - aiperf.metrics.types.osl_mismatch_metrics - WARNING - OSL mismatch: got 270 tokens (requested 2048, diff -86.8%)
2026-09-17 17:29:42.305 - aiperf.metrics.types.osl_mismatch_metrics - WARNING - OSL mismatch: got 86 tokens (requested 2048, diff -95.8%)
2026-09-17 17:29:42.463 - aiperf.metrics.types.osl_mismatch_metrics - WARNING - OSL mismatch: got 169 tokens (requested 2048, diff -91.7%)
2026-09-17 17:29:42.471 - aiperf.metrics.types.osl_mismatch_metrics - WARNING - OSL mismatch: got 296 tokens (requested 2048, diff -85.5%)
2026-09-17 17:29:42.487 - aiperf.metrics.types.osl_mismatch_metrics - WARNING - OSL mismatch: got 300 tokens (requested 2048, diff -85.4%)
2026-09-17 17:29:42.613 - aiperf.metrics.types.osl_mismatch_metrics - WARNING - OSL mismatch: got 306 tokens (requested 2048, diff -85.1%)
2026-09-17 17:29:42.651 - aiperf.metrics.types.osl_mismatch_metrics - WARNING - OSL mismatch: got 105 tokens (requested 2048, diff -94.9%)
2026-09-17 17:29:42.728 - aiperf.metrics.types.osl_mismatch_metrics - WARNING - OSL mismatch: got 188 tokens (requested 2048, diff -90.8%)
2026-09-17 17:29:42.755 - aiperf.metrics.types.osl_mismatch_metrics - WARNING - OSL mismatch: got 314 tokens (requested 2048, diff -84.7%)
2026-09-17 17:29:42.799 - aiperf.metrics.types.osl_mismatch_metrics - WARNING - OSL mismatch: got 137 tokens (requested 2048, diff -93.3%)
2026-09-17 17:29:42.806 - aiperf.metrics.types.osl_mismatch_metrics - WARNING - OSL mismatch: got 244 tokens (requested 2048, diff -88.1%)
2026-09-17 17:29:42.814 - aiperf.metrics.types.osl_mismatch_metrics - WARNING - OSL mismatch: got 155 tokens (requested 2048, diff -92.4%)
2026-09-17 17:29:42.838 - aiperf.metrics.types.osl_mismatch_metrics - WARNING - OSL mismatch: got 324 tokens (requested 2048, diff -84.2%)
2026-09-17 17:29:42.847 - aiperf.metrics.types.osl_mismatch_metrics - WARNING - OSL mismatch: got 329 tokens (requested 2048, diff -83.9%)
2026-09-17 17:29:42.855 - aiperf.metrics.types.osl_mismatch_metrics - WARNING - OSL mismatch: got 330 tokens (requested 2048, diff -83.9%)
2026-09-17 17:29:43.122 - aiperf.metrics.types.osl_mismatch_metrics - WARNING - OSL mismatch: got 9 tokens (requested 2048, diff -99.6%)
2026-09-17 17:29:43.169 - aiperf.metrics.types.osl_mismatch_metrics - WARNING - OSL mismatch: got 112 tokens (requested 2048, diff -94.5%)
2026-09-17 17:29:43.273 - aiperf.metrics.types.osl_mismatch_metrics - WARNING - OSL mismatch: got 356 tokens (requested 2048, diff -82.6%)
2026-09-17 17:29:43.402 - aiperf.metrics.types.osl_mismatch_metrics - WARNING - OSL mismatch: got 6 tokens (requested 2048, diff -99.7%)
2026-09-17 17:29:43.463 - aiperf.metrics.types.osl_mismatch_metrics - WARNING - OSL mismatch: got 225 tokens (requested 2048, diff -89.0%)
2026-09-17 17:29:43.520 - aiperf.metrics.types.osl_mismatch_metrics - WARNING - OSL mismatch: got 377 tokens (requested 2048, diff -81.6%)
2026-09-17 17:29:43.596 - aiperf.metrics.types.osl_mismatch_metrics - WARNING - OSL mismatch: got 1 tokens (requested 2048, diff -100.0%)
2026-09-17 17:29:43.780 - aiperf.metrics.types.osl_mismatch_metrics - WARNING - OSL mismatch: got 394 tokens (requested 2048, diff -80.8%)
2026-09-17 17:29:43.830 - aiperf.metrics.types.osl_mismatch_metrics - WARNING - OSL mismatch: got 399 tokens (requested 2048, diff -80.5%)
2026-09-17 17:29:43.841 - aiperf.metrics.types.osl_mismatch_metrics - WARNING - OSL mismatch: got 379 tokens (requested 2048, diff -81.5%)
2026-09-17 17:29:43.961 - aiperf.metrics.types.osl_mismatch_metrics - WARNING - OSL mismatch: got 408 tokens (requested 2048, diff -80.1%)
2026-09-17 17:29:43.984 - aiperf.metrics.types.osl_mismatch_metrics - WARNING - OSL mismatch: got 299 tokens (requested 2048, diff -85.4%)
2026-09-17 17:29:44.063 - aiperf.metrics.types.osl_mismatch_metrics - WARNING - OSL mismatch: got 160 tokens (requested 2048, diff -92.2%)
2026-09-17 17:29:44.104 - aiperf.metrics.types.osl_mismatch_metrics - WARNING - OSL mismatch: got 292 tokens (requested 2048, diff -85.7%)
2026-09-17 17:29:44.114 - aiperf.metrics.types.osl_mismatch_metrics - WARNING - OSL mismatch: got 89 tokens (requested 2048, diff -95.7%)
2026-09-17 17:29:44.158 - aiperf.metrics.types.osl_mismatch_metrics - WARNING - OSL mismatch: got 280 tokens (requested 2048, diff -86.3%)
2026-09-17 17:29:44.254 - aiperf.metrics.types.osl_mismatch_metrics - WARNING - OSL mismatch: got 189 tokens (requested 2048, diff -90.8%)
2026-09-17 17:29:44.373 - aiperf.metrics.types.osl_mismatch_metrics - WARNING - OSL mismatch: got 108 tokens (requested 2048, diff -94.7%)
2026-09-17 17:29:44.459 - aiperf.metrics.types.osl_mismatch_metrics - WARNING - OSL mismatch: got 68 tokens (requested 2048, diff -96.7%)
2026-09-17 17:29:44.466 - aiperf.metrics.types.osl_mismatch_metrics - WARNING - OSL mismatch: got 446 tokens (requested 2048, diff -78.2%)
2026-09-17 17:29:44.485 - aiperf.metrics.types.osl_mismatch_metrics - WARNING - OSL mismatch: got 118 tokens (requested 2048, diff -94.2%)
2026-09-17 17:29:44.496 - aiperf.metrics.types.osl_mismatch_metrics - WARNING - OSL mismatch: got 146 tokens (requested 2048, diff -92.9%)
2026-09-17 17:29:44.514 - aiperf.metrics.types.osl_mismatch_metrics - WARNING - OSL mismatch: got 454 tokens (requested 2048, diff -77.8%)
2026-09-17 17:29:44.621 - aiperf.metrics.types.osl_mismatch_metrics - WARNING - OSL mismatch: got 69 tokens (requested 2048, diff -96.6%)
2026-09-17 17:29:44.627 - aiperf.metrics.types.osl_mismatch_metrics - WARNING - OSL mismatch: got 19 tokens (requested 2048, diff -99.1%)
2026-09-17 17:29:44.724 - aiperf.metrics.types.osl_mismatch_metrics - WARNING - OSL mismatch: got 261 tokens (requested 2048, diff -87.3%)
2026-09-17 17:29:44.848 - aiperf.metrics.types.osl_mismatch_metrics - WARNING - OSL mismatch: got 470 tokens (requested 2048, diff -77.1%)
2026-09-17 17:29:44.944 - aiperf.metrics.types.osl_mismatch_metrics - WARNING - OSL mismatch: got 312 tokens (requested 2048, diff -84.8%)
2026-09-17 17:29:44.977 - aiperf.metrics.types.osl_mismatch_metrics - WARNING - OSL mismatch: got 207 tokens (requested 2048, diff -89.9%)
2026-09-17 17:29:45.021 - aiperf.metrics.types.osl_mismatch_metrics - WARNING - OSL mismatch: got 343 tokens (requested 2048, diff -83.3%)
2026-09-17 17:29:45.030 - aiperf.metrics.types.osl_mismatch_metrics - WARNING - OSL mismatch: got 422 tokens (requested 2048, diff -79.4%)
2026-09-17 17:29:45.182 - aiperf.metrics.types.osl_mismatch_metrics - WARNING - OSL mismatch: got 84 tokens (requested 2048, diff -95.9%)
2026-09-17 17:29:45.259 - aiperf.metrics.types.osl_mismatch_metrics - WARNING - OSL mismatch: got 298 tokens (requested 2048, diff -85.4%)
2026-09-17 17:29:45.303 - aiperf.metrics.types.osl_mismatch_metrics - WARNING - OSL mismatch: got 221 tokens (requested 2048, diff -89.2%)
2026-09-17 17:29:45.333 - aiperf.metrics.types.osl_mismatch_metrics - WARNING - OSL mismatch: got 81 tokens (requested 2048, diff -96.0%)
2026-09-17 17:29:45.386 - aiperf.metrics.types.osl_mismatch_metrics - WARNING - OSL mismatch: got 199 tokens (requested 2048, diff -90.3%)
2026-09-17 17:29:45.543 - aiperf.metrics.types.osl_mismatch_metrics - WARNING - OSL mismatch: got 73 tokens (requested 2048, diff -96.4%)
2026-09-17 17:29:45.564 - aiperf.metrics.types.osl_mismatch_metrics - WARNING - OSL mismatch: got 528 tokens (requested 2048, diff -74.2%)
2026-09-17 17:29:45.595 - aiperf.metrics.types.osl_mismatch_metrics - WARNING - OSL mismatch: got 201 tokens (requested 2048, diff -90.2%)
2026-09-17 17:29:45.700 - aiperf.metrics.types.osl_mismatch_metrics - WARNING - OSL mismatch: got 18 tokens (requested 2048, diff -99.1%)
2026-09-17 17:29:45.743 - aiperf.metrics.types.osl_mismatch_metrics - WARNING - OSL mismatch: got 75 tokens (requested 2048, diff -96.3%)
2026-09-17 17:29:45.764 - aiperf.metrics.types.osl_mismatch_metrics - WARNING - OSL mismatch: got 140 tokens (requested 2048, diff -93.2%)
2026-09-17 17:29:45.775 - aiperf.metrics.types.osl_mismatch_metrics - WARNING - OSL mismatch: got 544 tokens (requested 2048, diff -73.4%)
2026-09-17 17:29:45.792 - aiperf.metrics.types.osl_mismatch_metrics - WARNING - OSL mismatch: got 10 tokens (requested 2048, diff -99.5%)
2026-09-17 17:29:45.853 - aiperf.metrics.types.osl_mismatch_metrics - WARNING - OSL mismatch: got 216 tokens (requested 2048, diff -89.5%)
2026-09-17 17:29:45.953 - aiperf.metrics.types.osl_mismatch_metrics - WARNING - OSL mismatch: got 42 tokens (requested 2048, diff -97.9%)
2026-09-17 17:29:45.970 - aiperf.metrics.types.osl_mismatch_metrics - WARNING - OSL mismatch: got 242 tokens (requested 2048, diff -88.2%)
2026-09-17 17:29:46.086 - aiperf.metrics.types.osl_mismatch_metrics - WARNING - OSL mismatch: got 158 tokens (requested 2048, diff -92.3%)
2026-09-17 17:29:46.143 - aiperf.metrics.types.osl_mismatch_metrics - WARNING - OSL mismatch: got 113 tokens (requested 2048, diff -94.5%)
2026-09-17 17:29:46.190 - aiperf.metrics.types.osl_mismatch_metrics - WARNING - OSL mismatch: got 550 tokens (requested 2048, diff -73.1%)
2026-09-17 17:29:46.204 - aiperf.metrics.types.osl_mismatch_metrics - WARNING - OSL mismatch: got 445 tokens (requested 2048, diff -78.3%)
2026-09-17 17:29:46.214 - aiperf.metrics.types.osl_mismatch_metrics - WARNING - OSL mismatch: got 321 tokens (requested 2048, diff -84.3%)
2026-09-17 17:29:46.352 - aiperf.metrics.types.osl_mismatch_metrics - WARNING - OSL mismatch: got 3 tokens (requested 2048, diff -99.9%)
2026-09-17 17:29:46.378 - aiperf.metrics.types.osl_mismatch_metrics - WARNING - OSL mismatch: got 98 tokens (requested 2048, diff -95.2%)
2026-09-17 17:29:46.379 - aiperf.metrics.types.osl_mismatch_metrics - WARNING - OSL mismatch: got 130 tokens (requested 2048, diff -93.7%)
2026-09-17 17:29:46.392 - aiperf.metrics.types.osl_mismatch_metrics - WARNING - OSL mismatch: got 52 tokens (requested 2048, diff -97.5%)
2026-09-17 17:29:46.480 - aiperf.metrics.types.osl_mismatch_metrics - WARNING - OSL mismatch: got 314 tokens (requested 2048, diff -84.7%)
2026-09-17 17:29:46.496 - aiperf.metrics.types.osl_mismatch_metrics - WARNING - OSL mismatch: got 594 tokens (requested 2048, diff -71.0%)
2026-09-17 17:29:46.635 - aiperf.metrics.types.osl_mismatch_metrics - WARNING - OSL mismatch: got 87 tokens (requested 2048, diff -95.8%)
2026-09-17 17:29:46.666 - aiperf.metrics.types.osl_mismatch_metrics - WARNING - OSL mismatch: got 347 tokens (requested 2048, diff -83.1%)
2026-09-17 17:29:46.699 - aiperf.metrics.types.osl_mismatch_metrics - WARNING - OSL mismatch: got 14 tokens (requested 2048, diff -99.3%)
2026-09-17 17:29:46.759 - aiperf.metrics.types.osl_mismatch_metrics - WARNING - OSL mismatch: got 587 tokens (requested 2048, diff -71.3%)
2026-09-17 17:29:46.814 - aiperf.metrics.types.osl_mismatch_metrics - WARNING - OSL mismatch: got 133 tokens (requested 2048, diff -93.5%)
2026-09-17 17:29:46.814 - aiperf.metrics.types.osl_mismatch_metrics - WARNING - OSL mismatch: got 123 tokens (requested 2048, diff -94.0%)
2026-09-17 17:29:46.939 - aiperf.metrics.types.osl_mismatch_metrics - WARNING - OSL mismatch: got 264 tokens (requested 2048, diff -87.1%)
2026-09-17 17:29:46.987 - aiperf.metrics.types.osl_mismatch_metrics - WARNING - OSL mismatch: got 483 tokens (requested 2048, diff -76.4%)
2026-09-17 17:29:47.103 - aiperf.metrics.types.osl_mismatch_metrics - WARNING - OSL mismatch: got 145 tokens (requested 2048, diff -92.9%)
2026-09-17 17:29:47.180 - aiperf.metrics.types.osl_mismatch_metrics - WARNING - OSL mismatch: got 310 tokens (requested 2048, diff -84.9%)
2026-09-17 17:29:47.325 - aiperf.metrics.types.osl_mismatch_metrics - WARNING - OSL mismatch: got 497 tokens (requested 2048, diff -75.7%)
2026-09-17 17:29:47.412 - aiperf.metrics.types.osl_mismatch_metrics - WARNING - OSL mismatch: got 157 tokens (requested 2048, diff -92.3%)
2026-09-17 17:29:47.428 - aiperf.metrics.types.osl_mismatch_metrics - WARNING - OSL mismatch: got 661 tokens (requested 2048, diff -67.7%)
2026-09-17 17:29:47.445 - aiperf.metrics.types.osl_mismatch_metrics - WARNING - OSL mismatch: got 439 tokens (requested 2048, diff -78.6%)
2026-09-17 17:29:47.614 - aiperf.metrics.types.osl_mismatch_metrics - WARNING - OSL mismatch: got 253 tokens (requested 2048, diff -87.6%)
2026-09-17 17:29:47.722 - aiperf.metrics.types.osl_mismatch_metrics - WARNING - OSL mismatch: got 684 tokens (requested 2048, diff -66.6%)
2026-09-17 17:29:47.733 - aiperf.metrics.types.osl_mismatch_metrics - WARNING - OSL mismatch: got 95 tokens (requested 2048, diff -95.4%)
2026-09-17 17:29:47.763 - aiperf.metrics.types.osl_mismatch_metrics - WARNING - OSL mismatch: got 144 tokens (requested 2048, diff -93.0%)
2026-09-17 17:29:47.867 - aiperf.metrics.types.osl_mismatch_metrics - WARNING - OSL mismatch: got 4 tokens (requested 2048, diff -99.8%)
2026-09-17 17:29:47.889 - aiperf.metrics.types.osl_mismatch_metrics - WARNING - OSL mismatch: got 696 tokens (requested 2048, diff -66.0%)
2026-09-17 17:29:47.902 - aiperf.metrics.types.osl_mismatch_metrics - WARNING - OSL mismatch: got 89 tokens (requested 2048, diff -95.7%)
2026-09-17 17:29:47.908 - aiperf.metrics.types.osl_mismatch_metrics - WARNING - OSL mismatch: got 457 tokens (requested 2048, diff -77.7%)
2026-09-17 17:29:47.948 - aiperf.metrics.types.osl_mismatch_metrics - WARNING - OSL mismatch: got 153 tokens (requested 2048, diff -92.5%)
2026-09-17 17:29:47.968 - aiperf.metrics.types.osl_mismatch_metrics - WARNING - OSL mismatch: got 19 tokens (requested 2048, diff -99.1%)
2026-09-17 17:29:48.175 - aiperf.metrics.types.osl_mismatch_metrics - WARNING - OSL mismatch: got 385 tokens (requested 2048, diff -81.2%)
2026-09-17 17:29:48.257 - aiperf.metrics.types.osl_mismatch_metrics - WARNING - OSL mismatch: got 277 tokens (requested 2048, diff -86.5%)
2026-09-17 17:29:48.361 - aiperf.metrics.types.osl_mismatch_metrics - WARNING - OSL mismatch: got 736 tokens (requested 2048, diff -64.1%)
2026-09-17 17:29:48.381 - aiperf.metrics.types.osl_mismatch_metrics - WARNING - OSL mismatch: got 529 tokens (requested 2048, diff -74.2%)
2026-09-17 17:29:48.404 - aiperf.metrics.types.osl_mismatch_metrics - WARNING - OSL mismatch: got 202 tokens (requested 2048, diff -90.1%)
2026-09-17 17:29:48.412 - aiperf.metrics.types.osl_mismatch_metrics - WARNING - OSL mismatch: got 594 tokens (requested 2048, diff -71.0%)
2026-09-17 17:29:48.501 - aiperf.metrics.types.osl_mismatch_metrics - WARNING - OSL mismatch: got 112 tokens (requested 2048, diff -94.5%)
2026-09-17 17:29:48.554 - aiperf.metrics.types.osl_mismatch_metrics - WARNING - OSL mismatch: got 661 tokens (requested 2048, diff -67.7%)
2026-09-17 17:29:48.666 - aiperf.metrics.types.osl_mismatch_metrics - WARNING - OSL mismatch: got 608 tokens (requested 2048, diff -70.3%)
2026-09-17 17:29:48.705 - aiperf.metrics.types.osl_mismatch_metrics - WARNING - OSL mismatch: got 378 tokens (requested 2048, diff -81.5%)
2026-09-17 17:29:48.764 - aiperf.metrics.types.osl_mismatch_metrics - WARNING - OSL mismatch: got 113 tokens (requested 2048, diff -94.5%)
2026-09-17 17:29:48.774 - aiperf.metrics.types.osl_mismatch_metrics - WARNING - OSL mismatch: got 134 tokens (requested 2048, diff -93.5%)
2026-09-17 17:29:48.835 - aiperf.metrics.types.osl_mismatch_metrics - WARNING - OSL mismatch: got 152 tokens (requested 2048, diff -92.6%)
2026-09-17 17:29:48.840 - aiperf.metrics.types.osl_mismatch_metrics - WARNING - OSL mismatch: got 610 tokens (requested 2048, diff -70.2%)
2026-09-17 17:29:48.859 - aiperf.metrics.types.osl_mismatch_metrics - WARNING - OSL mismatch: got 302 tokens (requested 2048, diff -85.3%)
2026-09-17 17:29:48.875 - aiperf.metrics.types.osl_mismatch_metrics - WARNING - OSL mismatch: got 357 tokens (requested 2048, diff -82.6%)
2026-09-17 17:29:49.061 - aiperf.metrics.types.osl_mismatch_metrics - WARNING - OSL mismatch: got 76 tokens (requested 2048, diff -96.3%)
2026-09-17 17:29:49.111 - aiperf.metrics.types.osl_mismatch_metrics - WARNING - OSL mismatch: got 124 tokens (requested 2048, diff -93.9%)
2026-09-17 17:29:49.172 - aiperf.metrics.types.osl_mismatch_metrics - WARNING - OSL mismatch: got 790 tokens (requested 2048, diff -61.4%)
2026-09-17 17:29:49.200 - aiperf.metrics.types.osl_mismatch_metrics - WARNING - OSL mismatch: got 15 tokens (requested 2048, diff -99.3%)
2026-09-17 17:29:49.304 - aiperf.metrics.types.osl_mismatch_metrics - WARNING - OSL mismatch: got 124 tokens (requested 2048, diff -93.9%)
2026-09-17 17:29:49.393 - aiperf.metrics.types.osl_mismatch_metrics - WARNING - OSL mismatch: got 102 tokens (requested 2048, diff -95.0%)
2026-09-17 17:29:49.496 - aiperf.metrics.types.osl_mismatch_metrics - WARNING - OSL mismatch: got 74 tokens (requested 2048, diff -96.4%)
2026-09-17 17:29:49.503 - aiperf.metrics.types.osl_mismatch_metrics - WARNING - OSL mismatch: got 4 tokens (requested 2048, diff -99.8%)
2026-09-17 17:29:49.622 - aiperf.metrics.types.osl_mismatch_metrics - WARNING - OSL mismatch: got 2 tokens (requested 2048, diff -99.9%)
2026-09-17 17:29:49.820 - aiperf.metrics.types.osl_mismatch_metrics - WARNING - OSL mismatch: got 842 tokens (requested 2048, diff -58.9%)
2026-09-17 17:29:49.885 - aiperf.metrics.types.osl_mismatch_metrics - WARNING - OSL mismatch: got 99 tokens (requested 2048, diff -95.2%)
2026-09-17 17:29:49.902 - aiperf.metrics.types.osl_mismatch_metrics - WARNING - OSL mismatch: got 109 tokens (requested 2048, diff -94.7%)
2026-09-17 17:29:50.009 - aiperf.metrics.types.osl_mismatch_metrics - WARNING - OSL mismatch: got 208 tokens (requested 2048, diff -89.8%)
2026-09-17 17:29:50.010 - aiperf.metrics.types.osl_mismatch_metrics - WARNING - OSL mismatch: got 34 tokens (requested 2048, diff -98.3%)
2026-09-17 17:29:50.028 - aiperf.metrics.types.osl_mismatch_metrics - WARNING - OSL mismatch: got 5 tokens (requested 2048, diff -99.8%)
2026-09-17 17:29:50.042 - aiperf.metrics.types.osl_mismatch_metrics - WARNING - OSL mismatch: got 311 tokens (requested 2048, diff -84.8%)
2026-09-17 17:29:50.069 - aiperf.metrics.types.osl_mismatch_metrics - WARNING - OSL mismatch: got 431 tokens (requested 2048, diff -79.0%)
2026-09-17 17:29:50.209 - aiperf.metrics.types.osl_mismatch_metrics - WARNING - OSL mismatch: got 3 tokens (requested 2048, diff -99.9%)
2026-09-17 17:29:50.294 - aiperf.metrics.types.osl_mismatch_metrics - WARNING - OSL mismatch: got 570 tokens (requested 2048, diff -72.2%)
2026-09-17 17:29:50.338 - aiperf.metrics.types.osl_mismatch_metrics - WARNING - OSL mismatch: got 119 tokens (requested 2048, diff -94.2%)
2026-09-17 17:29:50.360 - aiperf.metrics.types.osl_mismatch_metrics - WARNING - OSL mismatch: got 15 tokens (requested 2048, diff -99.3%)
2026-09-17 17:29:50.388 - aiperf.metrics.types.osl_mismatch_metrics - WARNING - OSL mismatch: got 109 tokens (requested 2048, diff -94.7%)
2026-09-17 17:29:50.389 - aiperf.metrics.types.osl_mismatch_metrics - WARNING - OSL mismatch: got 320 tokens (requested 2048, diff -84.4%)
2026-09-17 17:29:50.391 - PhaseRunner - NOTICE - Phase profiling (profiling) sending complete | sent=256, completed=192, in_flight=64 | sessions: sent=256, completed=192
2026-09-17 17:29:50.394 - records_manager - INFO - Sent 256 requests. Waiting for all to complete...
2026-09-17 17:29:50.402 - aiperf.metrics.types.osl_mismatch_metrics - WARNING - OSL mismatch: got 135 tokens (requested 2048, diff -93.4%)
2026-09-17 17:29:50.471 - aiperf.metrics.types.osl_mismatch_metrics - WARNING - OSL mismatch: got 113 tokens (requested 2048, diff -94.5%)
2026-09-17 17:29:50.526 - aiperf.metrics.types.osl_mismatch_metrics - WARNING - OSL mismatch: got 97 tokens (requested 2048, diff -95.3%)
2026-09-17 17:29:50.595 - aiperf.metrics.types.osl_mismatch_metrics - WARNING - OSL mismatch: got 135 tokens (requested 2048, diff -93.4%)
2026-09-17 17:29:50.631 - aiperf.metrics.types.osl_mismatch_metrics - WARNING - OSL mismatch: got 305 tokens (requested 2048, diff -85.1%)
2026-09-17 17:29:50.650 - aiperf.metrics.types.osl_mismatch_metrics - WARNING - OSL mismatch: got 542 tokens (requested 2048, diff -73.5%)
2026-09-17 17:29:50.703 - aiperf.metrics.types.osl_mismatch_metrics - WARNING - OSL mismatch: got 649 tokens (requested 2048, diff -68.3%)
2026-09-17 17:29:50.924 - aiperf.metrics.types.osl_mismatch_metrics - WARNING - OSL mismatch: got 367 tokens (requested 2048, diff -82.1%)
2026-09-17 17:29:50.943 - aiperf.metrics.types.osl_mismatch_metrics - WARNING - OSL mismatch: got 384 tokens (requested 2048, diff -81.2%)
2026-09-17 17:29:50.975 - aiperf.metrics.types.osl_mismatch_metrics - WARNING - OSL mismatch: got 841 tokens (requested 2048, diff -58.9%)
2026-09-17 17:29:51.020 - aiperf.metrics.types.osl_mismatch_metrics - WARNING - OSL mismatch: got 331 tokens (requested 2048, diff -83.8%)
2026-09-17 17:29:51.051 - aiperf.metrics.types.osl_mismatch_metrics - WARNING - OSL mismatch: got 141 tokens (requested 2048, diff -93.1%)
2026-09-17 17:29:51.057 - aiperf.metrics.types.osl_mismatch_metrics - WARNING - OSL mismatch: got 98 tokens (requested 2048, diff -95.2%)
2026-09-17 17:29:51.068 - aiperf.metrics.types.osl_mismatch_metrics - WARNING - OSL mismatch: got 477 tokens (requested 2048, diff -76.7%)
2026-09-17 17:29:51.204 - aiperf.metrics.types.osl_mismatch_metrics - WARNING - OSL mismatch: got 831 tokens (requested 2048, diff -59.4%)
2026-09-17 17:29:51.250 - aiperf.metrics.types.osl_mismatch_metrics - WARNING - OSL mismatch: got 111 tokens (requested 2048, diff -94.6%)
2026-09-17 17:29:51.265 - aiperf.metrics.types.osl_mismatch_metrics - WARNING - OSL mismatch: got 662 tokens (requested 2048, diff -67.7%)
2026-09-17 17:29:51.278 - aiperf.metrics.types.osl_mismatch_metrics - WARNING - OSL mismatch: got 375 tokens (requested 2048, diff -81.7%)
2026-09-17 17:29:51.286 - aiperf.metrics.types.osl_mismatch_metrics - WARNING - OSL mismatch: got 349 tokens (requested 2048, diff -83.0%)
2026-09-17 17:29:51.402 - aiperf.metrics.types.osl_mismatch_metrics - WARNING - OSL mismatch: got 278 tokens (requested 2048, diff -86.4%)
2026-09-17 17:29:51.474 - aiperf.metrics.types.osl_mismatch_metrics - WARNING - OSL mismatch: got 104 tokens (requested 2048, diff -94.9%)
2026-09-17 17:29:51.479 - aiperf.metrics.types.osl_mismatch_metrics - WARNING - OSL mismatch: got 413 tokens (requested 2048, diff -79.8%)
2026-09-17 17:29:51.579 - aiperf.metrics.types.osl_mismatch_metrics - WARNING - OSL mismatch: got 116 tokens (requested 2048, diff -94.3%)
2026-09-17 17:29:51.779 - aiperf.metrics.types.osl_mismatch_metrics - WARNING - OSL mismatch: got 333 tokens (requested 2048, diff -83.7%)
2026-09-17 17:29:51.787 - aiperf.metrics.types.osl_mismatch_metrics - WARNING - OSL mismatch: got 476 tokens (requested 2048, diff -76.8%)
2026-09-17 17:29:51.880 - aiperf.metrics.types.osl_mismatch_metrics - WARNING - OSL mismatch: got 249 tokens (requested 2048, diff -87.8%)
2026-09-17 17:29:51.940 - aiperf.metrics.types.osl_mismatch_metrics - WARNING - OSL mismatch: got 272 tokens (requested 2048, diff -86.7%)
2026-09-17 17:29:51.948 - aiperf.metrics.types.osl_mismatch_metrics - WARNING - OSL mismatch: got 274 tokens (requested 2048, diff -86.6%)
2026-09-17 17:29:51.974 - aiperf.metrics.types.osl_mismatch_metrics - WARNING - OSL mismatch: got 470 tokens (requested 2048, diff -77.1%)
2026-09-17 17:29:52.083 - aiperf.metrics.types.osl_mismatch_metrics - WARNING - OSL mismatch: got 656 tokens (requested 2048, diff -68.0%)
2026-09-17 17:29:52.131 - aiperf.metrics.types.osl_mismatch_metrics - WARNING - OSL mismatch: got 365 tokens (requested 2048, diff -82.2%)
2026-09-17 17:29:52.131 - aiperf.metrics.types.osl_mismatch_metrics - WARNING - OSL mismatch: got 203 tokens (requested 2048, diff -90.1%)
2026-09-17 17:29:52.166 - aiperf.metrics.types.osl_mismatch_metrics - WARNING - OSL mismatch: got 560 tokens (requested 2048, diff -72.7%)
2026-09-17 17:29:52.167 - aiperf.metrics.types.osl_mismatch_metrics - WARNING - OSL mismatch: got 967 tokens (requested 2048, diff -52.8%)
2026-09-17 17:29:52.173 - aiperf.metrics.types.osl_mismatch_metrics - WARNING - OSL mismatch: got 369 tokens (requested 2048, diff -82.0%)
2026-09-17 17:29:52.178 - aiperf.metrics.types.osl_mismatch_metrics - WARNING - OSL mismatch: got 464 tokens (requested 2048, diff -77.3%)
2026-09-17 17:29:52.231 - aiperf.metrics.types.osl_mismatch_metrics - WARNING - OSL mismatch: got 460 tokens (requested 2048, diff -77.5%)
2026-09-17 17:29:52.300 - aiperf.metrics.types.osl_mismatch_metrics - WARNING - OSL mismatch: got 602 tokens (requested 2048, diff -70.6%)
2026-09-17 17:29:52.452 - aiperf.metrics.types.osl_mismatch_metrics - WARNING - OSL mismatch: got 514 tokens (requested 2048, diff -74.9%)
2026-09-17 17:29:52.470 - aiperf.metrics.types.osl_mismatch_metrics - WARNING - OSL mismatch: got 381 tokens (requested 2048, diff -81.4%)
2026-09-17 17:29:52.531 - aiperf.metrics.types.osl_mismatch_metrics - WARNING - OSL mismatch: got 525 tokens (requested 2048, diff -74.4%)
2026-09-17 17:29:52.571 - aiperf.metrics.types.osl_mismatch_metrics - WARNING - OSL mismatch: got 386 tokens (requested 2048, diff -81.2%)
2026-09-17 17:29:52.644 - aiperf.metrics.types.osl_mismatch_metrics - WARNING - OSL mismatch: got 431 tokens (requested 2048, diff -79.0%)
2026-09-17 17:29:52.655 - aiperf.metrics.types.osl_mismatch_metrics - WARNING - OSL mismatch: got 348 tokens (requested 2048, diff -83.0%)
2026-09-17 17:29:52.725 - aiperf.metrics.types.osl_mismatch_metrics - WARNING - OSL mismatch: got 691 tokens (requested 2048, diff -66.3%)
2026-09-17 17:29:52.924 - aiperf.metrics.types.osl_mismatch_metrics - WARNING - OSL mismatch: got 287 tokens (requested 2048, diff -86.0%)
2026-09-17 17:29:52.961 - aiperf.metrics.types.osl_mismatch_metrics - WARNING - OSL mismatch: got 599 tokens (requested 2048, diff -70.8%)
2026-09-17 17:29:53.096 - aiperf.metrics.types.osl_mismatch_metrics - WARNING - OSL mismatch: got 404 tokens (requested 2048, diff -80.3%)
2026-09-17 17:29:53.122 - aiperf.metrics.types.osl_mismatch_metrics - WARNING - OSL mismatch: got 313 tokens (requested 2048, diff -84.7%)
2026-09-17 17:29:53.279 - aiperf.metrics.types.osl_mismatch_metrics - WARNING - OSL mismatch: got 360 tokens (requested 2048, diff -82.4%)
2026-09-17 17:29:53.384 - aiperf.metrics.types.osl_mismatch_metrics - WARNING - OSL mismatch: got 464 tokens (requested 2048, diff -77.3%)
2026-09-17 17:29:53.529 - aiperf.metrics.types.osl_mismatch_metrics - WARNING - OSL mismatch: got 371 tokens (requested 2048, diff -81.9%)
2026-09-17 17:29:53.542 - aiperf.metrics.types.osl_mismatch_metrics - WARNING - OSL mismatch: got 680 tokens (requested 2048, diff -66.8%)
2026-09-17 17:29:53.594 - aiperf.metrics.types.osl_mismatch_metrics - WARNING - OSL mismatch: got 719 tokens (requested 2048, diff -64.9%)
2026-09-17 17:29:53.600 - aiperf.metrics.types.osl_mismatch_metrics - WARNING - OSL mismatch: got 593 tokens (requested 2048, diff -71.0%)
2026-09-17 17:29:53.743 - aiperf.metrics.types.osl_mismatch_metrics - WARNING - OSL mismatch: got 412 tokens (requested 2048, diff -79.9%)
2026-09-17 17:29:53.984 - aiperf.metrics.types.osl_mismatch_metrics - WARNING - OSL mismatch: got 650 tokens (requested 2048, diff -68.3%)
2026-09-17 17:29:54.000 - aiperf.metrics.types.osl_mismatch_metrics - WARNING - OSL mismatch: got 605 tokens (requested 2048, diff -70.5%)
2026-09-17 17:29:54.126 - aiperf.metrics.types.osl_mismatch_metrics - WARNING - OSL mismatch: got 516 tokens (requested 2048, diff -74.8%)
2026-09-17 17:29:54.161 - aiperf.metrics.types.osl_mismatch_metrics - WARNING - OSL mismatch: got 475 tokens (requested 2048, diff -76.8%)
2026-09-17 17:29:54.225 - aiperf.metrics.types.osl_mismatch_metrics - WARNING - OSL mismatch: got 498 tokens (requested 2048, diff -75.7%)
2026-09-17 17:29:54.728 - aiperf.metrics.types.osl_mismatch_metrics - WARNING - OSL mismatch: got 1009 tokens (requested 2048, diff -50.7%)
2026-09-17 17:29:54.971 - aiperf.metrics.types.osl_mismatch_metrics - WARNING - OSL mismatch: got 1023 tokens (requested 2048, diff -50.0%)
2026-09-17 17:29:55.254 - aiperf.metrics.types.osl_mismatch_metrics - WARNING - OSL mismatch: got 831 tokens (requested 2048, diff -59.4%)
2026-09-17 17:29:55.639 - PhaseRunner - NOTICE - Phase profiling (profiling) complete | completed=256, cancelled=0, errors=0 | sessions: completed=256, cancelled=0 | elapsed=18.25s
2026-09-17 17:29:55.639 - PhaseOrchestrator_01efbd9d - NOTICE - All credits completed
2026-09-17 17:29:55.641 - system_controller - INFO - Received credits complete from 'timing_manager'
2026-09-17 17:29:55.641 - records_manager - INFO - Received CREDIT_PHASE_COMPLETE message, Phase complete: PhaseRecordsStats(phase=CreditPhase.PROFILING, phase_index=1, profiling_index=0, phase_name='profiling', phase_kind='profiling', start_ns=1789666177390721205, sent_end_ns=1789666190390890084, requests_end_ns=1789666195638453247, baseline_start_ns=1789666177390687377, baseline_end_ns=1789666195638491242, total_expected_requests=256, expected_duration_sec=None, expected_num_sessions=None, expected_grace_period_sec=None, final_requests_sent=None, final_requests_completed=256, final_requests_cancelled=0, final_request_errors=0, final_sent_sessions=None, final_completed_sessions=None, final_cancelled_sessions=None, timeout_triggered=False, grace_period_timeout_triggered=False, was_cancelled=False, records_end_ns=None, success_records=255, error_records=0)
2026-09-17 17:29:55.642 - records_manager - NOTICE - All requests have completed, please wait for the results to be processed (currently 255 of 256 records processed)...
2026-09-17 17:29:55.642 - records_manager - INFO - All credits complete, please wait for the results to be processed...
2026-09-17 17:29:55.676 - aiperf.metrics.types.osl_mismatch_metrics - WARNING - OSL mismatch: got 856 tokens (requested 2048, diff -58.2%)
2026-09-17 17:29:55.682 - records_manager - INFO - Processed 256 valid requests and 0 errors (256 total).
2026-09-17 17:29:55.682 - records_manager - INFO - Received all records, processing now...
2026-09-17 17:29:55.688 - records_manager - INFO - Waiting 1.9s for server metrics flush period...
2026-09-17 17:29:55.692 - server_metrics_manager - INFO - Server Metrics: Profiling complete, capturing final metrics...
2026-09-17 17:29:57.639 - records_manager - INFO - Processing records results...
2026-09-17 17:29:57.991 - system_controller - INFO - Waiting for result domains: server_metrics
2026-09-17 17:29:58.044 - records_manager - INFO - _finalize_and_process_results completed
2026-09-17 17:29:58.053 - system_controller - INFO - All results received, initiating shutdown
2026-09-17 17:29:58.661 - ExporterManager - INFO - Exporting all records
2026-09-17 17:29:58.804 - ExporterManager - INFO - Exporting console data
