2026-09-17 19:06:32.329 - aiperf.cli_runner._single_run - INFO - Starting AIPerf System
2026-09-17 19:06:32.337 - aiperf.config.resolution.resolvers - INFO - [OK] Tokenizer swiss-ai/Apertus-v1.5-8B detected
2026-09-17 19:06:32.337 - aiperf.config.resolution.resolvers - INFO - 1 tokenizer validated | 0.0s
2026-09-17 19:06:32.337 - aiperf.config.resolution.resolvers - INFO - HF cache hit (skipping prefetch): ['swiss-ai/Apertus-v1.5-8B']
2026-09-17 19:06:32.811 - server_metrics_manager - INFO - Server Metrics: Discovered 1 endpoints: ['http://localhost:8000/metrics']
2026-09-17 19:06:32.827 - GPUTelemetryJSONLWriter_7e39b6e8 - INFO - GPU telemetry export enabled: /home/nvidia/apertus-benchmark/apertus-tokenomics/artifacts/bench/v15-70b-tp2-len8k/chat/c4/gpu_telemetry_export.jsonl
2026-09-17 19:06:32.832 - OTelMetricsResultsProcessor_3fe8dcab - INFO - Telemetry streaming is disabled (set --otel-url and/or --mlflow-tracking-uri to enable)
2026-09-17 19:06:32.832 - RecordExportJSONLWriter_cd84610b - INFO - Record metrics export enabled: /home/nvidia/apertus-benchmark/apertus-tokenomics/artifacts/bench/v15-70b-tp2-len8k/chat/c4/profile_export.jsonl
2026-09-17 19:06:32.890 - system_controller - INFO - Registered Worker Manager (id: 'worker_manager')
2026-09-17 19:06:32.916 - system_controller - INFO - Registered Gpu Telemetry Manager (id: 'gpu_telemetry_manager')
2026-09-17 19:06:32.929 - system_controller - INFO - Registered Server Metrics Manager (id: 'server_metrics_manager')
2026-09-17 19:06:32.935 - system_controller - INFO - Registered Dataset Manager (id: 'dataset_manager')
2026-09-17 19:06:32.960 - system_controller - INFO - Registered Records Manager (id: 'records_manager')
2026-09-17 19:06:33.039 - system_controller - INFO - Registered Record Processor (id: 'record_processor_b64d4b31')
2026-09-17 19:06:33.058 - system_controller - INFO - Registered Timing Manager (id: 'timing_manager')
2026-09-17 19:06:33.188 - system_controller - INFO - Registered Worker (id: 'worker_97499cf4')
2026-09-17 19:06:33.189 - system_controller - INFO - Registered Worker (id: 'worker_29c4f46a')
2026-09-17 19:06:33.223 - system_controller - INFO - Registered Worker (id: 'worker_aa5504d3')
2026-09-17 19:06:33.225 - system_controller - INFO - Registered Worker (id: 'worker_0d5c3664')
2026-09-17 19:06:33.283 - system_controller - INFO - AIPerf System is CONFIGURING
2026-09-17 19:06:33.283 - system_controller - INFO - Configuring all services to start profiling
2026-09-17 19:06:33.285 - InferenceResultParser_98a2bd84 - INFO - Configuring tokenizers for inference result parser (resolve_alias: True)
2026-09-17 19:06:33.285 - timing_manager - INFO - Waiting for dataset to be configured before configuring timing
2026-09-17 19:06:33.287 - dataset_manager - INFO - Configuring tokenizer(s) for dataset manager
2026-09-17 19:06:33.317 - server_metrics_manager - INFO - Server Metrics: Capturing baseline metrics...
2026-09-17 19:06:33.318 - gpu_telemetry_manager - WARNING - GPU Telemetry: http://localhost:9400/metrics is not reachable
2026-09-17 19:06:33.320 - gpu_telemetry_manager - WARNING - GPU Telemetry: http://localhost:9401/metrics is not reachable
2026-09-17 19:06:33.321 - system_controller - INFO - DCGM telemetry skipped: no telemetry sources reachable
2026-09-17 19:06:33.322 - system_controller - INFO - Waiting for result domains: profile, server_metrics
2026-09-17 19:06:33.357 - http://localhost:8000/metrics - INFO - Skipping unsupported summary metric: http_request_size_bytes
2026-09-17 19:06:33.357 - http://localhost:8000/metrics - INFO - Skipping unsupported summary metric: http_response_size_bytes
2026-09-17 19:06:33.360 - system_controller - INFO - Server metrics enabled - 1/1 endpoint(s) reachable.
2026-09-17 19:06:34.235 - httpx - INFO - HTTP Request: HEAD https://huggingface.co/swiss-ai/Apertus-v1.5-8B/resolve/main/config.json "HTTP/1.1 200 OK"
2026-09-17 19:06:34.328 - httpx - INFO - HTTP Request: HEAD https://huggingface.co/swiss-ai/Apertus-v1.5-8B/resolve/main/config.json "HTTP/1.1 200 OK"
2026-09-17 19:06:34.425 - httpx - INFO - HTTP Request: HEAD https://huggingface.co/swiss-ai/Apertus-v1.5-8B/resolve/main/tokenizer_config.json "HTTP/1.1 200 OK"
2026-09-17 19:06:34.519 - httpx - INFO - HTTP Request: GET https://huggingface.co/api/models/swiss-ai/Apertus-v1.5-8B/tree/main/additional_chat_templates?recursive=false&expand=false "HTTP/1.1 404 Not Found"
2026-09-17 19:06:34.610 - httpx - INFO - HTTP Request: GET https://huggingface.co/api/models/swiss-ai/Apertus-v1.5-8B/tree/main?recursive=true&expand=false "HTTP/1.1 200 OK"
2026-09-17 19:06:34.683 - httpx - INFO - HTTP Request: HEAD https://huggingface.co/swiss-ai/Apertus-v1.5-8B/resolve/main/config.json "HTTP/1.1 200 OK"
2026-09-17 19:06:34.771 - httpx - INFO - HTTP Request: HEAD https://huggingface.co/swiss-ai/Apertus-v1.5-8B/resolve/main/config.json "HTTP/1.1 200 OK"
2026-09-17 19:06:34.855 - httpx - INFO - HTTP Request: HEAD https://huggingface.co/swiss-ai/Apertus-v1.5-8B/resolve/main/tokenizer_config.json "HTTP/1.1 200 OK"
2026-09-17 19:06:34.943 - httpx - INFO - HTTP Request: GET https://huggingface.co/api/models/swiss-ai/Apertus-v1.5-8B/tree/main/additional_chat_templates?recursive=false&expand=false "HTTP/1.1 404 Not Found"
2026-09-17 19:06:35.038 - httpx - INFO - HTTP Request: GET https://huggingface.co/api/models/swiss-ai/Apertus-v1.5-8B/tree/main?recursive=true&expand=false "HTTP/1.1 200 OK"
2026-09-17 19:06:38.501 - httpx - INFO - HTTP Request: GET https://huggingface.co/api/models/swiss-ai/Apertus-v1.5-8B "HTTP/1.1 200 OK"
2026-09-17 19:06:38.582 - dataset_manager - INFO - Tokenizer(s) configured in 5.30 seconds
2026-09-17 19:06:38.583 - dataset_manager - INFO - Configuring dataset for dataset_manager
2026-09-17 19:06:39.089 - MemoryMapDatasetBackingStore_91799588 - INFO - Memory-mapped backing store initialized (streaming to /tmp/aiperf_mmap_eeaaccb0363b/dataset.dat)
2026-09-17 19:06:39.158 - MemoryMapDatasetBackingStore_91799588 - INFO - Data file finalized: 100 conversations, 0.29 MB
2026-09-17 19:06:39.161 - MemoryMapDatasetBackingStore_91799588 - INFO - Index file created: /tmp/aiperf_mmap_eeaaccb0363b/index.dat
2026-09-17 19:06:39.161 - dataset_manager - INFO - Backing store finalized: client_type=DatasetClientStoreType.MEMORY_MAP format=MemoryMapFormat.CONVERSATION data_file_path=PosixPath('/tmp/aiperf_mmap_eeaaccb0363b/dataset.dat') index_file_path=PosixPath('/tmp/aiperf_mmap_eeaaccb0363b/index.dat') conversation_count=100 total_size_bytes=303539 compressed=False compressed_data_file_path=None compressed_index_file_path=None compressed_size_bytes=0
2026-09-17 19:06:39.166 - dataset_manager - INFO - sampling strategy: sequential, unique conversations: 100, unique turn count: 100
2026-09-17 19:06:39.167 - dataset_manager - INFO - Generating inputs.json file at /home/nvidia/apertus-benchmark/apertus-tokenomics/artifacts/bench/v15-70b-tp2-len8k/chat/c4/inputs.json
2026-09-17 19:06:39.179 - dataset_manager - INFO - inputs.json file generated in 0.01 seconds
2026-09-17 19:06:39.187 - PhaseOrchestrator_8d2a1c3f - INFO - Initialized 2 phase(s): ['Warmup', 'Profiling']
2026-09-17 19:06:39.400 - dataset_manager - INFO - Dataset client initialized and freed 100 conversations from memory
2026-09-17 19:06:39.400 - dataset_manager - INFO - Dataset configured in 0.82 seconds
2026-09-17 19:06:40.366 - httpx - INFO - HTTP Request: GET https://huggingface.co/api/models/swiss-ai/Apertus-v1.5-8B "HTTP/1.1 200 OK"
2026-09-17 19:06:40.473 - InferenceResultParser_98a2bd84 - INFO - Initialized tokenizers: {'apertus': {'class': 'TokenizersBackend', 'name_or_path': 'swiss-ai/Apertus-v1.5-8B'}} in 7.19 seconds
2026-09-17 19:06:40.475 - system_controller - INFO - All services configured in 7.19 seconds
2026-09-17 19:06:40.476 - system_controller - INFO - AIPerf System is CONFIGURED
2026-09-17 19:06:40.478 - server_metrics_manager - INFO - Server Metrics: Started 1 collector(s) successfully
2026-09-17 19:06:40.480 - system_controller - INFO - All services started profiling successfully
2026-09-17 19:06:40.481 - system_controller - INFO - AIPerf System is PROFILING
2026-09-17 19:06:40.483 - RateTiming - INFO - Creating interval generator: pattern=concurrency_burst, rate=None, smoothness=None
2026-09-17 19:06:40.484 - PhaseRunner - NOTICE - Phase warmup (warmup) started | phase_index=0 | target: 20 requests
2026-09-17 19:06:40.487 - records_manager - INFO - Credit phase start: warmup
2026-09-17 19:07:08.701 - PhaseRunner - NOTICE - Phase warmup (warmup) sending complete | sent=20, completed=16, in_flight=4 | sessions: sent=20, completed=16
2026-09-17 19:07:10.487 - PhaseRunner - INFO - Phase warmup progress | returned=16/20 | sent=20 | in_flight=4 | errors=0 | elapsed=30.0s
2026-09-17 19:07:15.770 - PhaseRunner - NOTICE - Phase warmup (warmup) complete | completed=20, cancelled=0, errors=0 | sessions: completed=20, cancelled=0 | elapsed=35.29s
2026-09-17 19:07:15.772 - RateTiming - INFO - Creating interval generator: pattern=concurrency_burst, rate=None, smoothness=None
2026-09-17 19:07:15.773 - PhaseRunner - NOTICE - Phase profiling (profiling) started | phase_index=1 | profiling_index=0 | target: 100 requests
2026-09-17 19:07:15.773 - server_metrics_manager - INFO - Server Metrics: Warmup complete, capturing final warmup metrics...
2026-09-17 19:07:15.775 - records_manager - INFO - Credit phase start: profiling
2026-09-17 19:10:05.699 - PhaseRunner - NOTICE - Phase profiling (profiling) sending complete | sent=100, completed=96, in_flight=4 | sessions: sent=100, completed=96
2026-09-17 19:10:05.701 - records_manager - INFO - Sent 100 requests. Waiting for all to complete...
2026-09-17 19:10:12.785 - PhaseRunner - NOTICE - Phase profiling (profiling) complete | completed=100, cancelled=0, errors=0 | sessions: completed=100, cancelled=0 | elapsed=177.01s
2026-09-17 19:10:12.786 - PhaseOrchestrator_8d2a1c3f - NOTICE - All credits completed
2026-09-17 19:10:12.788 - system_controller - INFO - Received credits complete from 'timing_manager'
2026-09-17 19:10:12.788 - records_manager - INFO - Received CREDIT_PHASE_COMPLETE message, Phase complete: PhaseRecordsStats(phase=CreditPhase.PROFILING, phase_index=1, profiling_index=0, phase_name='profiling', phase_kind='profiling', start_ns=1789672035773174066, sent_end_ns=1789672205699211836, requests_end_ns=1789672212785312165, baseline_start_ns=1789672035773142550, baseline_end_ns=1789672212785342893, total_expected_requests=100, expected_duration_sec=None, expected_num_sessions=None, expected_grace_period_sec=None, final_requests_sent=None, final_requests_completed=100, final_requests_cancelled=0, final_request_errors=0, final_sent_sessions=None, final_completed_sessions=None, final_cancelled_sessions=None, timeout_triggered=False, grace_period_timeout_triggered=False, was_cancelled=False, records_end_ns=None, success_records=97, error_records=0)
2026-09-17 19:10:12.788 - records_manager - NOTICE - All requests have completed, please wait for the results to be processed (currently 97 of 100 records processed)...
2026-09-17 19:10:12.789 - records_manager - INFO - All credits complete, please wait for the results to be processed...
2026-09-17 19:10:12.807 - records_manager - INFO - Processed 100 valid requests and 0 errors (100 total).
2026-09-17 19:10:12.807 - records_manager - INFO - Received all records, processing now...
2026-09-17 19:10:12.811 - records_manager - INFO - Waiting 2.0s for server metrics flush period...
2026-09-17 19:10:12.837 - server_metrics_manager - INFO - Server Metrics: Profiling complete, capturing final metrics...
2026-09-17 19:10:14.786 - records_manager - INFO - Processing records results...
2026-09-17 19:10:15.301 - system_controller - INFO - Waiting for result domains: server_metrics
2026-09-17 19:10:15.502 - records_manager - INFO - _finalize_and_process_results completed
2026-09-17 19:10:15.512 - system_controller - INFO - All results received, initiating shutdown
2026-09-17 19:10:16.121 - ExporterManager - INFO - Exporting all records
2026-09-17 19:10:16.268 - ExporterManager - INFO - Exporting console data
