2026-09-17 17:30:00.014 - aiperf.cli_runner._single_run - INFO - Starting AIPerf System
2026-09-17 17:30:00.020 - aiperf.config.resolution.resolvers - INFO - [OK] Tokenizer /home/nvidia/hf_cache/hub/models--swiss-ai--Apertus-v1.5-8B/snapshots/a411d838600baf0e3635a3daf66fb7c55fc97bb6/ detected
2026-09-17 17:30:00.020 - aiperf.config.resolution.resolvers - INFO - 1 tokenizer validated | 0.0s
2026-09-17 17:30:00.022 - aiperf.config.resolution.resolvers - INFO - Prefetching 1 tokenizer into HF cache...
2026-09-17 17:30:05.931 - aiperf.config.resolution.resolvers - INFO -   Cached /home/nvidia/hf_cache/hub/models--swiss-ai--Apertus-v1.5-8B/snapshots/a411d838600baf0e3635a3daf66fb7c55fc97bb6/ (5.90s)
2026-09-17 17:30:05.960 - aiperf.config.resolution.resolvers - INFO - 1 tokenizer cached • 5.9s
2026-09-17 17:30:06.260 - aiperf - WARNING - Using --osl without ignore_eos or min_tokens in --extra-inputs. Output sequence length cannot be guaranteed unless the server honors these parameters. Consider: --extra-inputs ignore_eos:true (generate until max_tokens) or --extra-inputs min_tokens:<value> (set minimum output length).
2026-09-17 17:30:06.421 - system_controller - INFO - Registered Gpu Telemetry Manager (id: 'gpu_telemetry_manager')
2026-09-17 17:30:06.422 - server_metrics_manager - INFO - Server Metrics: Discovered 1 endpoints: ['http://localhost:8000/metrics']
2026-09-17 17:30:06.456 - GPUTelemetryJSONLWriter_781c8885 - INFO - GPU telemetry export enabled: /home/nvidia/apertus-benchmark/apertus-tokenomics/artifacts/bench/v15-8b-tp1-len8k/think/c128/gpu_telemetry_export.jsonl
2026-09-17 17:30:06.463 - OTelMetricsResultsProcessor_ad48bc87 - INFO - Telemetry streaming is disabled (set --otel-url and/or --mlflow-tracking-uri to enable)
2026-09-17 17:30:06.464 - RecordExportJSONLWriter_9802908a - INFO - Record metrics export enabled: /home/nvidia/apertus-benchmark/apertus-tokenomics/artifacts/bench/v15-8b-tp1-len8k/think/c128/profile_export.jsonl
2026-09-17 17:30:06.505 - system_controller - INFO - Registered Worker Manager (id: 'worker_manager')
2026-09-17 17:30:06.647 - system_controller - INFO - Registered Server Metrics Manager (id: 'server_metrics_manager')
2026-09-17 17:30:06.648 - system_controller - INFO - Registered Dataset Manager (id: 'dataset_manager')
2026-09-17 17:30:06.648 - system_controller - INFO - Registered Records Manager (id: 'records_manager')
2026-09-17 17:30:06.664 - system_controller - INFO - Registered Record Processor (id: 'record_processor_4f6d2f00')
2026-09-17 17:30:06.667 - system_controller - INFO - Registered Record Processor (id: 'record_processor_ea425ffd')
2026-09-17 17:30:06.688 - system_controller - INFO - Registered Timing Manager (id: 'timing_manager')
2026-09-17 17:30:06.756 - system_controller - INFO - Registered Record Processor (id: 'record_processor_3a5754c2')
2026-09-17 17:30:06.758 - system_controller - INFO - Registered Record Processor (id: 'record_processor_046d422a')
2026-09-17 17:30:06.761 - system_controller - INFO - Registered Record Processor (id: 'record_processor_4210cef1')
2026-09-17 17:30:06.764 - system_controller - INFO - Registered Record Processor (id: 'record_processor_b0bd3555')
2026-09-17 17:30:06.769 - system_controller - INFO - Registered Record Processor (id: 'record_processor_6cf7d2e8')
2026-09-17 17:30:06.771 - system_controller - INFO - Registered Record Processor (id: 'record_processor_c67d513c')
2026-09-17 17:30:06.833 - system_controller - INFO - Registered Worker (id: 'worker_6575f29d')
2026-09-17 17:30:06.851 - system_controller - INFO - Registered Worker (id: 'worker_c80b4db2')
2026-09-17 17:30:06.857 - system_controller - INFO - Registered Worker (id: 'worker_d8347865')
2026-09-17 17:30:06.860 - system_controller - INFO - Registered Worker (id: 'worker_1ebfd61e')
2026-09-17 17:30:06.860 - system_controller - INFO - Registered Worker (id: 'worker_e0a86030')
2026-09-17 17:30:06.867 - system_controller - INFO - Registered Worker (id: 'worker_4d533290')
2026-09-17 17:30:06.871 - system_controller - INFO - Registered Worker (id: 'worker_5de0b245')
2026-09-17 17:30:06.871 - system_controller - INFO - Registered Worker (id: 'worker_b20ea40c')
2026-09-17 17:30:06.871 - system_controller - INFO - Registered Worker (id: 'worker_b5d85d22')
2026-09-17 17:30:06.877 - system_controller - INFO - Registered Worker (id: 'worker_7377e737')
2026-09-17 17:30:06.886 - system_controller - INFO - Registered Worker (id: 'worker_43b617e6')
2026-09-17 17:30:06.887 - system_controller - INFO - Registered Worker (id: 'worker_119fddce')
2026-09-17 17:30:06.887 - system_controller - INFO - Registered Worker (id: 'worker_77697be1')
2026-09-17 17:30:06.888 - system_controller - INFO - Registered Worker (id: 'worker_9d9e33b0')
2026-09-17 17:30:06.889 - system_controller - INFO - Registered Worker (id: 'worker_337c8098')
2026-09-17 17:30:06.890 - system_controller - INFO - Registered Worker (id: 'worker_146b9f91')
2026-09-17 17:30:06.891 - system_controller - INFO - AIPerf System is CONFIGURING
2026-09-17 17:30:06.891 - system_controller - INFO - Configuring all services to start profiling
2026-09-17 17:30:06.892 - InferenceResultParser_e62e7fbb - INFO - Configuring tokenizers for inference result parser (resolve_alias: True)
2026-09-17 17:30:06.892 - InferenceResultParser_9200b456 - INFO - Configuring tokenizers for inference result parser (resolve_alias: True)
2026-09-17 17:30:06.892 - InferenceResultParser_32abd88a - INFO - Configuring tokenizers for inference result parser (resolve_alias: True)
2026-09-17 17:30:06.893 - InferenceResultParser_93836235 - INFO - Configuring tokenizers for inference result parser (resolve_alias: True)
2026-09-17 17:30:06.893 - InferenceResultParser_00603df6 - INFO - Configuring tokenizers for inference result parser (resolve_alias: True)
2026-09-17 17:30:06.893 - InferenceResultParser_7610189c - INFO - Configuring tokenizers for inference result parser (resolve_alias: True)
2026-09-17 17:30:06.893 - InferenceResultParser_4517387c - INFO - Configuring tokenizers for inference result parser (resolve_alias: True)
2026-09-17 17:30:06.893 - InferenceResultParser_abc02b86 - INFO - Configuring tokenizers for inference result parser (resolve_alias: True)
2026-09-17 17:30:06.893 - timing_manager - INFO - Waiting for dataset to be configured before configuring timing
2026-09-17 17:30:06.893 - dataset_manager - INFO - Configuring tokenizer(s) for dataset manager
2026-09-17 17:30:06.895 - system_controller - INFO - Registered Worker (id: 'worker_6faa3eeb')
2026-09-17 17:30:06.896 - system_controller - INFO - Registered Worker (id: 'worker_dd46fcca')
2026-09-17 17:30:06.902 - system_controller - INFO - Registered Worker (id: 'worker_6e69b5df')
2026-09-17 17:30:06.903 - system_controller - INFO - Registered Worker (id: 'worker_b5a638c3')
2026-09-17 17:30:06.908 - server_metrics_manager - INFO - Server Metrics: Capturing baseline metrics...
2026-09-17 17:30:06.911 - gpu_telemetry_manager - WARNING - GPU Telemetry: http://localhost:9400/metrics is not reachable
2026-09-17 17:30:06.912 - gpu_telemetry_manager - WARNING - GPU Telemetry: http://localhost:9401/metrics is not reachable
2026-09-17 17:30:06.914 - system_controller - INFO - DCGM telemetry skipped: no telemetry sources reachable
2026-09-17 17:30:06.914 - system_controller - INFO - Waiting for result domains: profile, server_metrics
2026-09-17 17:30:06.916 - system_controller - INFO - Registered Worker (id: 'worker_f6c797b6')
2026-09-17 17:30:06.917 - system_controller - INFO - Registered Worker (id: 'worker_e7091ceb')
2026-09-17 17:30:06.919 - system_controller - INFO - Registered Worker (id: 'worker_6c1f8744')
2026-09-17 17:30:06.920 - system_controller - INFO - Registered Worker (id: 'worker_806a7c3c')
2026-09-17 17:30:06.922 - system_controller - INFO - Registered Worker (id: 'worker_4830fdf8')
2026-09-17 17:30:06.925 - system_controller - INFO - Registered Worker (id: 'worker_17146efb')
2026-09-17 17:30:06.927 - system_controller - INFO - Registered Worker (id: 'worker_96f635f8')
2026-09-17 17:30:06.928 - system_controller - INFO - Registered Worker (id: 'worker_119e49d7')
2026-09-17 17:30:06.928 - system_controller - INFO - Registered Worker (id: 'worker_0fa87c9f')
2026-09-17 17:30:06.929 - system_controller - INFO - Registered Worker (id: 'worker_70c3ad94')
2026-09-17 17:30:06.933 - system_controller - INFO - Registered Worker (id: 'worker_8138e494')
2026-09-17 17:30:06.934 - system_controller - INFO - Registered Worker (id: 'worker_d1c83781')
2026-09-17 17:30:06.956 - http://localhost:8000/metrics - INFO - Skipping unsupported summary metric: http_request_size_bytes
2026-09-17 17:30:06.956 - http://localhost:8000/metrics - INFO - Skipping unsupported summary metric: http_response_size_bytes
2026-09-17 17:30:06.960 - system_controller - INFO - Server metrics enabled - 1/1 endpoint(s) reachable.
2026-09-17 17:30:12.121 - InferenceResultParser_32abd88a - INFO - Initialized tokenizers: {'apertus': {'class': 'TokenizersBackend', 'name_or_path': '/home/nvidia/hf_cache/hub/models--swiss-ai--Apertus-v1.5-8B/snapshots/a411d838600baf0e3635a3daf66fb7c55fc97bb6/'}} in 5.23 seconds
2026-09-17 17:30:12.664 - InferenceResultParser_abc02b86 - INFO - Initialized tokenizers: {'apertus': {'class': 'TokenizersBackend', 'name_or_path': '/home/nvidia/hf_cache/hub/models--swiss-ai--Apertus-v1.5-8B/snapshots/a411d838600baf0e3635a3daf66fb7c55fc97bb6/'}} in 5.77 seconds
2026-09-17 17:30:13.042 - InferenceResultParser_e62e7fbb - INFO - Initialized tokenizers: {'apertus': {'class': 'TokenizersBackend', 'name_or_path': '/home/nvidia/hf_cache/hub/models--swiss-ai--Apertus-v1.5-8B/snapshots/a411d838600baf0e3635a3daf66fb7c55fc97bb6/'}} in 6.15 seconds
2026-09-17 17:30:13.056 - InferenceResultParser_00603df6 - INFO - Initialized tokenizers: {'apertus': {'class': 'TokenizersBackend', 'name_or_path': '/home/nvidia/hf_cache/hub/models--swiss-ai--Apertus-v1.5-8B/snapshots/a411d838600baf0e3635a3daf66fb7c55fc97bb6/'}} in 6.16 seconds
2026-09-17 17:30:13.542 - InferenceResultParser_93836235 - INFO - Initialized tokenizers: {'apertus': {'class': 'TokenizersBackend', 'name_or_path': '/home/nvidia/hf_cache/hub/models--swiss-ai--Apertus-v1.5-8B/snapshots/a411d838600baf0e3635a3daf66fb7c55fc97bb6/'}} in 6.65 seconds
2026-09-17 17:30:13.659 - InferenceResultParser_7610189c - INFO - Initialized tokenizers: {'apertus': {'class': 'TokenizersBackend', 'name_or_path': '/home/nvidia/hf_cache/hub/models--swiss-ai--Apertus-v1.5-8B/snapshots/a411d838600baf0e3635a3daf66fb7c55fc97bb6/'}} in 6.77 seconds
2026-09-17 17:30:13.731 - InferenceResultParser_9200b456 - INFO - Initialized tokenizers: {'apertus': {'class': 'TokenizersBackend', 'name_or_path': '/home/nvidia/hf_cache/hub/models--swiss-ai--Apertus-v1.5-8B/snapshots/a411d838600baf0e3635a3daf66fb7c55fc97bb6/'}} in 6.84 seconds
2026-09-17 17:30:14.111 - dataset_manager - INFO - Tokenizer(s) configured in 7.22 seconds
2026-09-17 17:30:14.112 - dataset_manager - INFO - Configuring dataset for dataset_manager
2026-09-17 17:30:14.226 - InferenceResultParser_4517387c - INFO - Initialized tokenizers: {'apertus': {'class': 'TokenizersBackend', 'name_or_path': '/home/nvidia/hf_cache/hub/models--swiss-ai--Apertus-v1.5-8B/snapshots/a411d838600baf0e3635a3daf66fb7c55fc97bb6/'}} in 7.33 seconds
2026-09-17 17:30:14.676 - MemoryMapDatasetBackingStore_70b653d3 - INFO - Memory-mapped backing store initialized (streaming to /tmp/aiperf_mmap_384f2129a768/dataset.dat)
2026-09-17 17:30:14.976 - MemoryMapDatasetBackingStore_70b653d3 - INFO - Data file finalized: 512 conversations, 1.47 MB
2026-09-17 17:30:14.978 - MemoryMapDatasetBackingStore_70b653d3 - INFO - Index file created: /tmp/aiperf_mmap_384f2129a768/index.dat
2026-09-17 17:30:14.979 - dataset_manager - INFO - Backing store finalized: client_type=DatasetClientStoreType.MEMORY_MAP format=MemoryMapFormat.CONVERSATION data_file_path=PosixPath('/tmp/aiperf_mmap_384f2129a768/dataset.dat') index_file_path=PosixPath('/tmp/aiperf_mmap_384f2129a768/index.dat') conversation_count=512 total_size_bytes=1542750 compressed=False compressed_data_file_path=None compressed_index_file_path=None compressed_size_bytes=0
2026-09-17 17:30:14.999 - dataset_manager - INFO - sampling strategy: sequential, unique conversations: 512, unique turn count: 512
2026-09-17 17:30:15.014 - dataset_manager - INFO - Generating inputs.json file at /home/nvidia/apertus-benchmark/apertus-tokenomics/artifacts/bench/v15-8b-tp1-len8k/think/c128/inputs.json
2026-09-17 17:30:15.029 - system_controller - WARNING - Received command response for service we were not expecting: worker_e7091ceb. Ignoring.
2026-09-17 17:30:15.034 - system_controller - WARNING - Received command response for service we were not expecting: worker_dd46fcca. Ignoring.
2026-09-17 17:30:15.034 - system_controller - WARNING - Received command response for service we were not expecting: worker_f6c797b6. Ignoring.
2026-09-17 17:30:15.035 - system_controller - WARNING - Received command response for service we were not expecting: worker_6faa3eeb. Ignoring.
2026-09-17 17:30:15.035 - system_controller - WARNING - Received command response for service we were not expecting: worker_6c1f8744. Ignoring.
2026-09-17 17:30:15.035 - system_controller - WARNING - Received command response for service we were not expecting: worker_4830fdf8. Ignoring.
2026-09-17 17:30:15.035 - system_controller - WARNING - Received command response for service we were not expecting: worker_17146efb. Ignoring.
2026-09-17 17:30:15.035 - system_controller - WARNING - Received command response for service we were not expecting: worker_96f635f8. Ignoring.
2026-09-17 17:30:15.036 - PhaseOrchestrator_6caf5520 - INFO - Initialized 2 phase(s): ['Warmup', 'Profiling']
2026-09-17 17:30:15.036 - system_controller - WARNING - Received command response for service we were not expecting: worker_70c3ad94. Ignoring.
2026-09-17 17:30:15.036 - system_controller - WARNING - Received command response for service we were not expecting: worker_806a7c3c. Ignoring.
2026-09-17 17:30:15.036 - system_controller - WARNING - Received command response for service we were not expecting: worker_119e49d7. Ignoring.
2026-09-17 17:30:15.036 - system_controller - WARNING - Received command response for service we were not expecting: worker_6e69b5df. Ignoring.
2026-09-17 17:30:15.036 - system_controller - WARNING - Received command response for service we were not expecting: worker_8138e494. Ignoring.
2026-09-17 17:30:15.036 - system_controller - WARNING - Received command response for service we were not expecting: worker_0fa87c9f. Ignoring.
2026-09-17 17:30:15.037 - system_controller - WARNING - Received command response for service we were not expecting: worker_d1c83781. Ignoring.
2026-09-17 17:30:15.042 - dataset_manager - INFO - inputs.json file generated in 0.03 seconds
2026-09-17 17:30:15.052 - system_controller - WARNING - Received command response for service we were not expecting: worker_b5a638c3. Ignoring.
2026-09-17 17:30:15.276 - dataset_manager - INFO - Dataset client initialized and freed 512 conversations from memory
2026-09-17 17:30:15.276 - dataset_manager - INFO - Dataset configured in 1.16 seconds
2026-09-17 17:30:15.278 - system_controller - INFO - All services configured in 8.39 seconds
2026-09-17 17:30:15.278 - system_controller - INFO - AIPerf System is CONFIGURED
2026-09-17 17:30:15.280 - server_metrics_manager - INFO - Server Metrics: Started 1 collector(s) successfully
2026-09-17 17:30:15.284 - system_controller - INFO - All services started profiling successfully
2026-09-17 17:30:15.284 - system_controller - INFO - AIPerf System is PROFILING
2026-09-17 17:30:15.286 - RateTiming - INFO - Creating interval generator: pattern=concurrency_burst, rate=None, smoothness=None
2026-09-17 17:30:15.287 - PhaseRunner - NOTICE - Phase warmup (warmup) started | phase_index=0 | target: 20 requests
2026-09-17 17:30:15.289 - records_manager - INFO - Credit phase start: warmup
2026-09-17 17:30:15.291 - PhaseRunner - NOTICE - Phase warmup (warmup) sending complete | sent=20, completed=0, in_flight=20 | sessions: sent=20, completed=0
2026-09-17 17:30:16.201 - aiperf.metrics.types.osl_mismatch_metrics - WARNING - OSL mismatch: got 65 tokens (requested 2048, diff -96.8%)
2026-09-17 17:30:16.285 - aiperf.metrics.types.osl_mismatch_metrics - WARNING - OSL mismatch: got 78 tokens (requested 2048, diff -96.2%)
2026-09-17 17:30:16.292 - aiperf.metrics.types.osl_mismatch_metrics - WARNING - OSL mismatch: got 79 tokens (requested 2048, diff -96.1%)
2026-09-17 17:30:16.396 - aiperf.metrics.types.osl_mismatch_metrics - WARNING - OSL mismatch: got 93 tokens (requested 2048, diff -95.5%)
2026-09-17 17:30:16.456 - aiperf.metrics.types.osl_mismatch_metrics - WARNING - OSL mismatch: got 103 tokens (requested 2048, diff -95.0%)
2026-09-17 17:30:16.541 - aiperf.metrics.types.osl_mismatch_metrics - WARNING - OSL mismatch: got 115 tokens (requested 2048, diff -94.4%)
2026-09-17 17:30:16.548 - aiperf.metrics.types.osl_mismatch_metrics - WARNING - OSL mismatch: got 116 tokens (requested 2048, diff -94.3%)
2026-09-17 17:30:17.014 - aiperf.metrics.types.osl_mismatch_metrics - WARNING - OSL mismatch: got 187 tokens (requested 2048, diff -90.9%)
2026-09-17 17:30:17.070 - aiperf.metrics.types.osl_mismatch_metrics - WARNING - OSL mismatch: got 197 tokens (requested 2048, diff -90.4%)
2026-09-17 17:30:17.571 - aiperf.metrics.types.osl_mismatch_metrics - WARNING - OSL mismatch: got 273 tokens (requested 2048, diff -86.7%)
2026-09-17 17:30:17.846 - aiperf.metrics.types.osl_mismatch_metrics - WARNING - OSL mismatch: got 313 tokens (requested 2048, diff -84.7%)
2026-09-17 17:30:17.864 - aiperf.metrics.types.osl_mismatch_metrics - WARNING - OSL mismatch: got 312 tokens (requested 2048, diff -84.8%)
2026-09-17 17:30:18.125 - aiperf.metrics.types.osl_mismatch_metrics - WARNING - OSL mismatch: got 356 tokens (requested 2048, diff -82.6%)
2026-09-17 17:30:18.182 - aiperf.metrics.types.osl_mismatch_metrics - WARNING - OSL mismatch: got 366 tokens (requested 2048, diff -82.1%)
2026-09-17 17:30:19.041 - aiperf.metrics.types.osl_mismatch_metrics - WARNING - OSL mismatch: got 500 tokens (requested 2048, diff -75.6%)
2026-09-17 17:30:19.164 - aiperf.metrics.types.osl_mismatch_metrics - WARNING - OSL mismatch: got 520 tokens (requested 2048, diff -74.6%)
2026-09-17 17:30:19.252 - aiperf.metrics.types.osl_mismatch_metrics - WARNING - OSL mismatch: got 534 tokens (requested 2048, diff -73.9%)
2026-09-17 17:30:19.363 - aiperf.metrics.types.osl_mismatch_metrics - WARNING - OSL mismatch: got 551 tokens (requested 2048, diff -73.1%)
2026-09-17 17:30:19.567 - EventLoopMonitor - WARNING - Event loop for worker_77697be1 is taking too long to run. Overhead: 26.83ms
2026-09-17 17:30:19.591 - aiperf.metrics.types.osl_mismatch_metrics - WARNING - OSL mismatch: got 587 tokens (requested 2048, diff -71.3%)
2026-09-17 17:30:19.816 - PhaseRunner - NOTICE - Phase warmup (warmup) complete | completed=20, cancelled=0, errors=0 | sessions: completed=20, cancelled=0 | elapsed=4.53s
2026-09-17 17:30:19.818 - RateTiming - INFO - Creating interval generator: pattern=concurrency_burst, rate=None, smoothness=None
2026-09-17 17:30:19.818 - PhaseRunner - NOTICE - Phase profiling (profiling) started | phase_index=1 | profiling_index=0 | target: 512 requests
2026-09-17 17:30:19.818 - server_metrics_manager - INFO - Server Metrics: Warmup complete, capturing final warmup metrics...
2026-09-17 17:30:19.821 - records_manager - INFO - Credit phase start: profiling
2026-09-17 17:30:19.845 - aiperf.metrics.types.osl_mismatch_metrics - WARNING - OSL mismatch: got 631 tokens (requested 2048, diff -69.2%)
2026-09-17 17:30:22.354 - aiperf.metrics.types.osl_mismatch_metrics - WARNING - OSL mismatch: got 1 tokens (requested 2048, diff -100.0%)
2026-09-17 17:30:22.381 - aiperf.metrics.types.osl_mismatch_metrics - WARNING - OSL mismatch: got 7 tokens (requested 2048, diff -99.7%)
2026-09-17 17:30:22.399 - aiperf.metrics.types.osl_mismatch_metrics - WARNING - OSL mismatch: got 8 tokens (requested 2048, diff -99.6%)
2026-09-17 17:30:22.413 - aiperf.metrics.types.osl_mismatch_metrics - WARNING - OSL mismatch: got 11 tokens (requested 2048, diff -99.5%)
2026-09-17 17:30:22.448 - aiperf.metrics.types.osl_mismatch_metrics - WARNING - OSL mismatch: got 16 tokens (requested 2048, diff -99.2%)
2026-09-17 17:30:22.475 - aiperf.metrics.types.osl_mismatch_metrics - WARNING - OSL mismatch: got 14 tokens (requested 2048, diff -99.3%)
2026-09-17 17:30:22.492 - aiperf.metrics.types.osl_mismatch_metrics - WARNING - OSL mismatch: got 13 tokens (requested 2048, diff -99.4%)
2026-09-17 17:30:22.493 - aiperf.metrics.types.osl_mismatch_metrics - WARNING - OSL mismatch: got 16 tokens (requested 2048, diff -99.2%)
2026-09-17 17:30:22.593 - aiperf.metrics.types.osl_mismatch_metrics - WARNING - OSL mismatch: got 24 tokens (requested 2048, diff -98.8%)
2026-09-17 17:30:22.772 - aiperf.metrics.types.osl_mismatch_metrics - WARNING - OSL mismatch: got 24 tokens (requested 2048, diff -98.8%)
2026-09-17 17:30:22.782 - aiperf.metrics.types.osl_mismatch_metrics - WARNING - OSL mismatch: got 26 tokens (requested 2048, diff -98.7%)
2026-09-17 17:30:22.804 - aiperf.metrics.types.osl_mismatch_metrics - WARNING - OSL mismatch: got 28 tokens (requested 2048, diff -98.6%)
2026-09-17 17:30:22.886 - aiperf.metrics.types.osl_mismatch_metrics - WARNING - OSL mismatch: got 33 tokens (requested 2048, diff -98.4%)
2026-09-17 17:30:22.928 - aiperf.metrics.types.osl_mismatch_metrics - WARNING - OSL mismatch: got 37 tokens (requested 2048, diff -98.2%)
2026-09-17 17:30:23.004 - aiperf.metrics.types.osl_mismatch_metrics - WARNING - OSL mismatch: got 40 tokens (requested 2048, diff -98.0%)
2026-09-17 17:30:23.074 - aiperf.metrics.types.osl_mismatch_metrics - WARNING - OSL mismatch: got 40 tokens (requested 2048, diff -98.0%)
2026-09-17 17:30:23.217 - aiperf.metrics.types.osl_mismatch_metrics - WARNING - OSL mismatch: got 47 tokens (requested 2048, diff -97.7%)
2026-09-17 17:30:23.260 - aiperf.metrics.types.osl_mismatch_metrics - WARNING - OSL mismatch: got 57 tokens (requested 2048, diff -97.2%)
2026-09-17 17:30:23.347 - aiperf.metrics.types.osl_mismatch_metrics - WARNING - OSL mismatch: got 35 tokens (requested 2048, diff -98.3%)
2026-09-17 17:30:23.350 - aiperf.metrics.types.osl_mismatch_metrics - WARNING - OSL mismatch: got 58 tokens (requested 2048, diff -97.2%)
2026-09-17 17:30:23.458 - aiperf.metrics.types.osl_mismatch_metrics - WARNING - OSL mismatch: got 59 tokens (requested 2048, diff -97.1%)
2026-09-17 17:30:23.499 - aiperf.metrics.types.osl_mismatch_metrics - WARNING - OSL mismatch: got 66 tokens (requested 2048, diff -96.8%)
2026-09-17 17:30:23.592 - aiperf.metrics.types.osl_mismatch_metrics - WARNING - OSL mismatch: got 67 tokens (requested 2048, diff -96.7%)
2026-09-17 17:30:23.787 - aiperf.metrics.types.osl_mismatch_metrics - WARNING - OSL mismatch: got 63 tokens (requested 2048, diff -96.9%)
2026-09-17 17:30:23.837 - aiperf.metrics.types.osl_mismatch_metrics - WARNING - OSL mismatch: got 88 tokens (requested 2048, diff -95.7%)
2026-09-17 17:30:23.919 - aiperf.metrics.types.osl_mismatch_metrics - WARNING - OSL mismatch: got 94 tokens (requested 2048, diff -95.4%)
2026-09-17 17:30:23.944 - aiperf.metrics.types.osl_mismatch_metrics - WARNING - OSL mismatch: got 96 tokens (requested 2048, diff -95.3%)
2026-09-17 17:30:23.952 - aiperf.metrics.types.osl_mismatch_metrics - WARNING - OSL mismatch: got 96 tokens (requested 2048, diff -95.3%)
2026-09-17 17:30:23.982 - aiperf.metrics.types.osl_mismatch_metrics - WARNING - OSL mismatch: got 95 tokens (requested 2048, diff -95.4%)
2026-09-17 17:30:24.072 - aiperf.metrics.types.osl_mismatch_metrics - WARNING - OSL mismatch: got 79 tokens (requested 2048, diff -96.1%)
2026-09-17 17:30:24.142 - aiperf.metrics.types.osl_mismatch_metrics - WARNING - OSL mismatch: got 104 tokens (requested 2048, diff -94.9%)
2026-09-17 17:30:24.163 - aiperf.metrics.types.osl_mismatch_metrics - WARNING - OSL mismatch: got 100 tokens (requested 2048, diff -95.1%)
2026-09-17 17:30:24.174 - aiperf.metrics.types.osl_mismatch_metrics - WARNING - OSL mismatch: got 103 tokens (requested 2048, diff -95.0%)
2026-09-17 17:30:24.176 - aiperf.metrics.types.osl_mismatch_metrics - WARNING - OSL mismatch: got 103 tokens (requested 2048, diff -95.0%)
2026-09-17 17:30:24.184 - aiperf.metrics.types.osl_mismatch_metrics - WARNING - OSL mismatch: got 59 tokens (requested 2048, diff -97.1%)
2026-09-17 17:30:24.282 - aiperf.metrics.types.osl_mismatch_metrics - WARNING - OSL mismatch: got 115 tokens (requested 2048, diff -94.4%)
2026-09-17 17:30:24.498 - aiperf.metrics.types.osl_mismatch_metrics - WARNING - OSL mismatch: got 126 tokens (requested 2048, diff -93.8%)
2026-09-17 17:30:24.499 - aiperf.metrics.types.osl_mismatch_metrics - WARNING - OSL mismatch: got 126 tokens (requested 2048, diff -93.8%)
2026-09-17 17:30:24.501 - aiperf.metrics.types.osl_mismatch_metrics - WARNING - OSL mismatch: got 120 tokens (requested 2048, diff -94.1%)
2026-09-17 17:30:24.501 - aiperf.metrics.types.osl_mismatch_metrics - WARNING - OSL mismatch: got 126 tokens (requested 2048, diff -93.8%)
2026-09-17 17:30:24.508 - aiperf.metrics.types.osl_mismatch_metrics - WARNING - OSL mismatch: got 118 tokens (requested 2048, diff -94.2%)
2026-09-17 17:30:24.517 - aiperf.metrics.types.osl_mismatch_metrics - WARNING - OSL mismatch: got 10 tokens (requested 2048, diff -99.5%)
2026-09-17 17:30:24.534 - aiperf.metrics.types.osl_mismatch_metrics - WARNING - OSL mismatch: got 127 tokens (requested 2048, diff -93.8%)
2026-09-17 17:30:24.549 - aiperf.metrics.types.osl_mismatch_metrics - WARNING - OSL mismatch: got 122 tokens (requested 2048, diff -94.0%)
2026-09-17 17:30:24.622 - aiperf.metrics.types.osl_mismatch_metrics - WARNING - OSL mismatch: got 125 tokens (requested 2048, diff -93.9%)
2026-09-17 17:30:24.767 - aiperf.metrics.types.osl_mismatch_metrics - WARNING - OSL mismatch: got 136 tokens (requested 2048, diff -93.4%)
2026-09-17 17:30:24.792 - aiperf.metrics.types.osl_mismatch_metrics - WARNING - OSL mismatch: got 1 tokens (requested 2048, diff -100.0%)
2026-09-17 17:30:24.835 - aiperf.metrics.types.osl_mismatch_metrics - WARNING - OSL mismatch: got 135 tokens (requested 2048, diff -93.4%)
2026-09-17 17:30:24.851 - aiperf.metrics.types.osl_mismatch_metrics - WARNING - OSL mismatch: got 136 tokens (requested 2048, diff -93.4%)
2026-09-17 17:30:24.902 - aiperf.metrics.types.osl_mismatch_metrics - WARNING - OSL mismatch: got 93 tokens (requested 2048, diff -95.5%)
2026-09-17 17:30:24.903 - aiperf.metrics.types.osl_mismatch_metrics - WARNING - OSL mismatch: got 138 tokens (requested 2048, diff -93.3%)
2026-09-17 17:30:24.910 - aiperf.metrics.types.osl_mismatch_metrics - WARNING - OSL mismatch: got 103 tokens (requested 2048, diff -95.0%)
2026-09-17 17:30:24.914 - aiperf.metrics.types.osl_mismatch_metrics - WARNING - OSL mismatch: got 144 tokens (requested 2048, diff -93.0%)
2026-09-17 17:30:24.928 - aiperf.metrics.types.osl_mismatch_metrics - WARNING - OSL mismatch: got 143 tokens (requested 2048, diff -93.0%)
2026-09-17 17:30:25.138 - aiperf.metrics.types.osl_mismatch_metrics - WARNING - OSL mismatch: got 142 tokens (requested 2048, diff -93.1%)
2026-09-17 17:30:25.153 - aiperf.metrics.types.osl_mismatch_metrics - WARNING - OSL mismatch: got 147 tokens (requested 2048, diff -92.8%)
2026-09-17 17:30:25.153 - aiperf.metrics.types.osl_mismatch_metrics - WARNING - OSL mismatch: got 144 tokens (requested 2048, diff -93.0%)
2026-09-17 17:30:25.224 - aiperf.metrics.types.osl_mismatch_metrics - WARNING - OSL mismatch: got 151 tokens (requested 2048, diff -92.6%)
2026-09-17 17:30:25.243 - aiperf.metrics.types.osl_mismatch_metrics - WARNING - OSL mismatch: got 23 tokens (requested 2048, diff -98.9%)
2026-09-17 17:30:25.358 - aiperf.metrics.types.osl_mismatch_metrics - WARNING - OSL mismatch: got 101 tokens (requested 2048, diff -95.1%)
2026-09-17 17:30:25.416 - aiperf.metrics.types.osl_mismatch_metrics - WARNING - OSL mismatch: got 121 tokens (requested 2048, diff -94.1%)
2026-09-17 17:30:25.419 - aiperf.metrics.types.osl_mismatch_metrics - WARNING - OSL mismatch: got 159 tokens (requested 2048, diff -92.2%)
2026-09-17 17:30:25.420 - aiperf.metrics.types.osl_mismatch_metrics - WARNING - OSL mismatch: got 155 tokens (requested 2048, diff -92.4%)
2026-09-17 17:30:25.454 - aiperf.metrics.types.osl_mismatch_metrics - WARNING - OSL mismatch: got 87 tokens (requested 2048, diff -95.8%)
2026-09-17 17:30:25.611 - aiperf.metrics.types.osl_mismatch_metrics - WARNING - OSL mismatch: got 109 tokens (requested 2048, diff -94.7%)
2026-09-17 17:30:25.614 - aiperf.metrics.types.osl_mismatch_metrics - WARNING - OSL mismatch: got 164 tokens (requested 2048, diff -92.0%)
2026-09-17 17:30:25.647 - aiperf.metrics.types.osl_mismatch_metrics - WARNING - OSL mismatch: got 12 tokens (requested 2048, diff -99.4%)
2026-09-17 17:30:25.684 - aiperf.metrics.types.osl_mismatch_metrics - WARNING - OSL mismatch: got 169 tokens (requested 2048, diff -91.7%)
2026-09-17 17:30:25.717 - aiperf.metrics.types.osl_mismatch_metrics - WARNING - OSL mismatch: got 175 tokens (requested 2048, diff -91.5%)
2026-09-17 17:30:25.718 - aiperf.metrics.types.osl_mismatch_metrics - WARNING - OSL mismatch: got 174 tokens (requested 2048, diff -91.5%)
2026-09-17 17:30:25.745 - aiperf.metrics.types.osl_mismatch_metrics - WARNING - OSL mismatch: got 178 tokens (requested 2048, diff -91.3%)
2026-09-17 17:30:25.770 - aiperf.metrics.types.osl_mismatch_metrics - WARNING - OSL mismatch: got 157 tokens (requested 2048, diff -92.3%)
2026-09-17 17:30:25.823 - aiperf.metrics.types.osl_mismatch_metrics - WARNING - OSL mismatch: got 180 tokens (requested 2048, diff -91.2%)
2026-09-17 17:30:26.127 - aiperf.metrics.types.osl_mismatch_metrics - WARNING - OSL mismatch: got 191 tokens (requested 2048, diff -90.7%)
2026-09-17 17:30:26.132 - aiperf.metrics.types.osl_mismatch_metrics - WARNING - OSL mismatch: got 49 tokens (requested 2048, diff -97.6%)
2026-09-17 17:30:26.138 - aiperf.metrics.types.osl_mismatch_metrics - WARNING - OSL mismatch: got 196 tokens (requested 2048, diff -90.4%)
2026-09-17 17:30:26.147 - aiperf.metrics.types.osl_mismatch_metrics - WARNING - OSL mismatch: got 91 tokens (requested 2048, diff -95.6%)
2026-09-17 17:30:26.162 - aiperf.metrics.types.osl_mismatch_metrics - WARNING - OSL mismatch: got 195 tokens (requested 2048, diff -90.5%)
2026-09-17 17:30:26.174 - aiperf.metrics.types.osl_mismatch_metrics - WARNING - OSL mismatch: got 197 tokens (requested 2048, diff -90.4%)
2026-09-17 17:30:26.209 - aiperf.metrics.types.osl_mismatch_metrics - WARNING - OSL mismatch: got 202 tokens (requested 2048, diff -90.1%)
2026-09-17 17:30:26.214 - aiperf.metrics.types.osl_mismatch_metrics - WARNING - OSL mismatch: got 87 tokens (requested 2048, diff -95.8%)
2026-09-17 17:30:26.217 - aiperf.metrics.types.osl_mismatch_metrics - WARNING - OSL mismatch: got 137 tokens (requested 2048, diff -93.3%)
2026-09-17 17:30:26.489 - aiperf.metrics.types.osl_mismatch_metrics - WARNING - OSL mismatch: got 209 tokens (requested 2048, diff -89.8%)
2026-09-17 17:30:26.492 - aiperf.metrics.types.osl_mismatch_metrics - WARNING - OSL mismatch: got 209 tokens (requested 2048, diff -89.8%)
2026-09-17 17:30:26.655 - aiperf.metrics.types.osl_mismatch_metrics - WARNING - OSL mismatch: got 218 tokens (requested 2048, diff -89.4%)
2026-09-17 17:30:26.733 - aiperf.metrics.types.osl_mismatch_metrics - WARNING - OSL mismatch: got 131 tokens (requested 2048, diff -93.6%)
2026-09-17 17:30:26.741 - aiperf.metrics.types.osl_mismatch_metrics - WARNING - OSL mismatch: got 221 tokens (requested 2048, diff -89.2%)
2026-09-17 17:30:26.786 - aiperf.metrics.types.osl_mismatch_metrics - WARNING - OSL mismatch: got 224 tokens (requested 2048, diff -89.1%)
2026-09-17 17:30:26.855 - aiperf.metrics.types.osl_mismatch_metrics - WARNING - OSL mismatch: got 231 tokens (requested 2048, diff -88.7%)
2026-09-17 17:30:26.971 - aiperf.metrics.types.osl_mismatch_metrics - WARNING - OSL mismatch: got 234 tokens (requested 2048, diff -88.6%)
2026-09-17 17:30:27.002 - aiperf.metrics.types.osl_mismatch_metrics - WARNING - OSL mismatch: got 238 tokens (requested 2048, diff -88.4%)
2026-09-17 17:30:27.007 - aiperf.metrics.types.osl_mismatch_metrics - WARNING - OSL mismatch: got 95 tokens (requested 2048, diff -95.4%)
2026-09-17 17:30:27.016 - aiperf.metrics.types.osl_mismatch_metrics - WARNING - OSL mismatch: got 235 tokens (requested 2048, diff -88.5%)
2026-09-17 17:30:27.031 - aiperf.metrics.types.osl_mismatch_metrics - WARNING - OSL mismatch: got 140 tokens (requested 2048, diff -93.2%)
2026-09-17 17:30:27.063 - aiperf.metrics.types.osl_mismatch_metrics - WARNING - OSL mismatch: got 238 tokens (requested 2048, diff -88.4%)
2026-09-17 17:30:27.149 - aiperf.metrics.types.osl_mismatch_metrics - WARNING - OSL mismatch: got 247 tokens (requested 2048, diff -87.9%)
2026-09-17 17:30:27.186 - aiperf.metrics.types.osl_mismatch_metrics - WARNING - OSL mismatch: got 250 tokens (requested 2048, diff -87.8%)
2026-09-17 17:30:27.323 - aiperf.metrics.types.osl_mismatch_metrics - WARNING - OSL mismatch: got 2 tokens (requested 2048, diff -99.9%)
2026-09-17 17:30:27.327 - aiperf.metrics.types.osl_mismatch_metrics - WARNING - OSL mismatch: got 106 tokens (requested 2048, diff -94.8%)
2026-09-17 17:30:27.350 - aiperf.metrics.types.osl_mismatch_metrics - WARNING - OSL mismatch: got 121 tokens (requested 2048, diff -94.1%)
2026-09-17 17:30:27.390 - aiperf.metrics.types.osl_mismatch_metrics - WARNING - OSL mismatch: got 142 tokens (requested 2048, diff -93.1%)
2026-09-17 17:30:27.418 - aiperf.metrics.types.osl_mismatch_metrics - WARNING - OSL mismatch: got 112 tokens (requested 2048, diff -94.5%)
2026-09-17 17:30:27.520 - aiperf.metrics.types.osl_mismatch_metrics - WARNING - OSL mismatch: got 105 tokens (requested 2048, diff -94.9%)
2026-09-17 17:30:27.587 - aiperf.metrics.types.osl_mismatch_metrics - WARNING - OSL mismatch: got 262 tokens (requested 2048, diff -87.2%)
2026-09-17 17:30:27.701 - aiperf.metrics.types.osl_mismatch_metrics - WARNING - OSL mismatch: got 270 tokens (requested 2048, diff -86.8%)
2026-09-17 17:30:27.723 - aiperf.metrics.types.osl_mismatch_metrics - WARNING - OSL mismatch: got 141 tokens (requested 2048, diff -93.1%)
2026-09-17 17:30:27.732 - aiperf.metrics.types.osl_mismatch_metrics - WARNING - OSL mismatch: got 271 tokens (requested 2048, diff -86.8%)
2026-09-17 17:30:27.802 - aiperf.metrics.types.osl_mismatch_metrics - WARNING - OSL mismatch: got 271 tokens (requested 2048, diff -86.8%)
2026-09-17 17:30:27.813 - aiperf.metrics.types.osl_mismatch_metrics - WARNING - OSL mismatch: got 212 tokens (requested 2048, diff -89.6%)
2026-09-17 17:30:27.818 - aiperf.metrics.types.osl_mismatch_metrics - WARNING - OSL mismatch: got 239 tokens (requested 2048, diff -88.3%)
2026-09-17 17:30:27.875 - aiperf.metrics.types.osl_mismatch_metrics - WARNING - OSL mismatch: got 286 tokens (requested 2048, diff -86.0%)
2026-09-17 17:30:27.879 - aiperf.metrics.types.osl_mismatch_metrics - WARNING - OSL mismatch: got 151 tokens (requested 2048, diff -92.6%)
2026-09-17 17:30:27.929 - aiperf.metrics.types.osl_mismatch_metrics - WARNING - OSL mismatch: got 287 tokens (requested 2048, diff -86.0%)
2026-09-17 17:30:27.954 - aiperf.metrics.types.osl_mismatch_metrics - WARNING - OSL mismatch: got 102 tokens (requested 2048, diff -95.0%)
2026-09-17 17:30:28.081 - aiperf.metrics.types.osl_mismatch_metrics - WARNING - OSL mismatch: got 155 tokens (requested 2048, diff -92.4%)
2026-09-17 17:30:28.131 - aiperf.metrics.types.osl_mismatch_metrics - WARNING - OSL mismatch: got 2 tokens (requested 2048, diff -99.9%)
2026-09-17 17:30:28.140 - aiperf.metrics.types.osl_mismatch_metrics - WARNING - OSL mismatch: got 174 tokens (requested 2048, diff -91.5%)
2026-09-17 17:30:28.158 - aiperf.metrics.types.osl_mismatch_metrics - WARNING - OSL mismatch: got 285 tokens (requested 2048, diff -86.1%)
2026-09-17 17:30:28.194 - aiperf.metrics.types.osl_mismatch_metrics - WARNING - OSL mismatch: got 270 tokens (requested 2048, diff -86.8%)
2026-09-17 17:30:28.209 - aiperf.metrics.types.osl_mismatch_metrics - WARNING - OSL mismatch: got 42 tokens (requested 2048, diff -97.9%)
2026-09-17 17:30:28.274 - aiperf.metrics.types.osl_mismatch_metrics - WARNING - OSL mismatch: got 223 tokens (requested 2048, diff -89.1%)
2026-09-17 17:30:28.370 - aiperf.metrics.types.osl_mismatch_metrics - WARNING - OSL mismatch: got 151 tokens (requested 2048, diff -92.6%)
2026-09-17 17:30:28.420 - aiperf.metrics.types.osl_mismatch_metrics - WARNING - OSL mismatch: got 12 tokens (requested 2048, diff -99.4%)
2026-09-17 17:30:28.435 - aiperf.metrics.types.osl_mismatch_metrics - WARNING - OSL mismatch: got 295 tokens (requested 2048, diff -85.6%)
2026-09-17 17:30:28.477 - aiperf.metrics.types.osl_mismatch_metrics - WARNING - OSL mismatch: got 7 tokens (requested 2048, diff -99.7%)
2026-09-17 17:30:28.519 - aiperf.metrics.types.osl_mismatch_metrics - WARNING - OSL mismatch: got 139 tokens (requested 2048, diff -93.2%)
2026-09-17 17:30:28.686 - aiperf.metrics.types.osl_mismatch_metrics - WARNING - OSL mismatch: got 168 tokens (requested 2048, diff -91.8%)
2026-09-17 17:30:28.747 - aiperf.metrics.types.osl_mismatch_metrics - WARNING - OSL mismatch: got 315 tokens (requested 2048, diff -84.6%)
2026-09-17 17:30:28.774 - aiperf.metrics.types.osl_mismatch_metrics - WARNING - OSL mismatch: got 315 tokens (requested 2048, diff -84.6%)
2026-09-17 17:30:28.795 - aiperf.metrics.types.osl_mismatch_metrics - WARNING - OSL mismatch: got 317 tokens (requested 2048, diff -84.5%)
2026-09-17 17:30:28.805 - aiperf.metrics.types.osl_mismatch_metrics - WARNING - OSL mismatch: got 319 tokens (requested 2048, diff -84.4%)
2026-09-17 17:30:28.805 - aiperf.metrics.types.osl_mismatch_metrics - WARNING - OSL mismatch: got 104 tokens (requested 2048, diff -94.9%)
2026-09-17 17:30:28.881 - aiperf.metrics.types.osl_mismatch_metrics - WARNING - OSL mismatch: got 323 tokens (requested 2048, diff -84.2%)
2026-09-17 17:30:28.914 - aiperf.metrics.types.osl_mismatch_metrics - WARNING - OSL mismatch: got 326 tokens (requested 2048, diff -84.1%)
2026-09-17 17:30:28.992 - aiperf.metrics.types.osl_mismatch_metrics - WARNING - OSL mismatch: got 108 tokens (requested 2048, diff -94.7%)
2026-09-17 17:30:29.002 - aiperf.metrics.types.osl_mismatch_metrics - WARNING - OSL mismatch: got 288 tokens (requested 2048, diff -85.9%)
2026-09-17 17:30:29.067 - aiperf.metrics.types.osl_mismatch_metrics - WARNING - OSL mismatch: got 327 tokens (requested 2048, diff -84.0%)
2026-09-17 17:30:29.113 - aiperf.metrics.types.osl_mismatch_metrics - WARNING - OSL mismatch: got 126 tokens (requested 2048, diff -93.8%)
2026-09-17 17:30:29.137 - aiperf.metrics.types.osl_mismatch_metrics - WARNING - OSL mismatch: got 150 tokens (requested 2048, diff -92.7%)
2026-09-17 17:30:29.141 - aiperf.metrics.types.osl_mismatch_metrics - WARNING - OSL mismatch: got 37 tokens (requested 2048, diff -98.2%)
2026-09-17 17:30:29.170 - aiperf.metrics.types.osl_mismatch_metrics - WARNING - OSL mismatch: got 333 tokens (requested 2048, diff -83.7%)
2026-09-17 17:30:29.183 - aiperf.metrics.types.osl_mismatch_metrics - WARNING - OSL mismatch: got 335 tokens (requested 2048, diff -83.6%)
2026-09-17 17:30:29.408 - aiperf.metrics.types.osl_mismatch_metrics - WARNING - OSL mismatch: got 96 tokens (requested 2048, diff -95.3%)
2026-09-17 17:30:29.509 - aiperf.metrics.types.osl_mismatch_metrics - WARNING - OSL mismatch: got 345 tokens (requested 2048, diff -83.2%)
2026-09-17 17:30:29.510 - aiperf.metrics.types.osl_mismatch_metrics - WARNING - OSL mismatch: got 349 tokens (requested 2048, diff -83.0%)
2026-09-17 17:30:29.523 - aiperf.metrics.types.osl_mismatch_metrics - WARNING - OSL mismatch: got 1 tokens (requested 2048, diff -100.0%)
2026-09-17 17:30:29.592 - aiperf.metrics.types.osl_mismatch_metrics - WARNING - OSL mismatch: got 226 tokens (requested 2048, diff -89.0%)
2026-09-17 17:30:29.723 - aiperf.metrics.types.osl_mismatch_metrics - WARNING - OSL mismatch: got 2 tokens (requested 2048, diff -99.9%)
2026-09-17 17:30:29.724 - aiperf.metrics.types.osl_mismatch_metrics - WARNING - OSL mismatch: got 356 tokens (requested 2048, diff -82.6%)
2026-09-17 17:30:29.771 - aiperf.metrics.types.osl_mismatch_metrics - WARNING - OSL mismatch: got 133 tokens (requested 2048, diff -93.5%)
2026-09-17 17:30:29.854 - aiperf.metrics.types.osl_mismatch_metrics - WARNING - OSL mismatch: got 366 tokens (requested 2048, diff -82.1%)
2026-09-17 17:30:29.929 - aiperf.metrics.types.osl_mismatch_metrics - WARNING - OSL mismatch: got 210 tokens (requested 2048, diff -89.7%)
2026-09-17 17:30:30.027 - aiperf.metrics.types.osl_mismatch_metrics - WARNING - OSL mismatch: got 373 tokens (requested 2048, diff -81.8%)
2026-09-17 17:30:30.090 - aiperf.metrics.types.osl_mismatch_metrics - WARNING - OSL mismatch: got 221 tokens (requested 2048, diff -89.2%)
2026-09-17 17:30:30.108 - aiperf.metrics.types.osl_mismatch_metrics - WARNING - OSL mismatch: got 236 tokens (requested 2048, diff -88.5%)
2026-09-17 17:30:30.200 - aiperf.metrics.types.osl_mismatch_metrics - WARNING - OSL mismatch: got 153 tokens (requested 2048, diff -92.5%)
2026-09-17 17:30:30.208 - aiperf.metrics.types.osl_mismatch_metrics - WARNING - OSL mismatch: got 254 tokens (requested 2048, diff -87.6%)
2026-09-17 17:30:30.212 - aiperf.metrics.types.osl_mismatch_metrics - WARNING - OSL mismatch: got 137 tokens (requested 2048, diff -93.3%)
2026-09-17 17:30:30.268 - aiperf.metrics.types.osl_mismatch_metrics - WARNING - OSL mismatch: got 387 tokens (requested 2048, diff -81.1%)
2026-09-17 17:30:30.278 - aiperf.metrics.types.osl_mismatch_metrics - WARNING - OSL mismatch: got 385 tokens (requested 2048, diff -81.2%)
2026-09-17 17:30:30.307 - aiperf.metrics.types.osl_mismatch_metrics - WARNING - OSL mismatch: got 7 tokens (requested 2048, diff -99.7%)
2026-09-17 17:30:30.325 - aiperf.metrics.types.osl_mismatch_metrics - WARNING - OSL mismatch: got 397 tokens (requested 2048, diff -80.6%)
2026-09-17 17:30:30.457 - aiperf.metrics.types.osl_mismatch_metrics - WARNING - OSL mismatch: got 3 tokens (requested 2048, diff -99.9%)
2026-09-17 17:30:30.472 - aiperf.metrics.types.osl_mismatch_metrics - WARNING - OSL mismatch: got 391 tokens (requested 2048, diff -80.9%)
2026-09-17 17:30:30.489 - aiperf.metrics.types.osl_mismatch_metrics - WARNING - OSL mismatch: got 56 tokens (requested 2048, diff -97.3%)
2026-09-17 17:30:30.516 - aiperf.metrics.types.osl_mismatch_metrics - WARNING - OSL mismatch: got 395 tokens (requested 2048, diff -80.7%)
2026-09-17 17:30:30.536 - aiperf.metrics.types.osl_mismatch_metrics - WARNING - OSL mismatch: got 193 tokens (requested 2048, diff -90.6%)
2026-09-17 17:30:30.748 - aiperf.metrics.types.osl_mismatch_metrics - WARNING - OSL mismatch: got 123 tokens (requested 2048, diff -94.0%)
2026-09-17 17:30:30.784 - aiperf.metrics.types.osl_mismatch_metrics - WARNING - OSL mismatch: got 71 tokens (requested 2048, diff -96.5%)
2026-09-17 17:30:30.802 - aiperf.metrics.types.osl_mismatch_metrics - WARNING - OSL mismatch: got 413 tokens (requested 2048, diff -79.8%)
2026-09-17 17:30:30.829 - aiperf.metrics.types.osl_mismatch_metrics - WARNING - OSL mismatch: got 418 tokens (requested 2048, diff -79.6%)
2026-09-17 17:30:30.835 - aiperf.metrics.types.osl_mismatch_metrics - WARNING - OSL mismatch: got 253 tokens (requested 2048, diff -87.6%)
2026-09-17 17:30:31.048 - aiperf.metrics.types.osl_mismatch_metrics - WARNING - OSL mismatch: got 128 tokens (requested 2048, diff -93.8%)
2026-09-17 17:30:31.049 - aiperf.metrics.types.osl_mismatch_metrics - WARNING - OSL mismatch: got 137 tokens (requested 2048, diff -93.3%)
2026-09-17 17:30:31.060 - aiperf.metrics.types.osl_mismatch_metrics - WARNING - OSL mismatch: got 418 tokens (requested 2048, diff -79.6%)
2026-09-17 17:30:31.104 - aiperf.metrics.types.osl_mismatch_metrics - WARNING - OSL mismatch: got 143 tokens (requested 2048, diff -93.0%)
2026-09-17 17:30:31.114 - aiperf.metrics.types.osl_mismatch_metrics - WARNING - OSL mismatch: got 157 tokens (requested 2048, diff -92.3%)
2026-09-17 17:30:31.145 - aiperf.metrics.types.osl_mismatch_metrics - WARNING - OSL mismatch: got 408 tokens (requested 2048, diff -80.1%)
2026-09-17 17:30:31.308 - aiperf.metrics.types.osl_mismatch_metrics - WARNING - OSL mismatch: got 50 tokens (requested 2048, diff -97.6%)
2026-09-17 17:30:31.322 - aiperf.metrics.types.osl_mismatch_metrics - WARNING - OSL mismatch: got 125 tokens (requested 2048, diff -93.9%)
2026-09-17 17:30:31.341 - aiperf.metrics.types.osl_mismatch_metrics - WARNING - OSL mismatch: got 167 tokens (requested 2048, diff -91.8%)
2026-09-17 17:30:31.360 - aiperf.metrics.types.osl_mismatch_metrics - WARNING - OSL mismatch: got 112 tokens (requested 2048, diff -94.5%)
2026-09-17 17:30:31.362 - aiperf.metrics.types.osl_mismatch_metrics - WARNING - OSL mismatch: got 169 tokens (requested 2048, diff -91.7%)
2026-09-17 17:30:31.377 - aiperf.metrics.types.osl_mismatch_metrics - WARNING - OSL mismatch: got 20 tokens (requested 2048, diff -99.0%)
2026-09-17 17:30:31.460 - aiperf.metrics.types.osl_mismatch_metrics - WARNING - OSL mismatch: got 86 tokens (requested 2048, diff -95.8%)
2026-09-17 17:30:31.661 - aiperf.metrics.types.osl_mismatch_metrics - WARNING - OSL mismatch: got 448 tokens (requested 2048, diff -78.1%)
2026-09-17 17:30:31.676 - aiperf.metrics.types.osl_mismatch_metrics - WARNING - OSL mismatch: got 350 tokens (requested 2048, diff -82.9%)
2026-09-17 17:30:31.829 - aiperf.metrics.types.osl_mismatch_metrics - WARNING - OSL mismatch: got 459 tokens (requested 2048, diff -77.6%)
2026-09-17 17:30:31.840 - aiperf.metrics.types.osl_mismatch_metrics - WARNING - OSL mismatch: got 461 tokens (requested 2048, diff -77.5%)
2026-09-17 17:30:31.880 - aiperf.metrics.types.osl_mismatch_metrics - WARNING - OSL mismatch: got 297 tokens (requested 2048, diff -85.5%)
2026-09-17 17:30:31.906 - aiperf.metrics.types.osl_mismatch_metrics - WARNING - OSL mismatch: got 124 tokens (requested 2048, diff -93.9%)
2026-09-17 17:30:31.950 - aiperf.metrics.types.osl_mismatch_metrics - WARNING - OSL mismatch: got 196 tokens (requested 2048, diff -90.4%)
2026-09-17 17:30:31.956 - aiperf.metrics.types.osl_mismatch_metrics - WARNING - OSL mismatch: got 321 tokens (requested 2048, diff -84.3%)
2026-09-17 17:30:32.035 - aiperf.metrics.types.osl_mismatch_metrics - WARNING - OSL mismatch: got 74 tokens (requested 2048, diff -96.4%)
2026-09-17 17:30:32.097 - aiperf.metrics.types.osl_mismatch_metrics - WARNING - OSL mismatch: got 105 tokens (requested 2048, diff -94.9%)
2026-09-17 17:30:32.100 - aiperf.metrics.types.osl_mismatch_metrics - WARNING - OSL mismatch: got 175 tokens (requested 2048, diff -91.5%)
2026-09-17 17:30:32.130 - aiperf.metrics.types.osl_mismatch_metrics - WARNING - OSL mismatch: got 144 tokens (requested 2048, diff -93.0%)
2026-09-17 17:30:32.138 - aiperf.metrics.types.osl_mismatch_metrics - WARNING - OSL mismatch: got 6 tokens (requested 2048, diff -99.7%)
2026-09-17 17:30:32.206 - aiperf.metrics.types.osl_mismatch_metrics - WARNING - OSL mismatch: got 291 tokens (requested 2048, diff -85.8%)
2026-09-17 17:30:32.301 - aiperf.metrics.types.osl_mismatch_metrics - WARNING - OSL mismatch: got 5 tokens (requested 2048, diff -99.8%)
2026-09-17 17:30:32.306 - aiperf.metrics.types.osl_mismatch_metrics - WARNING - OSL mismatch: got 152 tokens (requested 2048, diff -92.6%)
2026-09-17 17:30:32.319 - aiperf.metrics.types.osl_mismatch_metrics - WARNING - OSL mismatch: got 31 tokens (requested 2048, diff -98.5%)
2026-09-17 17:30:32.351 - aiperf.metrics.types.osl_mismatch_metrics - WARNING - OSL mismatch: got 74 tokens (requested 2048, diff -96.4%)
2026-09-17 17:30:32.352 - aiperf.metrics.types.osl_mismatch_metrics - WARNING - OSL mismatch: got 114 tokens (requested 2048, diff -94.4%)
2026-09-17 17:30:32.409 - aiperf.metrics.types.osl_mismatch_metrics - WARNING - OSL mismatch: got 174 tokens (requested 2048, diff -91.5%)
2026-09-17 17:30:32.469 - aiperf.metrics.types.osl_mismatch_metrics - WARNING - OSL mismatch: got 150 tokens (requested 2048, diff -92.7%)
2026-09-17 17:30:32.550 - aiperf.metrics.types.osl_mismatch_metrics - WARNING - OSL mismatch: got 133 tokens (requested 2048, diff -93.5%)
2026-09-17 17:30:32.568 - aiperf.metrics.types.osl_mismatch_metrics - WARNING - OSL mismatch: got 490 tokens (requested 2048, diff -76.1%)
2026-09-17 17:30:32.682 - aiperf.metrics.types.osl_mismatch_metrics - WARNING - OSL mismatch: got 1 tokens (requested 2048, diff -100.0%)
2026-09-17 17:30:32.720 - aiperf.metrics.types.osl_mismatch_metrics - WARNING - OSL mismatch: got 227 tokens (requested 2048, diff -88.9%)
2026-09-17 17:30:32.733 - aiperf.metrics.types.osl_mismatch_metrics - WARNING - OSL mismatch: got 474 tokens (requested 2048, diff -76.9%)
2026-09-17 17:30:32.805 - aiperf.metrics.types.osl_mismatch_metrics - WARNING - OSL mismatch: got 500 tokens (requested 2048, diff -75.6%)
2026-09-17 17:30:32.813 - aiperf.metrics.types.osl_mismatch_metrics - WARNING - OSL mismatch: got 357 tokens (requested 2048, diff -82.6%)
2026-09-17 17:30:32.844 - aiperf.metrics.types.osl_mismatch_metrics - WARNING - OSL mismatch: got 10 tokens (requested 2048, diff -99.5%)
2026-09-17 17:30:32.847 - aiperf.metrics.types.osl_mismatch_metrics - WARNING - OSL mismatch: got 321 tokens (requested 2048, diff -84.3%)
2026-09-17 17:30:33.052 - aiperf.metrics.types.osl_mismatch_metrics - WARNING - OSL mismatch: got 280 tokens (requested 2048, diff -86.3%)
2026-09-17 17:30:33.087 - aiperf.metrics.types.osl_mismatch_metrics - WARNING - OSL mismatch: got 509 tokens (requested 2048, diff -75.1%)
2026-09-17 17:30:33.093 - aiperf.metrics.types.osl_mismatch_metrics - WARNING - OSL mismatch: got 36 tokens (requested 2048, diff -98.2%)
2026-09-17 17:30:33.098 - aiperf.metrics.types.osl_mismatch_metrics - WARNING - OSL mismatch: got 97 tokens (requested 2048, diff -95.3%)
2026-09-17 17:30:33.099 - aiperf.metrics.types.osl_mismatch_metrics - WARNING - OSL mismatch: got 81 tokens (requested 2048, diff -96.0%)
2026-09-17 17:30:33.158 - aiperf.metrics.types.osl_mismatch_metrics - WARNING - OSL mismatch: got 6 tokens (requested 2048, diff -99.7%)
2026-09-17 17:30:33.243 - aiperf.metrics.types.osl_mismatch_metrics - WARNING - OSL mismatch: got 111 tokens (requested 2048, diff -94.6%)
2026-09-17 17:30:33.292 - aiperf.metrics.types.osl_mismatch_metrics - WARNING - OSL mismatch: got 2 tokens (requested 2048, diff -99.9%)
2026-09-17 17:30:33.313 - aiperf.metrics.types.osl_mismatch_metrics - WARNING - OSL mismatch: got 498 tokens (requested 2048, diff -75.7%)
2026-09-17 17:30:33.318 - aiperf.metrics.types.osl_mismatch_metrics - WARNING - OSL mismatch: got 11 tokens (requested 2048, diff -99.5%)
2026-09-17 17:30:33.385 - aiperf.metrics.types.osl_mismatch_metrics - WARNING - OSL mismatch: got 130 tokens (requested 2048, diff -93.7%)
2026-09-17 17:30:33.427 - aiperf.metrics.types.osl_mismatch_metrics - WARNING - OSL mismatch: got 529 tokens (requested 2048, diff -74.2%)
2026-09-17 17:30:33.453 - aiperf.metrics.types.osl_mismatch_metrics - WARNING - OSL mismatch: got 79 tokens (requested 2048, diff -96.1%)
2026-09-17 17:30:33.542 - aiperf.metrics.types.osl_mismatch_metrics - WARNING - OSL mismatch: got 368 tokens (requested 2048, diff -82.0%)
2026-09-17 17:30:33.648 - aiperf.metrics.types.osl_mismatch_metrics - WARNING - OSL mismatch: got 529 tokens (requested 2048, diff -74.2%)
2026-09-17 17:30:33.650 - aiperf.metrics.types.osl_mismatch_metrics - WARNING - OSL mismatch: got 4 tokens (requested 2048, diff -99.8%)
2026-09-17 17:30:33.687 - aiperf.metrics.types.osl_mismatch_metrics - WARNING - OSL mismatch: got 534 tokens (requested 2048, diff -73.9%)
2026-09-17 17:30:33.742 - aiperf.metrics.types.osl_mismatch_metrics - WARNING - OSL mismatch: got 308 tokens (requested 2048, diff -85.0%)
2026-09-17 17:30:33.760 - aiperf.metrics.types.osl_mismatch_metrics - WARNING - OSL mismatch: got 336 tokens (requested 2048, diff -83.6%)
2026-09-17 17:30:33.815 - aiperf.metrics.types.osl_mismatch_metrics - WARNING - OSL mismatch: got 297 tokens (requested 2048, diff -85.5%)
2026-09-17 17:30:33.965 - aiperf.metrics.types.osl_mismatch_metrics - WARNING - OSL mismatch: got 389 tokens (requested 2048, diff -81.0%)
2026-09-17 17:30:34.008 - aiperf.metrics.types.osl_mismatch_metrics - WARNING - OSL mismatch: got 243 tokens (requested 2048, diff -88.1%)
2026-09-17 17:30:34.012 - aiperf.metrics.types.osl_mismatch_metrics - WARNING - OSL mismatch: got 346 tokens (requested 2048, diff -83.1%)
2026-09-17 17:30:34.083 - aiperf.metrics.types.osl_mismatch_metrics - WARNING - OSL mismatch: got 230 tokens (requested 2048, diff -88.8%)
2026-09-17 17:30:34.088 - aiperf.metrics.types.osl_mismatch_metrics - WARNING - OSL mismatch: got 351 tokens (requested 2048, diff -82.9%)
2026-09-17 17:30:34.098 - aiperf.metrics.types.osl_mismatch_metrics - WARNING - OSL mismatch: got 558 tokens (requested 2048, diff -72.8%)
2026-09-17 17:30:34.124 - aiperf.metrics.types.osl_mismatch_metrics - WARNING - OSL mismatch: got 95 tokens (requested 2048, diff -95.4%)
2026-09-17 17:30:34.125 - aiperf.metrics.types.osl_mismatch_metrics - WARNING - OSL mismatch: got 15 tokens (requested 2048, diff -99.3%)
2026-09-17 17:30:34.137 - aiperf.metrics.types.osl_mismatch_metrics - WARNING - OSL mismatch: got 313 tokens (requested 2048, diff -84.7%)
2026-09-17 17:30:34.365 - aiperf.metrics.types.osl_mismatch_metrics - WARNING - OSL mismatch: got 400 tokens (requested 2048, diff -80.5%)
2026-09-17 17:30:34.367 - aiperf.metrics.types.osl_mismatch_metrics - WARNING - OSL mismatch: got 569 tokens (requested 2048, diff -72.2%)
2026-09-17 17:30:34.390 - aiperf.metrics.types.osl_mismatch_metrics - WARNING - OSL mismatch: got 101 tokens (requested 2048, diff -95.1%)
2026-09-17 17:30:34.425 - aiperf.metrics.types.osl_mismatch_metrics - WARNING - OSL mismatch: got 364 tokens (requested 2048, diff -82.2%)
2026-09-17 17:30:34.433 - aiperf.metrics.types.osl_mismatch_metrics - WARNING - OSL mismatch: got 231 tokens (requested 2048, diff -88.7%)
2026-09-17 17:30:34.593 - aiperf.metrics.types.osl_mismatch_metrics - WARNING - OSL mismatch: got 1 tokens (requested 2048, diff -100.0%)
2026-09-17 17:30:34.611 - aiperf.metrics.types.osl_mismatch_metrics - WARNING - OSL mismatch: got 107 tokens (requested 2048, diff -94.8%)
2026-09-17 17:30:34.634 - aiperf.metrics.types.osl_mismatch_metrics - WARNING - OSL mismatch: got 47 tokens (requested 2048, diff -97.7%)
2026-09-17 17:30:34.636 - aiperf.metrics.types.osl_mismatch_metrics - WARNING - OSL mismatch: got 102 tokens (requested 2048, diff -95.0%)
2026-09-17 17:30:34.638 - aiperf.metrics.types.osl_mismatch_metrics - WARNING - OSL mismatch: got 575 tokens (requested 2048, diff -71.9%)
2026-09-17 17:30:34.869 - aiperf.metrics.types.osl_mismatch_metrics - WARNING - OSL mismatch: got 156 tokens (requested 2048, diff -92.4%)
2026-09-17 17:30:34.881 - aiperf.metrics.types.osl_mismatch_metrics - WARNING - OSL mismatch: got 157 tokens (requested 2048, diff -92.3%)
2026-09-17 17:30:34.892 - aiperf.metrics.types.osl_mismatch_metrics - WARNING - OSL mismatch: got 295 tokens (requested 2048, diff -85.6%)
2026-09-17 17:30:34.920 - aiperf.metrics.types.osl_mismatch_metrics - WARNING - OSL mismatch: got 409 tokens (requested 2048, diff -80.0%)
2026-09-17 17:30:35.094 - aiperf.metrics.types.osl_mismatch_metrics - WARNING - OSL mismatch: got 136 tokens (requested 2048, diff -93.4%)
2026-09-17 17:30:35.130 - aiperf.metrics.types.osl_mismatch_metrics - WARNING - OSL mismatch: got 371 tokens (requested 2048, diff -81.9%)
2026-09-17 17:30:35.139 - aiperf.metrics.types.osl_mismatch_metrics - WARNING - OSL mismatch: got 219 tokens (requested 2048, diff -89.3%)
2026-09-17 17:30:35.199 - aiperf.metrics.types.osl_mismatch_metrics - WARNING - OSL mismatch: got 214 tokens (requested 2048, diff -89.6%)
2026-09-17 17:30:35.379 - aiperf.metrics.types.osl_mismatch_metrics - WARNING - OSL mismatch: got 137 tokens (requested 2048, diff -93.3%)
2026-09-17 17:30:35.382 - aiperf.metrics.types.osl_mismatch_metrics - WARNING - OSL mismatch: got 196 tokens (requested 2048, diff -90.4%)
2026-09-17 17:30:35.423 - aiperf.metrics.types.osl_mismatch_metrics - WARNING - OSL mismatch: got 200 tokens (requested 2048, diff -90.2%)
2026-09-17 17:30:35.456 - aiperf.metrics.types.osl_mismatch_metrics - WARNING - OSL mismatch: got 617 tokens (requested 2048, diff -69.9%)
2026-09-17 17:30:35.543 - aiperf.metrics.types.osl_mismatch_metrics - WARNING - OSL mismatch: got 297 tokens (requested 2048, diff -85.5%)
2026-09-17 17:30:35.671 - aiperf.metrics.types.osl_mismatch_metrics - WARNING - OSL mismatch: got 112 tokens (requested 2048, diff -94.5%)
2026-09-17 17:30:35.689 - aiperf.metrics.types.osl_mismatch_metrics - WARNING - OSL mismatch: got 165 tokens (requested 2048, diff -91.9%)
2026-09-17 17:30:35.702 - aiperf.metrics.types.osl_mismatch_metrics - WARNING - OSL mismatch: got 626 tokens (requested 2048, diff -69.4%)
2026-09-17 17:30:35.730 - aiperf.metrics.types.osl_mismatch_metrics - WARNING - OSL mismatch: got 140 tokens (requested 2048, diff -93.2%)
2026-09-17 17:30:35.736 - aiperf.metrics.types.osl_mismatch_metrics - WARNING - OSL mismatch: got 632 tokens (requested 2048, diff -69.1%)
2026-09-17 17:30:35.783 - aiperf.metrics.types.osl_mismatch_metrics - WARNING - OSL mismatch: got 230 tokens (requested 2048, diff -88.8%)
2026-09-17 17:30:35.833 - aiperf.metrics.types.osl_mismatch_metrics - WARNING - OSL mismatch: got 147 tokens (requested 2048, diff -92.8%)
2026-09-17 17:30:35.966 - aiperf.metrics.types.osl_mismatch_metrics - WARNING - OSL mismatch: got 356 tokens (requested 2048, diff -82.6%)
2026-09-17 17:30:36.051 - aiperf.metrics.types.osl_mismatch_metrics - WARNING - OSL mismatch: got 647 tokens (requested 2048, diff -68.4%)
2026-09-17 17:30:36.161 - aiperf.metrics.types.osl_mismatch_metrics - WARNING - OSL mismatch: got 146 tokens (requested 2048, diff -92.9%)
2026-09-17 17:30:36.216 - aiperf.metrics.types.osl_mismatch_metrics - WARNING - OSL mismatch: got 139 tokens (requested 2048, diff -93.2%)
2026-09-17 17:30:36.276 - aiperf.metrics.types.osl_mismatch_metrics - WARNING - OSL mismatch: got 132 tokens (requested 2048, diff -93.6%)
2026-09-17 17:30:36.296 - aiperf.metrics.types.osl_mismatch_metrics - WARNING - OSL mismatch: got 545 tokens (requested 2048, diff -73.4%)
2026-09-17 17:30:36.355 - aiperf.metrics.types.osl_mismatch_metrics - WARNING - OSL mismatch: got 196 tokens (requested 2048, diff -90.4%)
2026-09-17 17:30:36.372 - aiperf.metrics.types.osl_mismatch_metrics - WARNING - OSL mismatch: got 38 tokens (requested 2048, diff -98.1%)
2026-09-17 17:30:36.545 - aiperf.metrics.types.osl_mismatch_metrics - WARNING - OSL mismatch: got 65 tokens (requested 2048, diff -96.8%)
2026-09-17 17:30:36.589 - aiperf.metrics.types.osl_mismatch_metrics - WARNING - OSL mismatch: got 669 tokens (requested 2048, diff -67.3%)
2026-09-17 17:30:36.606 - aiperf.metrics.types.osl_mismatch_metrics - WARNING - OSL mismatch: got 492 tokens (requested 2048, diff -76.0%)
2026-09-17 17:30:36.615 - aiperf.metrics.types.osl_mismatch_metrics - WARNING - OSL mismatch: got 302 tokens (requested 2048, diff -85.3%)
2026-09-17 17:30:36.630 - aiperf.metrics.types.osl_mismatch_metrics - WARNING - OSL mismatch: got 584 tokens (requested 2048, diff -71.5%)
2026-09-17 17:30:36.650 - aiperf.metrics.types.osl_mismatch_metrics - WARNING - OSL mismatch: got 102 tokens (requested 2048, diff -95.0%)
2026-09-17 17:30:36.661 - aiperf.metrics.types.osl_mismatch_metrics - WARNING - OSL mismatch: got 228 tokens (requested 2048, diff -88.9%)
2026-09-17 17:30:36.662 - aiperf.metrics.types.osl_mismatch_metrics - WARNING - OSL mismatch: got 381 tokens (requested 2048, diff -81.4%)
2026-09-17 17:30:36.701 - aiperf.metrics.types.osl_mismatch_metrics - WARNING - OSL mismatch: got 350 tokens (requested 2048, diff -82.9%)
2026-09-17 17:30:36.771 - aiperf.metrics.types.osl_mismatch_metrics - WARNING - OSL mismatch: got 187 tokens (requested 2048, diff -90.9%)
2026-09-17 17:30:36.779 - aiperf.metrics.types.osl_mismatch_metrics - WARNING - OSL mismatch: got 580 tokens (requested 2048, diff -71.7%)
2026-09-17 17:30:36.782 - aiperf.metrics.types.osl_mismatch_metrics - WARNING - OSL mismatch: got 82 tokens (requested 2048, diff -96.0%)
2026-09-17 17:30:36.785 - aiperf.metrics.types.osl_mismatch_metrics - WARNING - OSL mismatch: got 106 tokens (requested 2048, diff -94.8%)
2026-09-17 17:30:36.991 - aiperf.metrics.types.osl_mismatch_metrics - WARNING - OSL mismatch: got 217 tokens (requested 2048, diff -89.4%)
2026-09-17 17:30:36.992 - aiperf.metrics.types.osl_mismatch_metrics - WARNING - OSL mismatch: got 555 tokens (requested 2048, diff -72.9%)
2026-09-17 17:30:37.012 - aiperf.metrics.types.osl_mismatch_metrics - WARNING - OSL mismatch: got 4 tokens (requested 2048, diff -99.8%)
2026-09-17 17:30:37.073 - aiperf.metrics.types.osl_mismatch_metrics - WARNING - OSL mismatch: got 51 tokens (requested 2048, diff -97.5%)
2026-09-17 17:30:37.077 - aiperf.metrics.types.osl_mismatch_metrics - WARNING - OSL mismatch: got 116 tokens (requested 2048, diff -94.3%)
2026-09-17 17:30:37.080 - aiperf.metrics.types.osl_mismatch_metrics - WARNING - OSL mismatch: got 182 tokens (requested 2048, diff -91.1%)
2026-09-17 17:30:37.080 - aiperf.metrics.types.osl_mismatch_metrics - WARNING - OSL mismatch: got 197 tokens (requested 2048, diff -90.4%)
2026-09-17 17:30:37.083 - aiperf.metrics.types.osl_mismatch_metrics - WARNING - OSL mismatch: got 258 tokens (requested 2048, diff -87.4%)
2026-09-17 17:30:37.128 - aiperf.metrics.types.osl_mismatch_metrics - WARNING - OSL mismatch: got 107 tokens (requested 2048, diff -94.8%)
2026-09-17 17:30:37.138 - aiperf.metrics.types.osl_mismatch_metrics - WARNING - OSL mismatch: got 369 tokens (requested 2048, diff -82.0%)
2026-09-17 17:30:37.167 - aiperf.metrics.types.osl_mismatch_metrics - WARNING - OSL mismatch: got 358 tokens (requested 2048, diff -82.5%)
2026-09-17 17:30:37.169 - aiperf.metrics.types.osl_mismatch_metrics - WARNING - OSL mismatch: got 183 tokens (requested 2048, diff -91.1%)
2026-09-17 17:30:37.169 - aiperf.metrics.types.osl_mismatch_metrics - WARNING - OSL mismatch: got 153 tokens (requested 2048, diff -92.5%)
2026-09-17 17:30:37.170 - aiperf.metrics.types.osl_mismatch_metrics - WARNING - OSL mismatch: got 224 tokens (requested 2048, diff -89.1%)
2026-09-17 17:30:37.176 - aiperf.metrics.types.osl_mismatch_metrics - WARNING - OSL mismatch: got 77 tokens (requested 2048, diff -96.2%)
2026-09-17 17:30:37.284 - aiperf.metrics.types.osl_mismatch_metrics - WARNING - OSL mismatch: got 138 tokens (requested 2048, diff -93.3%)
2026-09-17 17:30:37.513 - aiperf.metrics.types.osl_mismatch_metrics - WARNING - OSL mismatch: got 106 tokens (requested 2048, diff -94.8%)
2026-09-17 17:30:37.546 - aiperf.metrics.types.osl_mismatch_metrics - WARNING - OSL mismatch: got 2 tokens (requested 2048, diff -99.9%)
2026-09-17 17:30:37.719 - aiperf.metrics.types.osl_mismatch_metrics - WARNING - OSL mismatch: got 12 tokens (requested 2048, diff -99.4%)
2026-09-17 17:30:37.720 - aiperf.metrics.types.osl_mismatch_metrics - WARNING - OSL mismatch: got 34 tokens (requested 2048, diff -98.3%)
2026-09-17 17:30:37.809 - aiperf.metrics.types.osl_mismatch_metrics - WARNING - OSL mismatch: got 81 tokens (requested 2048, diff -96.0%)
2026-09-17 17:30:37.822 - aiperf.metrics.types.osl_mismatch_metrics - WARNING - OSL mismatch: got 116 tokens (requested 2048, diff -94.3%)
2026-09-17 17:30:37.835 - aiperf.metrics.types.osl_mismatch_metrics - WARNING - OSL mismatch: got 159 tokens (requested 2048, diff -92.2%)
2026-09-17 17:30:37.848 - aiperf.metrics.types.osl_mismatch_metrics - WARNING - OSL mismatch: got 84 tokens (requested 2048, diff -95.9%)
2026-09-17 17:30:37.877 - aiperf.metrics.types.osl_mismatch_metrics - WARNING - OSL mismatch: got 721 tokens (requested 2048, diff -64.8%)
2026-09-17 17:30:37.948 - aiperf.metrics.types.osl_mismatch_metrics - WARNING - OSL mismatch: got 521 tokens (requested 2048, diff -74.6%)
2026-09-17 17:30:38.024 - aiperf.metrics.types.osl_mismatch_metrics - WARNING - OSL mismatch: got 46 tokens (requested 2048, diff -97.8%)
2026-09-17 17:30:38.030 - aiperf.metrics.types.osl_mismatch_metrics - WARNING - OSL mismatch: got 140 tokens (requested 2048, diff -93.2%)
2026-09-17 17:30:38.074 - aiperf.metrics.types.osl_mismatch_metrics - WARNING - OSL mismatch: got 90 tokens (requested 2048, diff -95.6%)
2026-09-17 17:30:38.082 - aiperf.metrics.types.osl_mismatch_metrics - WARNING - OSL mismatch: got 282 tokens (requested 2048, diff -86.2%)
2026-09-17 17:30:38.104 - aiperf.metrics.types.osl_mismatch_metrics - WARNING - OSL mismatch: got 54 tokens (requested 2048, diff -97.4%)
2026-09-17 17:30:38.143 - aiperf.metrics.types.osl_mismatch_metrics - WARNING - OSL mismatch: got 9 tokens (requested 2048, diff -99.6%)
2026-09-17 17:30:38.204 - aiperf.metrics.types.osl_mismatch_metrics - WARNING - OSL mismatch: got 379 tokens (requested 2048, diff -81.5%)
2026-09-17 17:30:38.255 - aiperf.metrics.types.osl_mismatch_metrics - WARNING - OSL mismatch: got 740 tokens (requested 2048, diff -63.9%)
2026-09-17 17:30:38.374 - aiperf.metrics.types.osl_mismatch_metrics - WARNING - OSL mismatch: got 176 tokens (requested 2048, diff -91.4%)
2026-09-17 17:30:38.400 - aiperf.metrics.types.osl_mismatch_metrics - WARNING - OSL mismatch: got 742 tokens (requested 2048, diff -63.8%)
2026-09-17 17:30:38.438 - aiperf.metrics.types.osl_mismatch_metrics - WARNING - OSL mismatch: got 198 tokens (requested 2048, diff -90.3%)
2026-09-17 17:30:38.449 - aiperf.metrics.types.osl_mismatch_metrics - WARNING - OSL mismatch: got 461 tokens (requested 2048, diff -77.5%)
2026-09-17 17:30:38.452 - aiperf.metrics.types.osl_mismatch_metrics - WARNING - OSL mismatch: got 226 tokens (requested 2048, diff -89.0%)
2026-09-17 17:30:38.699 - aiperf.metrics.types.osl_mismatch_metrics - WARNING - OSL mismatch: got 87 tokens (requested 2048, diff -95.8%)
2026-09-17 17:30:38.721 - aiperf.metrics.types.osl_mismatch_metrics - WARNING - OSL mismatch: got 310 tokens (requested 2048, diff -84.9%)
2026-09-17 17:30:38.727 - aiperf.metrics.types.osl_mismatch_metrics - WARNING - OSL mismatch: got 463 tokens (requested 2048, diff -77.4%)
2026-09-17 17:30:38.760 - aiperf.metrics.types.osl_mismatch_metrics - WARNING - OSL mismatch: got 102 tokens (requested 2048, diff -95.0%)
2026-09-17 17:30:38.790 - aiperf.metrics.types.osl_mismatch_metrics - WARNING - OSL mismatch: got 684 tokens (requested 2048, diff -66.6%)
2026-09-17 17:30:38.925 - aiperf.metrics.types.osl_mismatch_metrics - WARNING - OSL mismatch: got 41 tokens (requested 2048, diff -98.0%)
2026-09-17 17:30:38.955 - aiperf.metrics.types.osl_mismatch_metrics - WARNING - OSL mismatch: got 90 tokens (requested 2048, diff -95.6%)
2026-09-17 17:30:38.966 - aiperf.metrics.types.osl_mismatch_metrics - WARNING - OSL mismatch: got 363 tokens (requested 2048, diff -82.3%)
2026-09-17 17:30:38.975 - aiperf.metrics.types.osl_mismatch_metrics - WARNING - OSL mismatch: got 145 tokens (requested 2048, diff -92.9%)
2026-09-17 17:30:39.029 - aiperf.metrics.types.osl_mismatch_metrics - WARNING - OSL mismatch: got 93 tokens (requested 2048, diff -95.5%)
2026-09-17 17:30:39.052 - aiperf.metrics.types.osl_mismatch_metrics - WARNING - OSL mismatch: got 48 tokens (requested 2048, diff -97.7%)
2026-09-17 17:30:39.074 - aiperf.metrics.types.osl_mismatch_metrics - WARNING - OSL mismatch: got 107 tokens (requested 2048, diff -94.8%)
2026-09-17 17:30:39.094 - aiperf.metrics.types.osl_mismatch_metrics - WARNING - OSL mismatch: got 595 tokens (requested 2048, diff -70.9%)
2026-09-17 17:30:39.306 - aiperf.metrics.types.osl_mismatch_metrics - WARNING - OSL mismatch: got 4 tokens (requested 2048, diff -99.8%)
2026-09-17 17:30:39.399 - aiperf.metrics.types.osl_mismatch_metrics - WARNING - OSL mismatch: got 297 tokens (requested 2048, diff -85.5%)
2026-09-17 17:30:39.406 - aiperf.metrics.types.osl_mismatch_metrics - WARNING - OSL mismatch: got 422 tokens (requested 2048, diff -79.4%)
2026-09-17 17:30:39.438 - aiperf.metrics.types.osl_mismatch_metrics - WARNING - OSL mismatch: got 273 tokens (requested 2048, diff -86.7%)
2026-09-17 17:30:39.457 - aiperf.metrics.types.osl_mismatch_metrics - WARNING - OSL mismatch: got 249 tokens (requested 2048, diff -87.8%)
2026-09-17 17:30:39.618 - aiperf.metrics.types.osl_mismatch_metrics - WARNING - OSL mismatch: got 96 tokens (requested 2048, diff -95.3%)
2026-09-17 17:30:39.649 - aiperf.metrics.types.osl_mismatch_metrics - WARNING - OSL mismatch: got 796 tokens (requested 2048, diff -61.1%)
2026-09-17 17:30:39.657 - aiperf.metrics.types.osl_mismatch_metrics - WARNING - OSL mismatch: got 619 tokens (requested 2048, diff -69.8%)
2026-09-17 17:30:39.674 - aiperf.metrics.types.osl_mismatch_metrics - WARNING - OSL mismatch: got 50 tokens (requested 2048, diff -97.6%)
2026-09-17 17:30:39.715 - aiperf.metrics.types.osl_mismatch_metrics - WARNING - OSL mismatch: got 79 tokens (requested 2048, diff -96.1%)
2026-09-17 17:30:39.757 - aiperf.metrics.types.osl_mismatch_metrics - WARNING - OSL mismatch: got 786 tokens (requested 2048, diff -61.6%)
2026-09-17 17:30:39.922 - aiperf.metrics.types.osl_mismatch_metrics - WARNING - OSL mismatch: got 473 tokens (requested 2048, diff -76.9%)
2026-09-17 17:30:39.923 - aiperf.metrics.types.osl_mismatch_metrics - WARNING - OSL mismatch: got 503 tokens (requested 2048, diff -75.4%)
2026-09-17 17:30:39.955 - aiperf.metrics.types.osl_mismatch_metrics - WARNING - OSL mismatch: got 5 tokens (requested 2048, diff -99.8%)
2026-09-17 17:30:39.983 - aiperf.metrics.types.osl_mismatch_metrics - WARNING - OSL mismatch: got 611 tokens (requested 2048, diff -70.2%)
2026-09-17 17:30:39.984 - aiperf.metrics.types.osl_mismatch_metrics - WARNING - OSL mismatch: got 9 tokens (requested 2048, diff -99.6%)
2026-09-17 17:30:40.141 - aiperf.metrics.types.osl_mismatch_metrics - WARNING - OSL mismatch: got 291 tokens (requested 2048, diff -85.8%)
2026-09-17 17:30:40.172 - aiperf.metrics.types.osl_mismatch_metrics - WARNING - OSL mismatch: got 4 tokens (requested 2048, diff -99.8%)
2026-09-17 17:30:40.226 - aiperf.metrics.types.osl_mismatch_metrics - WARNING - OSL mismatch: got 645 tokens (requested 2048, diff -68.5%)
2026-09-17 17:30:40.457 - aiperf.metrics.types.osl_mismatch_metrics - WARNING - OSL mismatch: got 253 tokens (requested 2048, diff -87.6%)
2026-09-17 17:30:40.510 - aiperf.metrics.types.osl_mismatch_metrics - WARNING - OSL mismatch: got 559 tokens (requested 2048, diff -72.7%)
2026-09-17 17:30:40.582 - aiperf.metrics.types.osl_mismatch_metrics - WARNING - OSL mismatch: got 109 tokens (requested 2048, diff -94.7%)
2026-09-17 17:30:40.622 - aiperf.metrics.types.osl_mismatch_metrics - WARNING - OSL mismatch: got 601 tokens (requested 2048, diff -70.7%)
2026-09-17 17:30:40.637 - aiperf.metrics.types.osl_mismatch_metrics - WARNING - OSL mismatch: got 149 tokens (requested 2048, diff -92.7%)
2026-09-17 17:30:40.648 - aiperf.metrics.types.osl_mismatch_metrics - WARNING - OSL mismatch: got 751 tokens (requested 2048, diff -63.3%)
2026-09-17 17:30:40.817 - aiperf.metrics.types.osl_mismatch_metrics - WARNING - OSL mismatch: got 29 tokens (requested 2048, diff -98.6%)
2026-09-17 17:30:40.850 - aiperf.metrics.types.osl_mismatch_metrics - WARNING - OSL mismatch: got 109 tokens (requested 2048, diff -94.7%)
2026-09-17 17:30:40.859 - aiperf.metrics.types.osl_mismatch_metrics - WARNING - OSL mismatch: got 7 tokens (requested 2048, diff -99.7%)
2026-09-17 17:30:40.872 - aiperf.metrics.types.osl_mismatch_metrics - WARNING - OSL mismatch: got 298 tokens (requested 2048, diff -85.4%)
2026-09-17 17:30:40.875 - aiperf.metrics.types.osl_mismatch_metrics - WARNING - OSL mismatch: got 83 tokens (requested 2048, diff -95.9%)
2026-09-17 17:30:40.881 - aiperf.metrics.types.osl_mismatch_metrics - WARNING - OSL mismatch: got 823 tokens (requested 2048, diff -59.8%)
2026-09-17 17:30:40.884 - aiperf.metrics.types.osl_mismatch_metrics - WARNING - OSL mismatch: got 202 tokens (requested 2048, diff -90.1%)
2026-09-17 17:30:41.052 - aiperf.metrics.types.osl_mismatch_metrics - WARNING - OSL mismatch: got 56 tokens (requested 2048, diff -97.3%)
2026-09-17 17:30:41.084 - aiperf.metrics.types.osl_mismatch_metrics - WARNING - OSL mismatch: got 47 tokens (requested 2048, diff -97.7%)
2026-09-17 17:30:41.118 - aiperf.metrics.types.osl_mismatch_metrics - WARNING - OSL mismatch: got 478 tokens (requested 2048, diff -76.7%)
2026-09-17 17:30:41.167 - aiperf.metrics.types.osl_mismatch_metrics - WARNING - OSL mismatch: got 171 tokens (requested 2048, diff -91.7%)
2026-09-17 17:30:41.235 - PhaseRunner - NOTICE - Phase profiling (profiling) sending complete | sent=512, completed=384, in_flight=128 | sessions: sent=512, completed=384
2026-09-17 17:30:41.237 - records_manager - INFO - Sent 512 requests. Waiting for all to complete...
2026-09-17 17:30:41.248 - aiperf.metrics.types.osl_mismatch_metrics - WARNING - OSL mismatch: got 175 tokens (requested 2048, diff -91.5%)
2026-09-17 17:30:41.267 - aiperf.metrics.types.osl_mismatch_metrics - WARNING - OSL mismatch: got 610 tokens (requested 2048, diff -70.2%)
2026-09-17 17:30:41.378 - aiperf.metrics.types.osl_mismatch_metrics - WARNING - OSL mismatch: got 318 tokens (requested 2048, diff -84.5%)
2026-09-17 17:30:41.393 - aiperf.metrics.types.osl_mismatch_metrics - WARNING - OSL mismatch: got 435 tokens (requested 2048, diff -78.8%)
2026-09-17 17:30:41.418 - aiperf.metrics.types.osl_mismatch_metrics - WARNING - OSL mismatch: got 159 tokens (requested 2048, diff -92.2%)
2026-09-17 17:30:41.441 - aiperf.metrics.types.osl_mismatch_metrics - WARNING - OSL mismatch: got 680 tokens (requested 2048, diff -66.8%)
2026-09-17 17:30:41.477 - aiperf.metrics.types.osl_mismatch_metrics - WARNING - OSL mismatch: got 207 tokens (requested 2048, diff -89.9%)
2026-09-17 17:30:41.491 - aiperf.metrics.types.osl_mismatch_metrics - WARNING - OSL mismatch: got 138 tokens (requested 2048, diff -93.3%)
2026-09-17 17:30:41.518 - aiperf.metrics.types.osl_mismatch_metrics - WARNING - OSL mismatch: got 190 tokens (requested 2048, diff -90.7%)
2026-09-17 17:30:41.542 - aiperf.metrics.types.osl_mismatch_metrics - WARNING - OSL mismatch: got 296 tokens (requested 2048, diff -85.5%)
2026-09-17 17:30:41.544 - aiperf.metrics.types.osl_mismatch_metrics - WARNING - OSL mismatch: got 387 tokens (requested 2048, diff -81.1%)
2026-09-17 17:30:41.549 - aiperf.metrics.types.osl_mismatch_metrics - WARNING - OSL mismatch: got 193 tokens (requested 2048, diff -90.6%)
2026-09-17 17:30:41.565 - aiperf.metrics.types.osl_mismatch_metrics - WARNING - OSL mismatch: got 31 tokens (requested 2048, diff -98.5%)
2026-09-17 17:30:41.621 - aiperf.metrics.types.osl_mismatch_metrics - WARNING - OSL mismatch: got 356 tokens (requested 2048, diff -82.6%)
2026-09-17 17:30:41.629 - aiperf.metrics.types.osl_mismatch_metrics - WARNING - OSL mismatch: got 261 tokens (requested 2048, diff -87.3%)
2026-09-17 17:30:41.639 - aiperf.metrics.types.osl_mismatch_metrics - WARNING - OSL mismatch: got 263 tokens (requested 2048, diff -87.2%)
2026-09-17 17:30:41.673 - aiperf.metrics.types.osl_mismatch_metrics - WARNING - OSL mismatch: got 166 tokens (requested 2048, diff -91.9%)
2026-09-17 17:30:41.695 - aiperf.metrics.types.osl_mismatch_metrics - WARNING - OSL mismatch: got 341 tokens (requested 2048, diff -83.3%)
2026-09-17 17:30:41.728 - aiperf.metrics.types.osl_mismatch_metrics - WARNING - OSL mismatch: got 621 tokens (requested 2048, diff -69.7%)
2026-09-17 17:30:41.750 - aiperf.metrics.types.osl_mismatch_metrics - WARNING - OSL mismatch: got 416 tokens (requested 2048, diff -79.7%)
2026-09-17 17:30:41.790 - aiperf.metrics.types.osl_mismatch_metrics - WARNING - OSL mismatch: got 134 tokens (requested 2048, diff -93.5%)
2026-09-17 17:30:41.809 - aiperf.metrics.types.osl_mismatch_metrics - WARNING - OSL mismatch: got 605 tokens (requested 2048, diff -70.5%)
2026-09-17 17:30:41.864 - aiperf.metrics.types.osl_mismatch_metrics - WARNING - OSL mismatch: got 386 tokens (requested 2048, diff -81.2%)
2026-09-17 17:30:41.918 - aiperf.metrics.types.osl_mismatch_metrics - WARNING - OSL mismatch: got 127 tokens (requested 2048, diff -93.8%)
2026-09-17 17:30:41.973 - aiperf.metrics.types.osl_mismatch_metrics - WARNING - OSL mismatch: got 250 tokens (requested 2048, diff -87.8%)
2026-09-17 17:30:42.015 - aiperf.metrics.types.osl_mismatch_metrics - WARNING - OSL mismatch: got 100 tokens (requested 2048, diff -95.1%)
2026-09-17 17:30:42.095 - aiperf.metrics.types.osl_mismatch_metrics - WARNING - OSL mismatch: got 171 tokens (requested 2048, diff -91.7%)
2026-09-17 17:30:42.100 - aiperf.metrics.types.osl_mismatch_metrics - WARNING - OSL mismatch: got 547 tokens (requested 2048, diff -73.3%)
2026-09-17 17:30:42.130 - aiperf.metrics.types.osl_mismatch_metrics - WARNING - OSL mismatch: got 691 tokens (requested 2048, diff -66.3%)
2026-09-17 17:30:42.145 - aiperf.metrics.types.osl_mismatch_metrics - WARNING - OSL mismatch: got 205 tokens (requested 2048, diff -90.0%)
2026-09-17 17:30:42.157 - aiperf.metrics.types.osl_mismatch_metrics - WARNING - OSL mismatch: got 450 tokens (requested 2048, diff -78.0%)
2026-09-17 17:30:42.192 - aiperf.metrics.types.osl_mismatch_metrics - WARNING - OSL mismatch: got 136 tokens (requested 2048, diff -93.4%)
2026-09-17 17:30:42.263 - aiperf.metrics.types.osl_mismatch_metrics - WARNING - OSL mismatch: got 682 tokens (requested 2048, diff -66.7%)
2026-09-17 17:30:42.271 - aiperf.metrics.types.osl_mismatch_metrics - WARNING - OSL mismatch: got 295 tokens (requested 2048, diff -85.6%)
2026-09-17 17:30:42.281 - aiperf.metrics.types.osl_mismatch_metrics - WARNING - OSL mismatch: got 270 tokens (requested 2048, diff -86.8%)
2026-09-17 17:30:42.327 - aiperf.metrics.types.osl_mismatch_metrics - WARNING - OSL mismatch: got 230 tokens (requested 2048, diff -88.8%)
2026-09-17 17:30:42.398 - aiperf.metrics.types.osl_mismatch_metrics - WARNING - OSL mismatch: got 514 tokens (requested 2048, diff -74.9%)
2026-09-17 17:30:42.402 - aiperf.metrics.types.osl_mismatch_metrics - WARNING - OSL mismatch: got 84 tokens (requested 2048, diff -95.9%)
2026-09-17 17:30:42.424 - aiperf.metrics.types.osl_mismatch_metrics - WARNING - OSL mismatch: got 86 tokens (requested 2048, diff -95.8%)
2026-09-17 17:30:42.485 - aiperf.metrics.types.osl_mismatch_metrics - WARNING - OSL mismatch: got 92 tokens (requested 2048, diff -95.5%)
2026-09-17 17:30:42.487 - aiperf.metrics.types.osl_mismatch_metrics - WARNING - OSL mismatch: got 140 tokens (requested 2048, diff -93.2%)
2026-09-17 17:30:42.531 - aiperf.metrics.types.osl_mismatch_metrics - WARNING - OSL mismatch: got 109 tokens (requested 2048, diff -94.7%)
2026-09-17 17:30:42.648 - aiperf.metrics.types.osl_mismatch_metrics - WARNING - OSL mismatch: got 187 tokens (requested 2048, diff -90.9%)
2026-09-17 17:30:42.691 - aiperf.metrics.types.osl_mismatch_metrics - WARNING - OSL mismatch: got 141 tokens (requested 2048, diff -93.1%)
2026-09-17 17:30:42.702 - aiperf.metrics.types.osl_mismatch_metrics - WARNING - OSL mismatch: got 380 tokens (requested 2048, diff -81.4%)
2026-09-17 17:30:42.715 - aiperf.metrics.types.osl_mismatch_metrics - WARNING - OSL mismatch: got 281 tokens (requested 2048, diff -86.3%)
2026-09-17 17:30:42.831 - aiperf.metrics.types.osl_mismatch_metrics - WARNING - OSL mismatch: got 674 tokens (requested 2048, diff -67.1%)
2026-09-17 17:30:42.871 - aiperf.metrics.types.osl_mismatch_metrics - WARNING - OSL mismatch: got 251 tokens (requested 2048, diff -87.7%)
2026-09-17 17:30:42.902 - aiperf.metrics.types.osl_mismatch_metrics - WARNING - OSL mismatch: got 442 tokens (requested 2048, diff -78.4%)
2026-09-17 17:30:42.936 - aiperf.metrics.types.osl_mismatch_metrics - WARNING - OSL mismatch: got 200 tokens (requested 2048, diff -90.2%)
2026-09-17 17:30:42.953 - aiperf.metrics.types.osl_mismatch_metrics - WARNING - OSL mismatch: got 369 tokens (requested 2048, diff -82.0%)
2026-09-17 17:30:42.961 - aiperf.metrics.types.osl_mismatch_metrics - WARNING - OSL mismatch: got 304 tokens (requested 2048, diff -85.2%)
2026-09-17 17:30:43.036 - aiperf.metrics.types.osl_mismatch_metrics - WARNING - OSL mismatch: got 586 tokens (requested 2048, diff -71.4%)
2026-09-17 17:30:43.039 - aiperf.metrics.types.osl_mismatch_metrics - WARNING - OSL mismatch: got 396 tokens (requested 2048, diff -80.7%)
2026-09-17 17:30:43.050 - aiperf.metrics.types.osl_mismatch_metrics - WARNING - OSL mismatch: got 317 tokens (requested 2048, diff -84.5%)
2026-09-17 17:30:43.074 - aiperf.metrics.types.osl_mismatch_metrics - WARNING - OSL mismatch: got 141 tokens (requested 2048, diff -93.1%)
2026-09-17 17:30:43.143 - aiperf.metrics.types.osl_mismatch_metrics - WARNING - OSL mismatch: got 496 tokens (requested 2048, diff -75.8%)
2026-09-17 17:30:43.222 - aiperf.metrics.types.osl_mismatch_metrics - WARNING - OSL mismatch: got 331 tokens (requested 2048, diff -83.8%)
2026-09-17 17:30:43.251 - aiperf.metrics.types.osl_mismatch_metrics - WARNING - OSL mismatch: got 260 tokens (requested 2048, diff -87.3%)
2026-09-17 17:30:43.294 - aiperf.metrics.types.osl_mismatch_metrics - WARNING - OSL mismatch: got 305 tokens (requested 2048, diff -85.1%)
2026-09-17 17:30:43.323 - aiperf.metrics.types.osl_mismatch_metrics - WARNING - OSL mismatch: got 471 tokens (requested 2048, diff -77.0%)
2026-09-17 17:30:43.370 - aiperf.metrics.types.osl_mismatch_metrics - WARNING - OSL mismatch: got 371 tokens (requested 2048, diff -81.9%)
2026-09-17 17:30:43.411 - aiperf.metrics.types.osl_mismatch_metrics - WARNING - OSL mismatch: got 314 tokens (requested 2048, diff -84.7%)
2026-09-17 17:30:43.414 - aiperf.metrics.types.osl_mismatch_metrics - WARNING - OSL mismatch: got 647 tokens (requested 2048, diff -68.4%)
2026-09-17 17:30:43.429 - aiperf.metrics.types.osl_mismatch_metrics - WARNING - OSL mismatch: got 715 tokens (requested 2048, diff -65.1%)
2026-09-17 17:30:43.431 - aiperf.metrics.types.osl_mismatch_metrics - WARNING - OSL mismatch: got 770 tokens (requested 2048, diff -62.4%)
2026-09-17 17:30:43.463 - aiperf.metrics.types.osl_mismatch_metrics - WARNING - OSL mismatch: got 194 tokens (requested 2048, diff -90.5%)
2026-09-17 17:30:43.466 - aiperf.metrics.types.osl_mismatch_metrics - WARNING - OSL mismatch: got 1054 tokens (requested 2048, diff -48.5%)
2026-09-17 17:30:43.488 - aiperf.metrics.types.osl_mismatch_metrics - WARNING - OSL mismatch: got 464 tokens (requested 2048, diff -77.3%)
2026-09-17 17:30:43.489 - aiperf.metrics.types.osl_mismatch_metrics - WARNING - OSL mismatch: got 545 tokens (requested 2048, diff -73.4%)
2026-09-17 17:30:43.628 - aiperf.metrics.types.osl_mismatch_metrics - WARNING - OSL mismatch: got 372 tokens (requested 2048, diff -81.8%)
2026-09-17 17:30:43.644 - aiperf.metrics.types.osl_mismatch_metrics - WARNING - OSL mismatch: got 660 tokens (requested 2048, diff -67.8%)
2026-09-17 17:30:43.647 - aiperf.metrics.types.osl_mismatch_metrics - WARNING - OSL mismatch: got 298 tokens (requested 2048, diff -85.4%)
2026-09-17 17:30:43.684 - aiperf.metrics.types.osl_mismatch_metrics - WARNING - OSL mismatch: got 425 tokens (requested 2048, diff -79.2%)
2026-09-17 17:30:43.799 - aiperf.metrics.types.osl_mismatch_metrics - WARNING - OSL mismatch: got 297 tokens (requested 2048, diff -85.5%)
2026-09-17 17:30:43.813 - aiperf.metrics.types.osl_mismatch_metrics - WARNING - OSL mismatch: got 619 tokens (requested 2048, diff -69.8%)
2026-09-17 17:30:43.826 - aiperf.metrics.types.osl_mismatch_metrics - WARNING - OSL mismatch: got 317 tokens (requested 2048, diff -84.5%)
2026-09-17 17:30:43.855 - aiperf.metrics.types.osl_mismatch_metrics - WARNING - OSL mismatch: got 320 tokens (requested 2048, diff -84.4%)
2026-09-17 17:30:43.862 - aiperf.metrics.types.osl_mismatch_metrics - WARNING - OSL mismatch: got 235 tokens (requested 2048, diff -88.5%)
2026-09-17 17:30:43.986 - aiperf.metrics.types.osl_mismatch_metrics - WARNING - OSL mismatch: got 998 tokens (requested 2048, diff -51.3%)
2026-09-17 17:30:44.084 - aiperf.metrics.types.osl_mismatch_metrics - WARNING - OSL mismatch: got 246 tokens (requested 2048, diff -88.0%)
2026-09-17 17:30:44.176 - aiperf.metrics.types.osl_mismatch_metrics - WARNING - OSL mismatch: got 269 tokens (requested 2048, diff -86.9%)
2026-09-17 17:30:44.253 - aiperf.metrics.types.osl_mismatch_metrics - WARNING - OSL mismatch: got 612 tokens (requested 2048, diff -70.1%)
2026-09-17 17:30:44.320 - aiperf.metrics.types.osl_mismatch_metrics - WARNING - OSL mismatch: got 285 tokens (requested 2048, diff -86.1%)
2026-09-17 17:30:44.334 - aiperf.metrics.types.osl_mismatch_metrics - WARNING - OSL mismatch: got 415 tokens (requested 2048, diff -79.7%)
2026-09-17 17:30:44.337 - aiperf.metrics.types.osl_mismatch_metrics - WARNING - OSL mismatch: got 643 tokens (requested 2048, diff -68.6%)
2026-09-17 17:30:44.348 - aiperf.metrics.types.osl_mismatch_metrics - WARNING - OSL mismatch: got 450 tokens (requested 2048, diff -78.0%)
2026-09-17 17:30:44.445 - aiperf.metrics.types.osl_mismatch_metrics - WARNING - OSL mismatch: got 507 tokens (requested 2048, diff -75.2%)
2026-09-17 17:30:44.454 - aiperf.metrics.types.osl_mismatch_metrics - WARNING - OSL mismatch: got 733 tokens (requested 2048, diff -64.2%)
2026-09-17 17:30:44.557 - aiperf.metrics.types.osl_mismatch_metrics - WARNING - OSL mismatch: got 474 tokens (requested 2048, diff -76.9%)
2026-09-17 17:30:44.594 - aiperf.metrics.types.osl_mismatch_metrics - WARNING - OSL mismatch: got 362 tokens (requested 2048, diff -82.3%)
2026-09-17 17:30:44.667 - aiperf.metrics.types.osl_mismatch_metrics - WARNING - OSL mismatch: got 816 tokens (requested 2048, diff -60.2%)
2026-09-17 17:30:44.682 - aiperf.metrics.types.osl_mismatch_metrics - WARNING - OSL mismatch: got 465 tokens (requested 2048, diff -77.3%)
2026-09-17 17:30:44.692 - aiperf.metrics.types.osl_mismatch_metrics - WARNING - OSL mismatch: got 569 tokens (requested 2048, diff -72.2%)
2026-09-17 17:30:44.720 - aiperf.metrics.types.osl_mismatch_metrics - WARNING - OSL mismatch: got 492 tokens (requested 2048, diff -76.0%)
2026-09-17 17:30:44.785 - aiperf.metrics.types.osl_mismatch_metrics - WARNING - OSL mismatch: got 382 tokens (requested 2048, diff -81.3%)
2026-09-17 17:30:44.805 - aiperf.metrics.types.osl_mismatch_metrics - WARNING - OSL mismatch: got 342 tokens (requested 2048, diff -83.3%)
2026-09-17 17:30:44.818 - aiperf.metrics.types.osl_mismatch_metrics - WARNING - OSL mismatch: got 441 tokens (requested 2048, diff -78.5%)
2026-09-17 17:30:44.822 - aiperf.metrics.types.osl_mismatch_metrics - WARNING - OSL mismatch: got 815 tokens (requested 2048, diff -60.2%)
2026-09-17 17:30:44.875 - aiperf.metrics.types.osl_mismatch_metrics - WARNING - OSL mismatch: got 477 tokens (requested 2048, diff -76.7%)
2026-09-17 17:30:45.101 - aiperf.metrics.types.osl_mismatch_metrics - WARNING - OSL mismatch: got 398 tokens (requested 2048, diff -80.6%)
2026-09-17 17:30:45.151 - aiperf.metrics.types.osl_mismatch_metrics - WARNING - OSL mismatch: got 441 tokens (requested 2048, diff -78.5%)
2026-09-17 17:30:45.169 - aiperf.metrics.types.osl_mismatch_metrics - WARNING - OSL mismatch: got 499 tokens (requested 2048, diff -75.6%)
2026-09-17 17:30:45.242 - aiperf.metrics.types.osl_mismatch_metrics - WARNING - OSL mismatch: got 1259 tokens (requested 2048, diff -38.5%)
2026-09-17 17:30:45.255 - aiperf.metrics.types.osl_mismatch_metrics - WARNING - OSL mismatch: got 676 tokens (requested 2048, diff -67.0%)
2026-09-17 17:30:45.293 - aiperf.metrics.types.osl_mismatch_metrics - WARNING - OSL mismatch: got 502 tokens (requested 2048, diff -75.5%)
2026-09-17 17:30:45.452 - aiperf.metrics.types.osl_mismatch_metrics - WARNING - OSL mismatch: got 627 tokens (requested 2048, diff -69.4%)
2026-09-17 17:30:45.453 - aiperf.metrics.types.osl_mismatch_metrics - WARNING - OSL mismatch: got 493 tokens (requested 2048, diff -75.9%)
2026-09-17 17:30:45.473 - aiperf.metrics.types.osl_mismatch_metrics - WARNING - OSL mismatch: got 437 tokens (requested 2048, diff -78.7%)
2026-09-17 17:30:45.539 - aiperf.metrics.types.osl_mismatch_metrics - WARNING - OSL mismatch: got 736 tokens (requested 2048, diff -64.1%)
2026-09-17 17:30:45.545 - aiperf.metrics.types.osl_mismatch_metrics - WARNING - OSL mismatch: got 534 tokens (requested 2048, diff -73.9%)
2026-09-17 17:30:45.588 - aiperf.metrics.types.osl_mismatch_metrics - WARNING - OSL mismatch: got 624 tokens (requested 2048, diff -69.5%)
2026-09-17 17:30:46.005 - aiperf.metrics.types.osl_mismatch_metrics - WARNING - OSL mismatch: got 509 tokens (requested 2048, diff -75.1%)
2026-09-17 17:30:46.070 - aiperf.metrics.types.osl_mismatch_metrics - WARNING - OSL mismatch: got 691 tokens (requested 2048, diff -66.3%)
2026-09-17 17:30:46.078 - aiperf.metrics.types.osl_mismatch_metrics - WARNING - OSL mismatch: got 604 tokens (requested 2048, diff -70.5%)
2026-09-17 17:30:46.079 - aiperf.metrics.types.osl_mismatch_metrics - WARNING - OSL mismatch: got 827 tokens (requested 2048, diff -59.6%)
2026-09-17 17:30:46.126 - aiperf.metrics.types.osl_mismatch_metrics - WARNING - OSL mismatch: got 639 tokens (requested 2048, diff -68.8%)
2026-09-17 17:30:46.207 - aiperf.metrics.types.osl_mismatch_metrics - WARNING - OSL mismatch: got 569 tokens (requested 2048, diff -72.2%)
2026-09-17 17:30:46.258 - aiperf.metrics.types.osl_mismatch_metrics - WARNING - OSL mismatch: got 888 tokens (requested 2048, diff -56.6%)
2026-09-17 17:30:46.425 - aiperf.metrics.types.osl_mismatch_metrics - WARNING - OSL mismatch: got 718 tokens (requested 2048, diff -64.9%)
2026-09-17 17:30:46.545 - aiperf.metrics.types.osl_mismatch_metrics - WARNING - OSL mismatch: got 756 tokens (requested 2048, diff -63.1%)
2026-09-17 17:30:46.721 - aiperf.metrics.types.osl_mismatch_metrics - WARNING - OSL mismatch: got 669 tokens (requested 2048, diff -67.3%)
2026-09-17 17:30:46.722 - aiperf.metrics.types.osl_mismatch_metrics - WARNING - OSL mismatch: got 685 tokens (requested 2048, diff -66.6%)
2026-09-17 17:30:46.899 - aiperf.metrics.types.osl_mismatch_metrics - WARNING - OSL mismatch: got 763 tokens (requested 2048, diff -62.7%)
2026-09-17 17:30:47.306 - aiperf.metrics.types.osl_mismatch_metrics - WARNING - OSL mismatch: got 967 tokens (requested 2048, diff -52.8%)
2026-09-17 17:30:47.848 - aiperf.metrics.types.osl_mismatch_metrics - WARNING - OSL mismatch: got 788 tokens (requested 2048, diff -61.5%)
2026-09-17 17:30:48.256 - aiperf.metrics.types.osl_mismatch_metrics - WARNING - OSL mismatch: got 1002 tokens (requested 2048, diff -51.1%)
2026-09-17 17:30:48.903 - aiperf.metrics.types.osl_mismatch_metrics - WARNING - OSL mismatch: got 1203 tokens (requested 2048, diff -41.3%)
2026-09-17 17:30:49.263 - PhaseRunner - NOTICE - Phase profiling (profiling) complete | completed=512, cancelled=0, errors=0 | sessions: completed=512, cancelled=0 | elapsed=29.44s
2026-09-17 17:30:49.264 - PhaseOrchestrator_6caf5520 - NOTICE - All credits completed
2026-09-17 17:30:49.266 - system_controller - INFO - Received credits complete from 'timing_manager'
2026-09-17 17:30:49.266 - records_manager - INFO - Received CREDIT_PHASE_COMPLETE message, Phase complete: PhaseRecordsStats(phase=CreditPhase.PROFILING, phase_index=1, profiling_index=0, phase_name='profiling', phase_kind='profiling', start_ns=1789666219818740980, sent_end_ns=1789666241235847971, requests_end_ns=1789666249263150237, baseline_start_ns=1789666219818708391, baseline_end_ns=1789666249263186252, total_expected_requests=512, expected_duration_sec=None, expected_num_sessions=None, expected_grace_period_sec=None, final_requests_sent=None, final_requests_completed=512, final_requests_cancelled=0, final_request_errors=0, final_sent_sessions=None, final_completed_sessions=None, final_cancelled_sessions=None, timeout_triggered=False, grace_period_timeout_triggered=False, was_cancelled=False, records_end_ns=None, success_records=511, error_records=0)
2026-09-17 17:30:49.266 - records_manager - NOTICE - All requests have completed, please wait for the results to be processed (currently 511 of 512 records processed)...
2026-09-17 17:30:49.267 - records_manager - INFO - All credits complete, please wait for the results to be processed...
2026-09-17 17:30:49.313 - aiperf.metrics.types.osl_mismatch_metrics - WARNING - OSL mismatch: got 1312 tokens (requested 2048, diff -35.9%)
2026-09-17 17:30:49.322 - records_manager - INFO - Processed 512 valid requests and 0 errors (512 total).
2026-09-17 17:30:49.322 - records_manager - INFO - Received all records, processing now...
2026-09-17 17:30:49.326 - server_metrics_manager - INFO - Server Metrics: Profiling complete, capturing final metrics...
2026-09-17 17:30:49.329 - records_manager - INFO - Waiting 1.9s for server metrics flush period...
2026-09-17 17:30:51.264 - records_manager - INFO - Processing records results...
2026-09-17 17:30:51.831 - system_controller - INFO - Waiting for result domains: server_metrics
2026-09-17 17:30:51.904 - records_manager - INFO - _finalize_and_process_results completed
2026-09-17 17:30:51.913 - system_controller - INFO - All results received, initiating shutdown
2026-09-17 17:30:52.519 - ExporterManager - INFO - Exporting all records
2026-09-17 17:30:52.643 - ExporterManager - INFO - Exporting console data
